test_complete_sample_emits_semantic_digest_without_qualification (test_actionbench_dataset_semantics.SemanticAdmissionTests.test_complete_sample_emits_semantic_digest_without_qualification) ... ok
test_existing_output_is_preserved (test_actionbench_dataset_semantics.SemanticAdmissionTests.test_existing_output_is_preserved) ... ok
test_post_admission_surface_mutation_is_rejected (test_actionbench_dataset_semantics.SemanticAdmissionTests.test_post_admission_surface_mutation_is_rejected) ... ok
test_complete_rgba_png_is_accepted (test_actionbench_dataset_semantics.SemanticHelperTests.test_complete_rgba_png_is_accepted) ... ok
test_improper_camera_rotation_is_rejected (test_actionbench_dataset_semantics.SemanticHelperTests.test_improper_camera_rotation_is_rejected) ... ok
test_integer_surface_tensor_is_rejected (test_actionbench_dataset_semantics.SemanticHelperTests.test_integer_surface_tensor_is_rejected) ... ok
test_non_square_png_is_rejected (test_actionbench_dataset_semantics.SemanticHelperTests.test_non_square_png_is_rejected) ... ok
test_nonpositive_focal_length_is_rejected (test_actionbench_dataset_semantics.SemanticHelperTests.test_nonpositive_focal_length_is_rejected) ... ok
test_png_crc_mismatch_is_rejected (test_actionbench_dataset_semantics.SemanticHelperTests.test_png_crc_mismatch_is_rejected) ... ok
test_required_camera_keys_are_required (test_actionbench_dataset_semantics.SemanticHelperTests.test_required_camera_keys_are_required) ... ok
test_rgb_png_without_alpha_is_rejected (test_actionbench_dataset_semantics.SemanticHelperTests.test_rgb_png_without_alpha_is_rejected) ... ok
test_small_surface_helper_checks_shape_dtype_finite_and_bounds (test_actionbench_dataset_semantics.SemanticHelperTests.test_small_surface_helper_checks_shape_dtype_finite_and_bounds) ... ok
test_surface_nonfinite_is_rejected (test_actionbench_dataset_semantics.SemanticHelperTests.test_surface_nonfinite_is_rejected) ... ok
test_surface_position_bound_is_rejected (test_actionbench_dataset_semantics.SemanticHelperTests.test_surface_position_bound_is_rejected) ... ok
test_truncated_png_is_rejected (test_actionbench_dataset_semantics.SemanticHelperTests.test_truncated_png_is_rejected) ... ok
test_valid_camera_is_accepted (test_actionbench_dataset_semantics.SemanticHelperTests.test_valid_camera_is_accepted) ... ok
test_contract_population_ref_mismatch_is_rejected (test_actionbench_dataset_semantics.SemanticPlanTests.test_contract_population_ref_mismatch_is_rejected) ... ok
test_plan_is_cpu_only_single_attempt_and_binds_admission (test_actionbench_dataset_semantics.SemanticPlanTests.test_plan_is_cpu_only_single_attempt_and_binds_admission) ... ok
test_assessment_rejects_a_weakened_decision_rule (test_actionbench_full_reproduction.FullPopulationReproductionContractTests.test_assessment_rejects_a_weakened_decision_rule) ... ok
test_contract_rejects_paper_values_in_place_of_current_readme_values (test_actionbench_full_reproduction.FullPopulationReproductionContractTests.test_contract_rejects_paper_values_in_place_of_current_readme_values) ... ok
test_contract_requires_the_complete_released_population (test_actionbench_full_reproduction.FullPopulationReproductionContractTests.test_contract_requires_the_complete_released_population) ... ok
test_contract_separates_generation_and_scorer_seeds (test_actionbench_full_reproduction.FullPopulationReproductionContractTests.test_contract_separates_generation_and_scorer_seeds) ... ok
test_one_metric_outside_the_interval_fails_reproduction (test_actionbench_full_reproduction.FullPopulationReproductionContractTests.test_one_metric_outside_the_interval_fails_reproduction) ... ok
test_published_interval_is_the_three_decimal_rounding_bin (test_actionbench_full_reproduction.FullPopulationReproductionContractTests.test_published_interval_is_the_three_decimal_rounding_bin) ... ok
test_reproduction_rejects_a_one_uid_or_success_only_denominator (test_actionbench_full_reproduction.FullPopulationReproductionContractTests.test_reproduction_rejects_a_one_uid_or_success_only_denominator) ... ok
test_reproduction_requires_every_uid_to_succeed (test_actionbench_full_reproduction.FullPopulationReproductionContractTests.test_reproduction_requires_every_uid_to_succeed) ... ok
test_reproduction_uses_all_three_published_rounding_intervals (test_actionbench_full_reproduction.FullPopulationReproductionContractTests.test_reproduction_uses_all_three_published_rounding_intervals) ... ok
test_consumer_sidecar_cannot_revert_the_verified_backend (test_actionbench_parity.OfficialAdapterContractTests.test_consumer_sidecar_cannot_revert_the_verified_backend) ... ok
test_cpu_backward_entry_preserves_all_official_arguments (test_actionbench_parity.OfficialAdapterContractTests.test_cpu_backward_entry_preserves_all_official_arguments) ... ok
test_manifest_preserves_frozen_denominator_and_path (test_actionbench_parity.OfficialAdapterContractTests.test_manifest_preserves_frozen_denominator_and_path) ... ok
test_manifest_rejects_case_escape (test_actionbench_parity.OfficialAdapterContractTests.test_manifest_rejects_case_escape) ... ok
test_manifest_rejects_duplicate_case_id (test_actionbench_parity.OfficialAdapterContractTests.test_manifest_rejects_duplicate_case_id) ... ok
test_official_cpu_rng_patch_is_exact_and_recorded (test_actionbench_parity.OfficialAdapterContractTests.test_official_cpu_rng_patch_is_exact_and_recorded) ... ok
test_official_csv_rejects_failed_row (test_actionbench_parity.OfficialAdapterContractTests.test_official_csv_rejects_failed_row) ... ok
test_official_csv_requires_one_successful_uid (test_actionbench_parity.OfficialAdapterContractTests.test_official_csv_requires_one_successful_uid) ... ok
test_unknown_backend_policy_is_not_admitted (test_actionbench_parity.OfficialAdapterContractTests.test_unknown_backend_policy_is_not_admitted) ... ok
test_unreviewed_cpu_rng_source_is_rejected (test_actionbench_parity.OfficialAdapterContractTests.test_unreviewed_cpu_rng_source_is_rejected) ... ok
test_descriptor_paths_are_relative_to_staged_project (test_actionbench_parity.ParityReadoutTests.test_descriptor_paths_are_relative_to_staged_project) ... ok
test_equivalence_contract_boundary_accepts_no_effect_rules (test_actionbench_parity.ParityReadoutTests.test_equivalence_contract_boundary_accepts_no_effect_rules) ... ok
test_equivalence_contract_cannot_claim_scientific_qualification (test_actionbench_parity.ParityReadoutTests.test_equivalence_contract_cannot_claim_scientific_qualification) ... ok
test_exact_comparison_has_zero_tolerance (test_actionbench_parity.ParityReadoutTests.test_exact_comparison_has_zero_tolerance) ... ok
test_exact_comparison_rejects_small_difference (test_actionbench_parity.ParityReadoutTests.test_exact_comparison_rejects_small_difference) ... ok
test_execution_binding_rejects_changed_command (test_actionbench_parity.ParityReadoutTests.test_execution_binding_rejects_changed_command) ... ok
test_finalization_origin_paths_include_canonical_runtime_records (test_actionbench_parity.ParityReadoutTests.test_finalization_origin_paths_include_canonical_runtime_records) ... ok
test_finalization_raw_absolute_refs_are_hash_bound_and_nonescaping (test_actionbench_parity.ParityReadoutTests.test_finalization_raw_absolute_refs_are_hash_bound_and_nonescaping) ... ok
test_finalization_reference_closure_follows_nested_refs (test_actionbench_parity.ParityReadoutTests.test_finalization_reference_closure_follows_nested_refs) ... ok
test_finalization_reference_closure_rejects_changed_nested_ref (test_actionbench_parity.ParityReadoutTests.test_finalization_reference_closure_rejects_changed_nested_ref) ... ok
test_finalizer_rejects_noncanonical_receipt_path (test_actionbench_parity.ParityReadoutTests.test_finalizer_rejects_noncanonical_receipt_path) ... ok
test_finalizer_rejects_partial_promoted_bundle (test_actionbench_parity.ParityReadoutTests.test_finalizer_rejects_partial_promoted_bundle) ... ok
test_official_provenance_rejects_unbound_adapter_output (test_actionbench_parity.ParityReadoutTests.test_official_provenance_rejects_unbound_adapter_output) ... ok
test_one_case_extracts_only_frozen_metrics (test_actionbench_parity.ParityReadoutTests.test_one_case_extracts_only_frozen_metrics) ... ok
test_one_case_rejects_nonfinite_metric (test_actionbench_parity.ParityReadoutTests.test_one_case_rejects_nonfinite_metric) ... ok
test_one_case_rejects_wrong_denominator (test_actionbench_parity.ParityReadoutTests.test_one_case_rejects_wrong_denominator) ... ok
test_parity_arm_inputs_bind_ordered_reports_and_predictions (test_actionbench_parity.ParityReadoutTests.test_parity_arm_inputs_bind_ordered_reports_and_predictions) ... ok
test_runtime_identity_rejects_different_visible_gpu (test_actionbench_parity.ParityReadoutTests.test_runtime_identity_rejects_different_visible_gpu) ... ok
test_contract_forbids_silent_low_ram_fallback (test_actionbench_unit_manifest.UnitManifestTests.test_contract_forbids_silent_low_ram_fallback) ... ok
test_contract_keeps_generation_and_scoring_seeds_distinct (test_actionbench_unit_manifest.UnitManifestTests.test_contract_keeps_generation_and_scoring_seeds_distinct) ... ok
test_escaping_required_source_path_is_rejected (test_actionbench_unit_manifest.UnitManifestTests.test_escaping_required_source_path_is_rejected) ... ok
test_existing_output_is_preserved (test_actionbench_unit_manifest.UnitManifestTests.test_existing_output_is_preserved) ... ok
test_model_revision_mismatch_is_rejected (test_actionbench_unit_manifest.UnitManifestTests.test_model_revision_mismatch_is_rejected) ... ok
test_mutated_selected_frame_is_rejected (test_actionbench_unit_manifest.UnitManifestTests.test_mutated_selected_frame_is_rejected) ... ok
test_nonprospective_uid_selection_is_rejected (test_actionbench_unit_manifest.UnitManifestTests.test_nonprospective_uid_selection_is_rejected) ... ok
test_original_calibration_contract_cannot_select_second_member (test_actionbench_unit_manifest.UnitManifestTests.test_original_calibration_contract_cannot_select_second_member) ... ok
test_population_contract_admits_exact_second_member (test_actionbench_unit_manifest.UnitManifestTests.test_population_contract_admits_exact_second_member) ... ok
test_population_contract_rejects_index_uid_disagreement (test_actionbench_unit_manifest.UnitManifestTests.test_population_contract_rejects_index_uid_disagreement) ... ok
test_semantic_manifest_mismatch_is_rejected (test_actionbench_unit_manifest.UnitManifestTests.test_semantic_manifest_mismatch_is_rejected) ... ok
test_source_revision_mismatch_is_rejected (test_actionbench_unit_manifest.UnitManifestTests.test_source_revision_mismatch_is_rejected) ... ok
test_untracked_required_source_is_rejected (test_actionbench_unit_manifest.UnitManifestTests.test_untracked_required_source_is_rejected) ... ok
test_valid_manifest_binds_exact_three_arm_unit_without_execution (test_actionbench_unit_manifest.UnitManifestTests.test_valid_manifest_binds_exact_three_arm_unit_without_execution) ... ok
test_all_three_distinct_successful_full_frame_rows_required (test_complete_unit_contract.CompleteUnitContractTests.test_all_three_distinct_successful_full_frame_rows_required) ... ok
test_complete_success_inventory_binds_every_arm_and_raw_official_output (test_complete_unit_contract.CompleteUnitContractTests.test_complete_success_inventory_binds_every_arm_and_raw_official_output) ... ok
test_default_generation_does_not_silently_enable_fallback (test_complete_unit_contract.CompleteUnitContractTests.test_default_generation_does_not_silently_enable_fallback) ... ok
test_explicit_repair_uses_full_quality_fp16_low_ram (test_complete_unit_contract.CompleteUnitContractTests.test_explicit_repair_uses_full_quality_fp16_low_ram) ... ok
test_profile_validation_rejects_silent_or_mixed_repairs (test_complete_unit_contract.CompleteUnitContractTests.test_profile_validation_rejects_silent_or_mixed_repairs) ... ok
test_inverse_official_axis_transform (test_complete_unit_export.CompleteUnitExportTests.test_inverse_official_axis_transform) ... ok
test_preserves_identity_timeline_and_vertices (test_complete_unit_export.CompleteUnitExportTests.test_preserves_identity_timeline_and_vertices) ... ok
test_rejects_invalid_faces (test_complete_unit_export.CompleteUnitExportTests.test_rejects_invalid_faces) ... ok
test_rejects_nonfinite_or_missing_frames (test_complete_unit_export.CompleteUnitExportTests.test_rejects_nonfinite_or_missing_frames) ... ok
test_failed_subprocess_retains_exit_and_logs (test_complete_unit_runner.CompleteUnitRunnerTests.test_failed_subprocess_retains_exit_and_logs) ... ok
test_official_export_requires_all_glbs_and_exact_agreement (test_complete_unit_runner.CompleteUnitRunnerTests.test_official_export_requires_all_glbs_and_exact_agreement) ... ok
test_timeout_retains_typed_failure (test_complete_unit_runner.CompleteUnitRunnerTests.test_timeout_retains_typed_failure) ... ok
test_timeout_terminates_descendant_process (test_complete_unit_runner.CompleteUnitRunnerTests.test_timeout_terminates_descendant_process) ... ok
test_bounded_search_reports_candidate_cap (test_contact_events.ContactEventControls.test_bounded_search_reports_candidate_cap) ... ok
test_demo_has_success_failure_and_no_natural_evidence_claim (test_contact_events.ContactEventControls.test_demo_has_success_failure_and_no_natural_evidence_claim) ... ok
test_event_repair_does_not_claim_advantage_over_same_information_solver (test_contact_events.ContactEventControls.test_event_repair_does_not_claim_advantage_over_same_information_solver) ... ok
test_feasible_timing_error_is_solved_by_retiming_baseline (test_contact_events.ContactEventControls.test_feasible_timing_error_is_solved_by_retiming_baseline) ... ok
test_insert_delete_and_unknown_are_separate_operations (test_contact_events.ContactEventControls.test_insert_delete_and_unknown_are_separate_operations) ... ok
test_invalid_or_nonfinite_inputs_are_rejected (test_contact_events.ContactEventControls.test_invalid_or_nonfinite_inputs_are_rejected) ... ok
test_missing_contact_is_repaired_within_actual_l2_budget (test_contact_events.ContactEventControls.test_missing_contact_is_repaired_within_actual_l2_budget) ... ok
test_partner_and_contact_mode_are_not_interchangeable (test_contact_events.ContactEventControls.test_partner_and_contact_mode_are_not_interchangeable) ... ok
test_retiming_prioritizes_exact_contact_over_smaller_displacement (test_contact_events.ContactEventControls.test_retiming_prioritizes_exact_contact_over_smaller_displacement) ... ok
test_simultaneous_incompatible_contacts_are_infeasible (test_contact_events.ContactEventControls.test_simultaneous_incompatible_contacts_are_infeasible) ... ok
test_strict_monotone_retiming_preserves_event_order (test_contact_events.ContactEventControls.test_strict_monotone_retiming_preserves_event_order) ... ok
test_unknown_observation_does_not_become_noncontact (test_contact_events.ContactEventControls.test_unknown_observation_does_not_become_noncontact) ... ok
test_contact_module_is_implemented (test_contact_events.ImplementationExists.test_contact_module_is_implemented) ... ok
test_acceptance_source_closure_includes_parity_finalizer (test_control_plan.ControlPlanTest.test_acceptance_source_closure_includes_parity_finalizer) ... ok
test_changed_source_report_blocks_plan (test_control_plan.ControlPlanTest.test_changed_source_report_blocks_plan) ... ok
test_plan_output_cannot_overwrite_existing_work (test_control_plan.ControlPlanTest.test_plan_output_cannot_overwrite_existing_work) ... ok
test_plan_pins_both_source_files_and_cpu_only_resources (test_control_plan.ControlPlanTest.test_plan_pins_both_source_files_and_cpu_only_resources) ... ok
test_source_outside_project_rejected (test_control_plan.ControlPlanTest.test_source_outside_project_rejected) ... ok
test_anchor_change_rejected (test_control_scoring.ControlScoringContracts.test_anchor_change_rejected) ... ok
test_arm_ids_cannot_be_counted_as_assets (test_control_scoring.ControlScoringContracts.test_arm_ids_cannot_be_counted_as_assets) ... ok
test_boolean_metric_is_rejected (test_control_scoring.ControlScoringContracts.test_boolean_metric_is_rejected) ... ok
test_bound_native_output_is_only_a_parser_acceptance (test_control_scoring.ControlScoringContracts.test_bound_native_output_is_only_a_parser_acceptance) ... ok
test_bundle_excludes_ground_truth_but_keeps_all_raw_arms (test_control_scoring.ControlScoringContracts.test_bundle_excludes_ground_truth_but_keeps_all_raw_arms) ... ok
test_command_runs_existing_scorer_with_full_native_options (test_control_scoring.ControlScoringContracts.test_command_runs_existing_scorer_with_full_native_options) ... ok
test_complete_dependency_inventory_is_accepted_as_inventory_only (test_control_scoring.ControlScoringContracts.test_complete_dependency_inventory_is_accepted_as_inventory_only) ... ok
test_deltas_are_control_minus_native (test_control_scoring.ControlScoringContracts.test_deltas_are_control_minus_native) ... ok
test_different_contract_sampling_is_rejected_before_dispatch (test_control_scoring.ControlScoringContracts.test_different_contract_sampling_is_rejected_before_dispatch) ... ok
test_error_twice_is_not_successful_replay (test_control_scoring.ControlScoringContracts.test_error_twice_is_not_successful_replay) ... ok
test_exact_full_timeline_and_topology_accepted (test_control_scoring.ControlScoringContracts.test_exact_full_timeline_and_topology_accepted) ... ok
test_extra_native_array_change_rejected (test_control_scoring.ControlScoringContracts.test_extra_native_array_change_rejected) ... ok
test_fractional_frame_indices_rejected (test_control_scoring.ControlScoringContracts.test_fractional_frame_indices_rejected) ... ok
test_initial_record_keeps_all_six_unattempted_passes (test_control_scoring.ControlScoringContracts.test_initial_record_keeps_all_six_unattempted_passes) ... ok
test_input_bundle_is_available_before_scoring (test_control_scoring.ControlScoringContracts.test_input_bundle_is_available_before_scoring) ... ok
test_manifest_extra_arm_is_rejected (test_control_scoring.ControlScoringContracts.test_manifest_extra_arm_is_rejected) ... ok
test_metadata_drop_rejected (test_control_scoring.ControlScoringContracts.test_metadata_drop_rejected) ... ok
test_missing_arm_retains_declared_denominator (test_control_scoring.ControlScoringContracts.test_missing_arm_retains_declared_denominator) ... ok
test_missing_body_pose_dependency_is_rejected (test_control_scoring.ControlScoringContracts.test_missing_body_pose_dependency_is_rejected) ... ok
test_missing_input_is_retained_as_transport_failure (test_control_scoring.ControlScoringContracts.test_missing_input_is_retained_as_transport_failure) ... ok
test_missing_source_report_dependency_is_rejected (test_control_scoring.ControlScoringContracts.test_missing_source_report_dependency_is_rejected) ... ok
test_missing_summary_dependency_is_rejected (test_control_scoring.ControlScoringContracts.test_missing_summary_dependency_is_rejected) ... ok
test_native_backend_error_remains_an_error_with_declared_asset (test_control_scoring.ControlScoringContracts.test_native_backend_error_remains_an_error_with_declared_asset) ... ok
test_negative_score_cannot_be_a_successful_pair (test_control_scoring.ControlScoringContracts.test_negative_score_cannot_be_a_successful_pair) ... ok
test_nonescaping_symlink_refs_bind_canonical_scorer_paths (test_control_scoring.ControlScoringContracts.test_nonescaping_symlink_refs_bind_canonical_scorer_paths) ... ok
test_nonfinite_success_is_not_a_complete_pair (test_control_scoring.ControlScoringContracts.test_nonfinite_success_is_not_a_complete_pair) ... ok
test_pass_records_do_not_alias_other_arms (test_control_scoring.ControlScoringContracts.test_pass_records_do_not_alias_other_arms) ... ok
test_raw_output_changed_evaluator_hash_is_rejected (test_control_scoring.ControlScoringContracts.test_raw_output_changed_evaluator_hash_is_rejected) ... ok
test_raw_output_changed_gt_hash_is_rejected (test_control_scoring.ControlScoringContracts.test_raw_output_changed_gt_hash_is_rejected) ... ok
test_raw_output_changed_manifest_hash_is_rejected (test_control_scoring.ControlScoringContracts.test_raw_output_changed_manifest_hash_is_rejected) ... ok
test_raw_output_changed_official_source_hash_is_rejected (test_control_scoring.ControlScoringContracts.test_raw_output_changed_official_source_hash_is_rejected) ... ok
test_raw_output_changed_sampling_is_rejected (test_control_scoring.ControlScoringContracts.test_raw_output_changed_sampling_is_rejected) ... ok
test_raw_output_changed_sequence_hash_is_rejected (test_control_scoring.ControlScoringContracts.test_raw_output_changed_sequence_hash_is_rejected) ... ok
test_raw_output_failed_preparation_cannot_score_as_success (test_control_scoring.ControlScoringContracts.test_raw_output_failed_preparation_cannot_score_as_success) ... ok
test_raw_output_invalid_metric_cannot_be_success (test_control_scoring.ControlScoringContracts.test_raw_output_invalid_metric_cannot_be_success) ... ok
test_raw_output_missing_generator_report_is_rejected_for_success (test_control_scoring.ControlScoringContracts.test_raw_output_missing_generator_report_is_rejected_for_success) ... ok
test_raw_output_missing_official_source_is_rejected_for_success (test_control_scoring.ControlScoringContracts.test_raw_output_missing_official_source_is_rejected_for_success) ... ok
test_raw_output_nonzero_success_exit_is_rejected (test_control_scoring.ControlScoringContracts.test_raw_output_nonzero_success_exit_is_rejected) ... ok
test_raw_output_structural_and_path_mismatches_are_rejected (test_control_scoring.ControlScoringContracts.test_raw_output_structural_and_path_mismatches_are_rejected) ... ok
test_raw_output_wrong_device_is_rejected (test_control_scoring.ControlScoringContracts.test_raw_output_wrong_device_is_rejected) ... ok
test_raw_output_wrong_sampling_seed_is_rejected (test_control_scoring.ControlScoringContracts.test_raw_output_wrong_sampling_seed_is_rejected) ... ok
test_raw_output_wrong_uid_is_rejected_even_with_right_case_id (test_control_scoring.ControlScoringContracts.test_raw_output_wrong_uid_is_rejected_even_with_right_case_id) ... ok
test_ref_rejects_absolute_path (test_control_scoring.ControlScoringContracts.test_ref_rejects_absolute_path) ... ok
test_ref_rejects_changed_bytes (test_control_scoring.ControlScoringContracts.test_ref_rejects_changed_bytes) ... ok
test_ref_rejects_path_escape (test_control_scoring.ControlScoringContracts.test_ref_rejects_path_escape) ... ok
test_replay_disagreement_is_not_widened_into_a_pass (test_control_scoring.ControlScoringContracts.test_replay_disagreement_is_not_widened_into_a_pass) ... ok
test_sparse_contract_budget_is_rejected (test_control_scoring.ControlScoringContracts.test_sparse_contract_budget_is_rejected) ... ok
test_successful_identical_replay_has_no_scientific_gate_effect (test_control_scoring.ControlScoringContracts.test_successful_identical_replay_has_no_scientific_gate_effect) ... ok
test_telemetry_requires_physical_device_uuid (test_control_scoring.ControlScoringContracts.test_telemetry_requires_physical_device_uuid) ... ok
test_three_arm_manifest_requires_exact_case_mapping (test_control_scoring.ControlScoringContracts.test_three_arm_manifest_requires_exact_case_mapping) ... ok
test_topology_change_rejected (test_control_scoring.ControlScoringContracts.test_topology_change_rejected) ... ok
test_constructed_demo_explicitly_allows_output_baseline_to_win (test_controllability.ControllabilityTests.test_constructed_demo_explicitly_allows_output_baseline_to_win) ... ok
test_contract_only_projector_can_leave_model_tangent (test_controllability.ControllabilityTests.test_contract_only_projector_can_leave_model_tangent) ... ok
test_contract_orthogonality_roundoff_does_not_destroy_nullspace (test_controllability.ControllabilityTests.test_contract_orthogonality_roundoff_does_not_destroy_nullspace) ... ok
test_full_spd_edit_metric_changes_optimum (test_controllability.ControllabilityTests.test_full_spd_edit_metric_changes_optimum) ... ok
test_invalid_metrics_shapes_and_nonfinite_inputs_fail (test_controllability.ControllabilityTests.test_invalid_metrics_shapes_and_nonfinite_inputs_fail) ... ok
test_invertible_latent_reparameterization (test_controllability.ControllabilityTests.test_invertible_latent_reparameterization) ... ok
test_metric_projection_and_first_order_preservation (test_controllability.ControllabilityTests.test_metric_projection_and_first_order_preservation) ... ok
test_nested_gap_and_false_nesting_refusal (test_controllability.ControllabilityTests.test_nested_gap_and_false_nesting_refusal) ... ok
test_nonlinear_acceptance_backtracks_and_does_not_hide_rejection (test_controllability.ControllabilityTests.test_nonlinear_acceptance_backtracks_and_does_not_hide_rejection) ... ok
test_nullspace_rank_deficient_and_empty (test_controllability.ControllabilityTests.test_nullspace_rank_deficient_and_empty) ... ok
test_output_coordinates_and_metric_transform_together (test_controllability.ControllabilityTests.test_output_coordinates_and_metric_transform_together) ... ok
test_trust_solve_is_not_clipped_unbounded_solution (test_controllability.ControllabilityTests.test_trust_solve_is_not_clipped_unbounded_solution) ... ok
test_unbounded_reachability_does_not_imply_bounded_success (test_controllability.ControllabilityTests.test_unbounded_reachability_does_not_imply_bounded_success) ... ok
test_unreachable_rank_deficient_and_no_direction (test_controllability.ControllabilityTests.test_unreachable_rank_deficient_and_no_direction) ... ok
test_zero_radius_and_zero_target_are_not_nan_scores (test_controllability.ControllabilityTests.test_zero_radius_and_zero_target_are_not_nan_scores) ... ok
test_any_observed_group_worsening_rejects_step_and_preserves_zero (test_correlated.CorrectionTests.test_any_observed_group_worsening_rejects_step_and_preserves_zero) ... ok
test_backtracking_honors_group_caps_and_trust_radius (test_correlated.CorrectionTests.test_backtracking_honors_group_caps_and_trust_radius) ... ok
test_bad_caps_nonfinite_jacobian_and_uncovered_groups_rejected (test_correlated.CorrectionTests.test_bad_caps_nonfinite_jacobian_and_uncovered_groups_rejected) ... ok
test_declared_budget_changes_precision_without_estimating_from_targets (test_correlated.CorrectionTests.test_declared_budget_changes_precision_without_estimating_from_targets) ... ok
test_seeded_benchmark_preserves_all_baselines_and_negative_controls (test_correlated.CorrectionTests.test_seeded_benchmark_preserves_all_baselines_and_negative_controls) ... ok
test_zero_residual_control_remains_exactly_unchanged (test_correlated.CorrectionTests.test_zero_residual_control_remains_exactly_unchanged) ... ok
test_bad_covariance_inputs_are_rejected (test_correlated.CovarianceTests.test_bad_covariance_inputs_are_rejected) ... ok
test_repeated_shared_bias_precision_saturates (test_correlated.CovarianceTests.test_repeated_shared_bias_precision_saturates) ... ok
test_woodbury_matches_dense_inverse_for_vectors_and_matrices (test_correlated.CovarianceTests.test_woodbury_matches_dense_inverse_for_vectors_and_matrices) ... ok
test_byte_limit_rejects_capture_before_forward (test_decoder_observer.DecoderObserverTests.test_byte_limit_rejects_capture_before_forward) ... ok
test_capture_is_bit_exact_nonmutating_and_preserves_rng (test_decoder_observer.DecoderObserverTests.test_capture_is_bit_exact_nonmutating_and_preserves_rng) ... ok
test_existing_output_is_preserved_and_tampering_rejected (test_decoder_observer.DecoderObserverTests.test_existing_output_is_preserved_and_tampering_rejected) ... ok
test_forward_failure_keeps_inputs_and_detaches_hooks (test_decoder_observer.DecoderObserverTests.test_forward_failure_keeps_inputs_and_detaches_hooks) ... ok
test_positional_inputs_and_bfloat16_roundtrip (test_decoder_observer.DecoderObserverTests.test_positional_inputs_and_bfloat16_roundtrip) ... ok
test_contract_preserves_middle_frame_and_edit_targets_late_frame (test_native_probe.NativeProbeTests.test_contract_preserves_middle_frame_and_edit_targets_late_frame) ... ok
test_native_source_hash_mismatch_rejected (test_native_probe.NativeProbeTests.test_native_source_hash_mismatch_rejected) ... ok
test_nonfinite_or_degenerate_controls_rejected (test_native_probe.NativeProbeTests.test_nonfinite_or_degenerate_controls_rejected) ... ok
test_query_controls_keep_normals_unchanged (test_native_probe.NativeProbeTests.test_query_controls_keep_normals_unchanged) ... ok
test_capture_binds_lock_bytes_at_the_final_project_relative_path (test_native_runtime.RuntimeTests.test_capture_binds_lock_bytes_at_the_final_project_relative_path) ... ok
test_capture_records_venv_and_base_conda_prefixes (test_native_runtime.RuntimeTests.test_capture_records_venv_and_base_conda_prefixes) ... ok
test_conda_capture_excludes_urls_channels_and_credentials (test_native_runtime.RuntimeTests.test_conda_capture_excludes_urls_channels_and_credentials) ... ok
test_conflicting_distribution_versions_are_rejected (test_native_runtime.RuntimeTests.test_conflicting_distribution_versions_are_rejected) ... ok
test_escaping_output_directory_is_rejected_before_write (test_native_runtime.RuntimeTests.test_escaping_output_directory_is_rejected_before_write) ... ok
test_existing_capture_is_preserved (test_native_runtime.RuntimeTests.test_existing_capture_is_preserved) ... ok
test_missing_required_package_cannot_emit_ready_runtime (test_native_runtime.RuntimeTests.test_missing_required_package_cannot_emit_ready_runtime) ... ok
test_multiple_or_missing_gpu_identity_is_rejected_before_write (test_native_runtime.RuntimeTests.test_multiple_or_missing_gpu_identity_is_rejected_before_write) ... ok
test_nonconda_interpreter_is_rejected (test_native_runtime.RuntimeTests.test_nonconda_interpreter_is_rejected) ... ok
test_system_site_overlay_uses_active_venv_package_and_base_conda_records (test_native_runtime.RuntimeTests.test_system_site_overlay_uses_active_venv_package_and_base_conda_records) ... ok
test_contiguous_window_and_last_partial_window (test_population_window.PopulationWindowTests.test_contiguous_window_and_last_partial_window) ... ok
test_rejects_overbudget_and_invalid_windows (test_population_window.PopulationWindowTests.test_rejects_overbudget_and_invalid_windows) ... ok
test_coupled_metric_pins_and_action_constraint_share_full_objective (test_protected_projection.ProtectedProjectionTests.test_coupled_metric_pins_and_action_constraint_share_full_objective) ... ok
test_coupled_metric_pins_minimize_full_distance (test_protected_projection.ProtectedProjectionTests.test_coupled_metric_pins_minimize_full_distance) ... ok
test_pinned_coordinates_are_zero_and_never_reintroduced (test_protected_projection.ProtectedProjectionTests.test_pinned_coordinates_are_zero_and_never_reintroduced) ... ok
test_redundant_constraints_use_a_stable_pseudoinverse (test_protected_projection.ProtectedProjectionTests.test_redundant_constraints_use_a_stable_pseudoinverse) ... ok
test_removes_the_component_seen_by_an_action_constraint (test_protected_projection.ProtectedProjectionTests.test_removes_the_component_seen_by_an_action_constraint) ... ok
test_weighted_projection_satisfies_constraint_and_minimizes_change (test_protected_projection.ProtectedProjectionTests.test_weighted_projection_satisfies_constraint_and_minimizes_change) ... ok
test_ambiguous_reflection_pose_is_rejected (test_simple_mesh_controls.SimpleMeshControlsTest.test_ambiguous_reflection_pose_is_rejected) ... ok
test_body_smoothing_is_equivariant_to_global_translation (test_simple_mesh_controls.SimpleMeshControlsTest.test_body_smoothing_is_equivariant_to_global_translation) ... ok
test_body_smoothing_preserves_time_varying_rigid_motion (test_simple_mesh_controls.SimpleMeshControlsTest.test_body_smoothing_preserves_time_varying_rigid_motion) ... ok
test_body_smoothing_removes_nonrigid_jitter (test_simple_mesh_controls.SimpleMeshControlsTest.test_body_smoothing_removes_nonrigid_jitter) ... ok
test_collinear_pose_is_rejected_instead_of_arbitrary_rotation (test_simple_mesh_controls.SimpleMeshControlsTest.test_collinear_pose_is_rejected_instead_of_arbitrary_rotation) ... ok
test_existing_evaluator_keeps_failed_arm_in_declared_inventory (test_simple_mesh_controls.SimpleMeshControlsTest.test_existing_evaluator_keeps_failed_arm_in_declared_inventory) ... ok
test_export_preserves_native_arrays_and_reports_full_inventory (test_simple_mesh_controls.SimpleMeshControlsTest.test_export_preserves_native_arrays_and_reports_full_inventory) ... ok
test_failed_body_arm_stays_in_manifest_and_prevents_completion (test_simple_mesh_controls.SimpleMeshControlsTest.test_failed_body_arm_stays_in_manifest_and_prevents_completion) ... ok
test_finite_extreme_input_cannot_emit_nonfinite_world_control (test_simple_mesh_controls.SimpleMeshControlsTest.test_finite_extreme_input_cannot_emit_nonfinite_world_control) ... ok
test_gaussian_boundary_renormalizes_without_wrapping (test_simple_mesh_controls.SimpleMeshControlsTest.test_gaussian_boundary_renormalizes_without_wrapping) ... ok
test_invalid_parameters_or_nonfinite_vertices_rejected (test_simple_mesh_controls.SimpleMeshControlsTest.test_invalid_parameters_or_nonfinite_vertices_rejected) ... ok
test_noninteger_identity_metadata_rejected_before_outputs (test_simple_mesh_controls.SimpleMeshControlsTest.test_noninteger_identity_metadata_rejected_before_outputs) ... ok
test_source_sequence_cli_works_from_a_staged_file_path (test_simple_mesh_controls.SimpleMeshControlsTest.test_source_sequence_cli_works_from_a_staged_file_path) ... ok
test_stale_source_hash_rejected_before_creating_outputs (test_simple_mesh_controls.SimpleMeshControlsTest.test_stale_source_hash_rejected_before_creating_outputs) ... ok
test_world_smoothing_damps_isolated_displacement_and_pins_anchor (test_simple_mesh_controls.SimpleMeshControlsTest.test_world_smoothing_damps_isolated_displacement_and_pins_anchor) ... ok
test_additional_dataset_uid_is_rejected (test_snapshot_admission.SnapshotAdmissionTests.test_additional_dataset_uid_is_rejected) ... ok
test_complete_exact_revision_snapshots_emit_closed_manifest (test_snapshot_admission.SnapshotAdmissionTests.test_complete_exact_revision_snapshots_emit_closed_manifest) ... ok
test_dirty_or_wrong_git_source_is_rejected (test_snapshot_admission.SnapshotAdmissionTests.test_dirty_or_wrong_git_source_is_rejected) ... ok
test_downloaded_html_error_is_rejected (test_snapshot_admission.SnapshotAdmissionTests.test_downloaded_html_error_is_rejected) ... ok
test_empty_snapshot_is_rejected (test_snapshot_admission.SnapshotAdmissionTests.test_empty_snapshot_is_rejected) ... ok
test_existing_output_is_preserved (test_snapshot_admission.SnapshotAdmissionTests.test_existing_output_is_preserved) ... ok
test_file_hashes_and_aggregate_are_content_bound (test_snapshot_admission.SnapshotAdmissionTests.test_file_hashes_and_aggregate_are_content_bound) ... ok
test_lfs_pointer_is_rejected_instead_of_hashed_as_model (test_snapshot_admission.SnapshotAdmissionTests.test_lfs_pointer_is_rejected_instead_of_hashed_as_model) ... ok
test_missing_dataset_frame_is_rejected (test_snapshot_admission.SnapshotAdmissionTests.test_missing_dataset_frame_is_rejected) ... ok
test_missing_hub_metadata_is_rejected (test_snapshot_admission.SnapshotAdmissionTests.test_missing_hub_metadata_is_rejected) ... ok
test_nested_metadata_parent_symlink_is_rejected (test_snapshot_admission.SnapshotAdmissionTests.test_nested_metadata_parent_symlink_is_rejected) ... ok
test_submodule_mismatch_is_rejected (test_snapshot_admission.SnapshotAdmissionTests.test_submodule_mismatch_is_rejected) ... ok
test_symlink_is_rejected_even_when_target_stays_inside_root (test_snapshot_admission.SnapshotAdmissionTests.test_symlink_is_rejected_even_when_target_stays_inside_root) ... ok
test_wrong_hub_revision_metadata_is_rejected (test_snapshot_admission.SnapshotAdmissionTests.test_wrong_hub_revision_metadata_is_rejected) ... ok
test_existing_plan_directory_is_preserved (test_snapshot_admission.SnapshotPlanTests.test_existing_plan_directory_is_preserved) ... ok
test_missing_snapshot_root_is_rejected_before_plan_write (test_snapshot_admission.SnapshotPlanTests.test_missing_snapshot_root_is_rejected_before_plan_write) ... ok
test_plan_binds_the_exact_population_file (test_snapshot_admission.SnapshotPlanTests.test_plan_binds_the_exact_population_file) ... ok
test_plan_is_single_attempt_cpu_only_and_runs_only_admission (test_snapshot_admission.SnapshotPlanTests.test_plan_is_single_attempt_cpu_only_and_runs_only_admission) ... ok
test_plan_output_inventory_comes_from_frozen_manifest_uid (test_unit_resources_plan.UnitResourcesPlanTests.test_plan_output_inventory_comes_from_frozen_manifest_uid) ... ok
test_resource_capture_records_process_ram_and_output_disk (test_unit_resources_plan.UnitResourcesPlanTests.test_resource_capture_records_process_ram_and_output_disk) ... ok
test_unexecuted_admissions_do_not_allow_plan (test_unit_resources_plan.UnitResourcesPlanTests.test_unexecuted_admissions_do_not_allow_plan) ... ok

----------------------------------------------------------------------
Ran 238 tests in 3.728s

OK
