2026-10-01 14:34:22,662 - __main__ - INFO - Low RAM mode enabled.
/root/rivermind-data/actionmesh-repro/repo/actionmesh/utils.py:56: Hydra14MigrationWarning: 
version_base="1.1" selects Hydra 1.1 compatibility behavior.
Hydra 1.4 will remove this compatibility behavior.
Before upgrading to Hydra 1.4, set version_base="1.3" and test your application.
See https://hydra.cc/docs/upgrades/1.3_to_1.4/prepare_for_1_4/ for preparation instructions.
  with initialize_config_dir(
/root/rivermind-data/actionmesh-repro/inference-env/lib/python3.12/site-packages/hydra/_internal/defaults_list.py:251: UserWarning: In 'actionmesh_lowram.yaml': Defaults list is missing `_self_`. See https://hydra.cc/docs/1.2/upgrades/1.0_to_1.1/default_composition_order for more information
  warnings.warn(msg, UserWarning)
2026-10-01 14:34:22,773 - actionmesh.pipeline - INFO - Downloading external models if missing...
2026-10-01 14:34:22,773 - actionmesh.pipeline - INFO - Downloading external models if missing... Done
2026-10-01 14:34:22,836 - actionmesh.io.video_input - INFO - Loaded 16 frames from video: /root/rivermind-data/actionmesh-repro/outputs/input-modes-20261001/inputs/panda.mp4
2026-10-01 14:34:22,923 - actionmesh.pipeline - INFO - Loading background removal model from disk...
/root/rivermind-data/actionmesh-repro/repo/actionmesh/preprocessing/background_removal.py:35: FutureWarning: Parameter `min_size` is deprecated since version 0.26.0 and will be removed in 2.0.0 (or later). To avoid this warning, please use the parameter `max_size` instead. For more details, see the documentation of `remove_small_objects`. Note that the new threshold removes objects smaller than **or equal to** its value, while the previous parameter only removed smaller ones.
  cleaned_mask = remove_small_objects(labeled_mask, min_size=min_size)
/root/rivermind-data/actionmesh-repro/inference-env/lib/python3.12/site-packages/skimage/_shared/utils.py:386: UserWarning: Only one label was provided to `remove_small_objects`. Did you mean to use a boolean array?
  return func(*args, **kwargs)
2026-10-01 14:34:25,400 - actionmesh.pipeline_with_3d - INFO - Loading VAE (TripoSG) model from disk...
The config attributes {'embed_frequency': 8, 'embed_include_pi': False, 'embedding_type': 'frequency', 'in_channels': 3, 'latent_channels': 64, 'num_attention_heads': 8, 'num_layers_decoder': 16, 'num_layers_encoder': 8, 'width_decoder': 1024, 'width_encoder': 512} were passed to TripoSGVAE, but are not expected and will be ignored. Please verify your config.json configuration file.
Traceback (most recent call last):
  File "/root/rivermind-data/actionmesh-repro/test_input_modes.py", line 138, in <module>
    main()
  File "/root/rivermind-data/actionmesh-repro/test_input_modes.py", line 106, in main
    child(args.child)
  File "/root/rivermind-data/actionmesh-repro/test_input_modes.py", line 77, in child
    runpy.run_path(str(script), run_name='__main__')
  File "<frozen runpy>", line 287, in run_path
  File "<frozen runpy>", line 98, in _run_module_code
  File "<frozen runpy>", line 88, in _run_code
  File "/root/rivermind-data/actionmesh-repro/repo/inference/video_and_3d_to_animated_mesh.py", line 268, in <module>
    run_actionmesh(
  File "/opt/conda/lib/python3.12/site-packages/torch/utils/_contextlib.py", line 124, in decorate_context
    return func(*args, **kwargs)
           ^^^^^^^^^^^^^^^^^^^^^
  File "/root/rivermind-data/actionmesh-repro/repo/inference/video_and_3d_to_animated_mesh.py", line 88, in run_actionmesh
    meshes = pipeline(
             ^^^^^^^^^
  File "/root/rivermind-data/actionmesh-repro/repo/actionmesh/pipeline_with_3d.py", line 192, in __call__
    self._load_vae()
  File "/root/rivermind-data/actionmesh-repro/repo/actionmesh/pipeline_with_3d.py", line 46, in _load_vae
    self.vae = TripoSGVAE.from_pretrained(
               ^^^^^^^^^^^^^^^^^^^^^^^^^^^
  File "/root/rivermind-data/actionmesh-repro/inference-env/lib/python3.12/site-packages/huggingface_hub/utils/_validators.py", line 114, in _inner_fn
    return fn(*args, **kwargs)
           ^^^^^^^^^^^^^^^^^^^
  File "/root/rivermind-data/actionmesh-repro/inference-env/lib/python3.12/site-packages/diffusers/models/modeling_utils.py", line 1333, in from_pretrained
    model = cls.from_config(config, **unused_kwargs)
            ^^^^^^^^^^^^^^^^^^^^^^^^^^^^^^^^^^^^^^^^
  File "/root/rivermind-data/actionmesh-repro/inference-env/lib/python3.12/site-packages/diffusers/configuration_utils.py", line 297, in from_config
    model = cls(**init_dict)
            ^^^^^^^^^^^^^^^^
  File "/root/rivermind-data/actionmesh-repro/repo/actionmesh/external/triposg.py", line 108, in __init__
    raise ImportError(
ImportError: pytorch3d is required for TripoSGVAE but is not installed. 
