verify_cached_source
load_frozen_temporal_decoder
Loading weights from local directory
native_decoder_parity
native_cycle_compositions
load_frozen_temporal_denoiser
Loading weights from local directory
native_guidance_two_steps_scalar
denoiser_scalar_branch_1
denoiser_scalar_branch_2
denoiser_scalar_branch_3
denoiser_scalar_branch_4
denoiser_scalar_branch_5
denoiser_scalar_branch_6
native_guidance_two_steps_projection
denoiser_projection_branch_1
denoiser_projection_branch_2
denoiser_projection_branch_3
denoiser_projection_branch_4
denoiser_projection_branch_5
denoiser_projection_branch_6
