Fetching 6 files:   0%|          | 0/6 [00:00<?, ?it/s]Fetching 6 files:  83%|████████▎ | 5/6 [00:33<00:06,  6.78s/it]
Traceback (most recent call last):
  File "/root/rivermind-data/4d-asset-tools-env/bin/hf", line 8, in <module>
    sys.exit(main())
             ^^^^^^
  File "/root/rivermind-data/4d-asset-tools-env/lib/python3.12/site-packages/huggingface_hub/cli/hf.py", line 167, in main
    app(windows_expand_args=False)
  File "/root/rivermind-data/4d-asset-tools-env/lib/python3.12/site-packages/click/core.py", line 1631, in __call__
    return self.main(*args, **kwargs)
           ^^^^^^^^^^^^^^^^^^^^^^^^^^
  File "/root/rivermind-data/4d-asset-tools-env/lib/python3.12/site-packages/click/core.py", line 1552, in main
    rv = self.invoke(ctx)
         ^^^^^^^^^^^^^^^^
  File "/root/rivermind-data/4d-asset-tools-env/lib/python3.12/site-packages/huggingface_hub/cli/_cli_utils.py", line 132, in invoke
    return super().invoke(ctx)
           ^^^^^^^^^^^^^^^^^^^
  File "/root/rivermind-data/4d-asset-tools-env/lib/python3.12/site-packages/click/core.py", line 2032, in invoke
    return _process_result(sub_ctx.command.invoke(sub_ctx))
                           ^^^^^^^^^^^^^^^^^^^^^^^^^^^^^^^
  File "/root/rivermind-data/4d-asset-tools-env/lib/python3.12/site-packages/click/core.py", line 1415, in invoke
    return ctx.invoke(self.callback, **ctx.params)
           ^^^^^^^^^^^^^^^^^^^^^^^^^^^^^^^^^^^^^^^
  File "/root/rivermind-data/4d-asset-tools-env/lib/python3.12/site-packages/click/core.py", line 910, in invoke
    return callback(*args, **kwargs)
           ^^^^^^^^^^^^^^^^^^^^^^^^^
  File "/root/rivermind-data/4d-asset-tools-env/lib/python3.12/site-packages/huggingface_hub/cli/_framework.py", line 365, in handler
    return func(**call_kwargs)
           ^^^^^^^^^^^^^^^^^^^
  File "/root/rivermind-data/4d-asset-tools-env/lib/python3.12/site-packages/huggingface_hub/cli/download.py", line 228, in download
    _print_result(run_download())
                  ^^^^^^^^^^^^^^
  File "/root/rivermind-data/4d-asset-tools-env/lib/python3.12/site-packages/huggingface_hub/cli/download.py", line 187, in run_download
    return snapshot_download(
           ^^^^^^^^^^^^^^^^^^
  File "/root/rivermind-data/4d-asset-tools-env/lib/python3.12/site-packages/huggingface_hub/utils/_validators.py", line 89, in _inner_fn
    return fn(*args, **kwargs)
           ^^^^^^^^^^^^^^^^^^^
  File "/root/rivermind-data/4d-asset-tools-env/lib/python3.12/site-packages/huggingface_hub/utils/_http.py", line 276, in _inner
    return fn(*args, **kwargs)
           ^^^^^^^^^^^^^^^^^^^
  File "/root/rivermind-data/4d-asset-tools-env/lib/python3.12/site-packages/huggingface_hub/_snapshot_download.py", line 541, in snapshot_download
    hf_thread_map(
  File "/root/rivermind-data/4d-asset-tools-env/lib/python3.12/site-packages/huggingface_hub/utils/tqdm.py", line 441, in hf_thread_map
    results[future_to_index[future]] = future.result()
                                       ^^^^^^^^^^^^^^^
  File "/opt/conda/lib/python3.12/concurrent/futures/_base.py", line 449, in result
    return self.__get_result()
           ^^^^^^^^^^^^^^^^^^^
  File "/opt/conda/lib/python3.12/concurrent/futures/_base.py", line 401, in __get_result
    raise self._exception
  File "/opt/conda/lib/python3.12/concurrent/futures/thread.py", line 59, in run
    result = self.fn(*self.args, **self.kwargs)
             ^^^^^^^^^^^^^^^^^^^^^^^^^^^^^^^^^^
  File "/root/rivermind-data/4d-asset-tools-env/lib/python3.12/site-packages/huggingface_hub/_snapshot_download.py", line 521, in _inner_hf_hub_download
    hf_hub_download(  # type: ignore
  File "/root/rivermind-data/4d-asset-tools-env/lib/python3.12/site-packages/huggingface_hub/utils/_validators.py", line 89, in _inner_fn
    return fn(*args, **kwargs)
           ^^^^^^^^^^^^^^^^^^^
  File "/root/rivermind-data/4d-asset-tools-env/lib/python3.12/site-packages/huggingface_hub/utils/_http.py", line 276, in _inner
    return fn(*args, **kwargs)
           ^^^^^^^^^^^^^^^^^^^
  File "/root/rivermind-data/4d-asset-tools-env/lib/python3.12/site-packages/huggingface_hub/file_download.py", line 1026, in hf_hub_download
    return _hf_hub_download_to_local_dir(
           ^^^^^^^^^^^^^^^^^^^^^^^^^^^^^^
  File "/root/rivermind-data/4d-asset-tools-env/lib/python3.12/site-packages/huggingface_hub/file_download.py", line 1505, in _hf_hub_download_to_local_dir
    _download_to_tmp_and_move(
  File "/root/rivermind-data/4d-asset-tools-env/lib/python3.12/site-packages/huggingface_hub/file_download.py", line 2016, in _download_to_tmp_and_move
    xet_get(
  File "/root/rivermind-data/4d-asset-tools-env/lib/python3.12/site-packages/huggingface_hub/file_download.py", line 589, in xet_get
    with session.new_file_download_group(
         ^^^^^^^^^^^^^^^^^^^^^^^^^^^^^^^^
RuntimeError: Task error: File reconstruction error: CAS Client Error: Request error: HTTP status client error (401 Unauthorized), domain: [remote URL redacted]
