2026-10-07 15:47:20,554 - INFO - Found 128 GT, 1 pred, 1 common
2026-10-07 15:47:20,554 - WARNING - Missing predictions: 127

Evaluating samples:   0%|          | 0/1 [00:00<?, ?it/s]

ICP per-frame:   0%|          | 0/16 [00:00<?, ?it/s][A

ICP per-frame:   6%|▋         | 1/16 [00:07<01:52,  7.47s/it][A

ICP per-frame:  12%|█▎        | 2/16 [00:14<01:42,  7.30s/it][A

ICP per-frame:  19%|█▉        | 3/16 [00:22<01:36,  7.43s/it][A

ICP per-frame:  25%|██▌       | 4/16 [00:29<01:29,  7.48s/it][A

ICP per-frame:  31%|███▏      | 5/16 [00:37<01:23,  7.61s/it][A

ICP per-frame:  38%|███▊      | 6/16 [00:44<01:13,  7.34s/it][A

ICP per-frame:  44%|████▍     | 7/16 [00:51<01:04,  7.19s/it][A

ICP per-frame:  50%|█████     | 8/16 [00:58<00:56,  7.11s/it][A

ICP per-frame:  56%|█████▋    | 9/16 [01:05<00:49,  7.08s/it][A

ICP per-frame:  62%|██████▎   | 10/16 [01:12<00:42,  7.05s/it][A

ICP per-frame:  69%|██████▉   | 11/16 [01:19<00:35,  7.18s/it][A

ICP per-frame:  75%|███████▌  | 12/16 [01:27<00:29,  7.28s/it][A

ICP per-frame:  81%|████████▏ | 13/16 [01:34<00:21,  7.28s/it][A

ICP per-frame:  88%|████████▊ | 14/16 [01:41<00:14,  7.26s/it][A

ICP per-frame:  94%|█████████▍| 15/16 [01:49<00:07,  7.47s/it][A

ICP per-frame: 100%|██████████| 16/16 [01:57<00:00,  7.66s/it][A
ICP per-frame: 100%|██████████| 16/16 [01:57<00:00,  7.36s/it]
2026-10-07 15:49:35,413 - INFO - [000-000_f15298421b3d4e0fab4c43863a7e72fd] CD_3D=0.055, CD_4D=0.058, CD_Motion=0.066

Evaluating samples: 100%|██████████| 1/1 [02:14<00:00, 134.87s/it]
Evaluating samples: 100%|██████████| 1/1 [02:14<00:00, 134.87s/it]
2026-10-07 15:49:35,426 - INFO - Results saved to: /root/actionmesh-research-staging/4d-longgoal-r9/runs/attempts/population-gpu-current-r9-unit-001/complete-fp16-lowram-v1-three-arm-unit-a1-9f9c55e56b784345b54fd36060f5c6ed/workspace/actionmesh/unit-output/official-scores.json.official/000-000_f15298421b3d4e0fab4c43863a7e72fd-world_gaussian/official.csv
2026-10-07 15:49:35,426 - INFO - Summary saved to: /root/actionmesh-research-staging/4d-longgoal-r9/runs/attempts/population-gpu-current-r9-unit-001/complete-fp16-lowram-v1-three-arm-unit-a1-9f9c55e56b784345b54fd36060f5c6ed/workspace/actionmesh/unit-output/official-scores.json.official/000-000_f15298421b3d4e0fab4c43863a7e72fd-world_gaussian/official.summary.json
