test_bounded_search_reports_candidate_cap (test_contact_events.ContactEventControls.test_bounded_search_reports_candidate_cap) ... ok
test_demo_has_success_failure_and_no_natural_evidence_claim (test_contact_events.ContactEventControls.test_demo_has_success_failure_and_no_natural_evidence_claim) ... ok
test_event_repair_does_not_claim_advantage_over_same_information_solver (test_contact_events.ContactEventControls.test_event_repair_does_not_claim_advantage_over_same_information_solver) ... ok
test_feasible_timing_error_is_solved_by_retiming_baseline (test_contact_events.ContactEventControls.test_feasible_timing_error_is_solved_by_retiming_baseline) ... ok
test_insert_delete_and_unknown_are_separate_operations (test_contact_events.ContactEventControls.test_insert_delete_and_unknown_are_separate_operations) ... ok
test_invalid_or_nonfinite_inputs_are_rejected (test_contact_events.ContactEventControls.test_invalid_or_nonfinite_inputs_are_rejected) ... ok
test_missing_contact_is_repaired_within_actual_l2_budget (test_contact_events.ContactEventControls.test_missing_contact_is_repaired_within_actual_l2_budget) ... ok
test_partner_and_contact_mode_are_not_interchangeable (test_contact_events.ContactEventControls.test_partner_and_contact_mode_are_not_interchangeable) ... ok
test_retiming_prioritizes_exact_contact_over_smaller_displacement (test_contact_events.ContactEventControls.test_retiming_prioritizes_exact_contact_over_smaller_displacement) ... ok
test_simultaneous_incompatible_contacts_are_infeasible (test_contact_events.ContactEventControls.test_simultaneous_incompatible_contacts_are_infeasible) ... ok
test_strict_monotone_retiming_preserves_event_order (test_contact_events.ContactEventControls.test_strict_monotone_retiming_preserves_event_order) ... ok
test_unknown_observation_does_not_become_noncontact (test_contact_events.ContactEventControls.test_unknown_observation_does_not_become_noncontact) ... ok
test_contact_module_is_implemented (test_contact_events.ImplementationExists.test_contact_module_is_implemented) ... ok
test_changed_source_report_blocks_plan (test_control_plan.ControlPlanTest.test_changed_source_report_blocks_plan) ... ok
test_plan_output_cannot_overwrite_existing_work (test_control_plan.ControlPlanTest.test_plan_output_cannot_overwrite_existing_work) ... ok
test_plan_pins_both_source_files_and_cpu_only_resources (test_control_plan.ControlPlanTest.test_plan_pins_both_source_files_and_cpu_only_resources) ... ok
test_source_outside_project_rejected (test_control_plan.ControlPlanTest.test_source_outside_project_rejected) ... ok
test_constructed_demo_explicitly_allows_output_baseline_to_win (test_controllability.ControllabilityTests.test_constructed_demo_explicitly_allows_output_baseline_to_win) ... ok
test_contract_only_projector_can_leave_model_tangent (test_controllability.ControllabilityTests.test_contract_only_projector_can_leave_model_tangent) ... ok
test_contract_orthogonality_roundoff_does_not_destroy_nullspace (test_controllability.ControllabilityTests.test_contract_orthogonality_roundoff_does_not_destroy_nullspace) ... ok
test_full_spd_edit_metric_changes_optimum (test_controllability.ControllabilityTests.test_full_spd_edit_metric_changes_optimum) ... ok
test_invalid_metrics_shapes_and_nonfinite_inputs_fail (test_controllability.ControllabilityTests.test_invalid_metrics_shapes_and_nonfinite_inputs_fail) ... ok
test_invertible_latent_reparameterization (test_controllability.ControllabilityTests.test_invertible_latent_reparameterization) ... ok
test_metric_projection_and_first_order_preservation (test_controllability.ControllabilityTests.test_metric_projection_and_first_order_preservation) ... ok
test_nested_gap_and_false_nesting_refusal (test_controllability.ControllabilityTests.test_nested_gap_and_false_nesting_refusal) ... ok
test_nonlinear_acceptance_backtracks_and_does_not_hide_rejection (test_controllability.ControllabilityTests.test_nonlinear_acceptance_backtracks_and_does_not_hide_rejection) ... ok
test_nullspace_rank_deficient_and_empty (test_controllability.ControllabilityTests.test_nullspace_rank_deficient_and_empty) ... ok
test_output_coordinates_and_metric_transform_together (test_controllability.ControllabilityTests.test_output_coordinates_and_metric_transform_together) ... ok
test_trust_solve_is_not_clipped_unbounded_solution (test_controllability.ControllabilityTests.test_trust_solve_is_not_clipped_unbounded_solution) ... ok
test_unbounded_reachability_does_not_imply_bounded_success (test_controllability.ControllabilityTests.test_unbounded_reachability_does_not_imply_bounded_success) ... ok
test_unreachable_rank_deficient_and_no_direction (test_controllability.ControllabilityTests.test_unreachable_rank_deficient_and_no_direction) ... ok
test_zero_radius_and_zero_target_are_not_nan_scores (test_controllability.ControllabilityTests.test_zero_radius_and_zero_target_are_not_nan_scores) ... ok
test_any_observed_group_worsening_rejects_step_and_preserves_zero (test_correlated.CorrectionTests.test_any_observed_group_worsening_rejects_step_and_preserves_zero) ... ok
test_backtracking_honors_group_caps_and_trust_radius (test_correlated.CorrectionTests.test_backtracking_honors_group_caps_and_trust_radius) ... ok
test_bad_caps_nonfinite_jacobian_and_uncovered_groups_rejected (test_correlated.CorrectionTests.test_bad_caps_nonfinite_jacobian_and_uncovered_groups_rejected) ... ok
test_declared_budget_changes_precision_without_estimating_from_targets (test_correlated.CorrectionTests.test_declared_budget_changes_precision_without_estimating_from_targets) ... ok
test_seeded_benchmark_preserves_all_baselines_and_negative_controls (test_correlated.CorrectionTests.test_seeded_benchmark_preserves_all_baselines_and_negative_controls) ... ok
test_zero_residual_control_remains_exactly_unchanged (test_correlated.CorrectionTests.test_zero_residual_control_remains_exactly_unchanged) ... ok
test_bad_covariance_inputs_are_rejected (test_correlated.CovarianceTests.test_bad_covariance_inputs_are_rejected) ... ok
test_repeated_shared_bias_precision_saturates (test_correlated.CovarianceTests.test_repeated_shared_bias_precision_saturates) ... ok
test_woodbury_matches_dense_inverse_for_vectors_and_matrices (test_correlated.CovarianceTests.test_woodbury_matches_dense_inverse_for_vectors_and_matrices) ... ok
test_contract_preserves_middle_frame_and_edit_targets_late_frame (test_native_probe.NativeProbeTests.test_contract_preserves_middle_frame_and_edit_targets_late_frame) ... ok
test_native_source_hash_mismatch_rejected (test_native_probe.NativeProbeTests.test_native_source_hash_mismatch_rejected) ... ok
test_nonfinite_or_degenerate_controls_rejected (test_native_probe.NativeProbeTests.test_nonfinite_or_degenerate_controls_rejected) ... ok
test_query_controls_keep_normals_unchanged (test_native_probe.NativeProbeTests.test_query_controls_keep_normals_unchanged) ... ok
test_coupled_metric_pins_and_action_constraint_share_full_objective (test_protected_projection.ProtectedProjectionTests.test_coupled_metric_pins_and_action_constraint_share_full_objective) ... ok
test_coupled_metric_pins_minimize_full_distance (test_protected_projection.ProtectedProjectionTests.test_coupled_metric_pins_minimize_full_distance) ... ok
test_pinned_coordinates_are_zero_and_never_reintroduced (test_protected_projection.ProtectedProjectionTests.test_pinned_coordinates_are_zero_and_never_reintroduced) ... ok
test_redundant_constraints_use_a_stable_pseudoinverse (test_protected_projection.ProtectedProjectionTests.test_redundant_constraints_use_a_stable_pseudoinverse) ... ok
test_removes_the_component_seen_by_an_action_constraint (test_protected_projection.ProtectedProjectionTests.test_removes_the_component_seen_by_an_action_constraint) ... ok
test_weighted_projection_satisfies_constraint_and_minimizes_change (test_protected_projection.ProtectedProjectionTests.test_weighted_projection_satisfies_constraint_and_minimizes_change) ... ok
test_ambiguous_reflection_pose_is_rejected (test_simple_mesh_controls.SimpleMeshControlsTest.test_ambiguous_reflection_pose_is_rejected) ... ok
test_body_smoothing_is_equivariant_to_global_translation (test_simple_mesh_controls.SimpleMeshControlsTest.test_body_smoothing_is_equivariant_to_global_translation) ... ok
test_body_smoothing_preserves_time_varying_rigid_motion (test_simple_mesh_controls.SimpleMeshControlsTest.test_body_smoothing_preserves_time_varying_rigid_motion) ... ok
test_body_smoothing_removes_nonrigid_jitter (test_simple_mesh_controls.SimpleMeshControlsTest.test_body_smoothing_removes_nonrigid_jitter) ... ok
test_collinear_pose_is_rejected_instead_of_arbitrary_rotation (test_simple_mesh_controls.SimpleMeshControlsTest.test_collinear_pose_is_rejected_instead_of_arbitrary_rotation) ... ok
test_existing_evaluator_keeps_failed_arm_in_declared_inventory (test_simple_mesh_controls.SimpleMeshControlsTest.test_existing_evaluator_keeps_failed_arm_in_declared_inventory) ... ok
test_export_preserves_native_arrays_and_reports_full_inventory (test_simple_mesh_controls.SimpleMeshControlsTest.test_export_preserves_native_arrays_and_reports_full_inventory) ... ok
test_failed_body_arm_stays_in_manifest_and_prevents_completion (test_simple_mesh_controls.SimpleMeshControlsTest.test_failed_body_arm_stays_in_manifest_and_prevents_completion) ... ok
test_finite_extreme_input_cannot_emit_nonfinite_world_control (test_simple_mesh_controls.SimpleMeshControlsTest.test_finite_extreme_input_cannot_emit_nonfinite_world_control) ... ok
test_gaussian_boundary_renormalizes_without_wrapping (test_simple_mesh_controls.SimpleMeshControlsTest.test_gaussian_boundary_renormalizes_without_wrapping) ... ok
test_invalid_parameters_or_nonfinite_vertices_rejected (test_simple_mesh_controls.SimpleMeshControlsTest.test_invalid_parameters_or_nonfinite_vertices_rejected) ... ok
test_noninteger_identity_metadata_rejected_before_outputs (test_simple_mesh_controls.SimpleMeshControlsTest.test_noninteger_identity_metadata_rejected_before_outputs) ... ok
test_source_sequence_cli_works_from_a_staged_file_path (test_simple_mesh_controls.SimpleMeshControlsTest.test_source_sequence_cli_works_from_a_staged_file_path) ... ok
test_stale_source_hash_rejected_before_creating_outputs (test_simple_mesh_controls.SimpleMeshControlsTest.test_stale_source_hash_rejected_before_creating_outputs) ... ok
test_world_smoothing_damps_isolated_displacement_and_pins_anchor (test_simple_mesh_controls.SimpleMeshControlsTest.test_world_smoothing_damps_isolated_displacement_and_pins_anchor) ... ok

----------------------------------------------------------------------
Ran 66 tests in 0.328s

OK
