nohup: ignoring input
glbs/000-000/03b69da8d2c94b5999bcf2605ee2ecd9.glb downloaded
glbs/000-001/095641b042f049c3aa86792836f8993d.glb downloaded
glbs/000-004/28e4d4e402a64d5697e7eeae5212bd32.glb downloaded
glbs/000-004/ab9192b6bc8f49e3baed63e984c7073a.glb downloaded
glbs/000-004/59599287510e43649360b850d56119d5.glb downloaded
glbs/000-007/17ed60fbe8af47b69cbf45b97730e0ab.glb downloaded
glbs/000-007/84496dfddf6046ce9ec9fddace6f5ed3.glb downloaded
glbs/000-008/95878b202a624ae88a021fe5ca99b335.glb downloaded
glbs/000-010/2615938e94304eec9ecd3dccfeafe306.glb downloaded
glbs/000-012/c931610884f2409eacda0b049df160d8.glb downloaded
glbs/000-014/6cf7de7d14064b23be17811d19a63f13.glb downloaded
glbs/000-003/90288386ca914411ab648f08db734fea.glb downloaded
glbs/000-015/0a8d7f0bd073460ba573e3fbb73091e1.glb downloaded
glbs/000-000/f15298421b3d4e0fab4c43863a7e72fd.glb downloaded
glbs/000-012/2546097d0ea94ba88452ce62c041fb87.glb downloaded
glbs/000-017/6130f5686df241d3bd8a1324d63781d2.glb downloaded
glbs/000-015/fcd1afa49d944cd5bfe5d3cd3a153efe.glb downloaded
glbs/000-019/6fd5b59e02fc4856aa534018ba64db3e.glb downloaded
glbs/000-022/d09f333cb04e4bbdb715d099f3446fc2.glb downloaded
glbs/000-020/6127e45c2381402986050e5d420f9515.glb downloaded
glbs/000-025/15cf86e1e586453ca66d97d49edd7246.glb downloaded
glbs/000-030/258ca1a535f74bfc845bd8ef2eedbbe0.glb downloaded
glbs/000-035/0ec701a445b84eb6bd0ea16a20e0fa4a.glb downloaded
glbs/000-035/5478ddd14bf044e59e02bda57ec46edb.glb downloaded
glbs/000-036/43d8e3b84094479e9ff6f98c033a8e6b.glb downloaded
glbs/000-037/1358c424008a43cbaa35eba5e58551ac.glb downloaded
glbs/000-037/2cfeaa8f6ae54663b67e40e16077c78c.glb downloaded
glbs/000-031/cc1f905b148c4378ad46a40da72e839f.glb downloaded
glbs/000-037/5c73c1e1ed654642bb5df7065e648711.glb downloaded
glbs/000-039/3c3f457b7d064646ac04e01004c52ed5.glb downloaded
glbs/000-039/d65a6d1e87bf444088a0e8168e34e9e0.glb downloaded
glbs/000-040/827aa2c7951747599629700703050673.glb downloaded
glbs/000-040/e114132dd22b43b5be17ae543697c9e8.glb downloaded
glbs/000-043/061697e330d44524bd11f8cf95772e2d.glb downloaded
glbs/000-042/7644ff801d38454d92ff5de65dcbea31.glb downloaded
glbs/000-045/41f4f23fe590439ab5ce85fe6730aee5.glb downloaded
glbs/000-046/eb363ab481b14dcf859f5208e1684d7c.glb downloaded
glbs/000-048/45e57349f062416aaf11f2c31587da16.glb downloaded
glbs/000-046/3bb11febd0624d7f8b30f491fb317d58.glb downloaded
glbs/000-049/f50b8e5f13e2498c907cbbe20bf7cf95.glb downloaded
glbs/000-051/008f8b5fe9544dffb4bd2522af248789.glb downloaded
glbs/000-050/9b99d900f8004fbe88bb5c3f08ded4de.glb downloaded
glbs/000-053/4e70865fd83c4a4d8e1990dd68de41cd.glb downloaded
glbs/000-056/ae07595d444e490786b5e75a0900f65f.glb downloaded
glbs/000-057/12937950456a4013a7daf6677b397a25.glb downloaded
glbs/000-051/e607cac1413a45e499bffa50f26ea00e.glb downloaded
glbs/000-057/e8872ef199124f32a157d177fb124163.glb downloaded
glbs/000-020/13b06d0843d94b179c1d9dc2c67e5ed4.glb downloaded
glbs/000-057/a061f78eee0042ce88ef6ec24ec0779a.glb downloaded
glbs/000-059/0f142eaa4ab94740ba9e5d074f306a15.glb downloaded
Error while downloading from <redacted-download-url> The read operation timed out
Trying to resume download...
glbs/000-058/1cb59946558d41ccbe1719c13238afd9.glb downloaded
glbs/000-059/ee85486b41c1442aaf35fc2563381ad0.glb downloaded
glbs/000-061/a59dbd60a5cc4675a45a1fe7bc548cdd.glb downloaded
glbs/000-063/2f305a7ad6784a3b9c5db480362ebc02.glb downloaded
glbs/000-059/f942225f2aee4635900430b95829ae4d.glb downloaded
glbs/000-063/ab2270d2455242fd856e269e59c426c4.glb downloaded
glbs/000-063/dd9b3744c30e4bf58aa6f57da00c1eb0.glb downloaded
glbs/000-058/3d6e324c291041da9b792a9efd7cb806.glb downloaded
glbs/000-066/d97aa2a9b82b4284a6a560287f422772.glb downloaded
glbs/000-067/09a05166420843fab423047a799c87da.glb downloaded
glbs/000-067/154f0df8019b44f5ab7b195a170c0c0d.glb downloaded
glbs/000-014/8e4844bbd8ed4b958701e562db52e744.glb downloaded
glbs/000-068/6a8dd9ece8b6458db8986c06e94ab582.glb downloaded
glbs/000-073/1008f82a1e4b4a5ea61e878803b997d0.glb downloaded
glbs/000-073/ac92c18fd2f4490e9fe3c38aa152d6cb.glb downloaded
glbs/000-075/46f5711e3ac04900a49732d78f4f64d8.glb downloaded
glbs/000-069/9a963b3d8d6343c9add862a211bfbec9.glb downloaded
glbs/000-075/8fd55a0dcd8042168e7ffa57d7f279a5.glb downloaded
glbs/000-078/b0b646eb731848f7837ab8257dfc658c.glb downloaded
glbs/000-081/3883b063fa004210a72198f7dd9bfec7.glb downloaded
glbs/000-081/988d07afce1a4d7895efe9abee3c0f1b.glb downloaded
glbs/000-083/9a13e1cfa6cd4ecb855dbea11877a52b.glb downloaded
glbs/000-084/e3bb8509d2324df38b5a61b17228feeb.glb downloaded
glbs/000-087/abee7aec930b4dcb86e157b7fcf07f77.glb downloaded
glbs/000-088/f693945214b14df7bf442da1229a6a60.glb downloaded
glbs/000-089/e71320db19864983bb6f3ef7dad040ae.glb downloaded
glbs/000-076/6ef94285eb3e467ebc3128110b325a1d.glb downloaded
glbs/000-090/fbf9b4d7b6e742b78671997cf6e7e807.glb downloaded
glbs/000-091/83a95a49bb52487fa64f66aeb358f8b4.glb downloaded
glbs/000-091/b3a4a83591a9485fac5c2d4a28f8861a.glb downloaded
glbs/000-092/cd2a2d7fe1134a40a4fe65eb422fe736.glb downloaded
glbs/000-093/a93edd5fb2594e4480dca1c37951f9f0.glb downloaded
glbs/000-094/2066afa87c7240d3b74b2ee6116fe0d7.glb downloaded
glbs/000-094/5b203279ff3d46a6b152e2b064774e67.glb downloaded
glbs/000-091/7503367b467c450c8ecb2789bef3eb1e.glb downloaded
glbs/000-095/737f1fd90ea54047a61f02ee0b2d2a13.glb downloaded
glbs/000-099/f1a38af37cb14b6abb896fdee40d7b3c.glb downloaded
glbs/000-100/1ab265b60d074769b62d6e87851a257b.glb downloaded
glbs/000-100/1edbd18df3b6435c8ff7800628265edb.glb downloaded
glbs/000-098/da7e622b80384876af5d2745a1cb7332.glb downloaded
glbs/000-102/7806e18e09ed4dd4a87c611bde4b96bc.glb downloaded
glbs/000-108/8560f555469a46e085952a890ce9785b.glb downloaded
glbs/000-113/0fa47c0b4a224aa19774b3ef6a29a0b6.glb downloaded
glbs/000-116/9421ee17a06044d390ca7355f77732f7.glb downloaded
glbs/000-117/ce7ae539d3814b4083a3493a27f98189.glb downloaded
glbs/000-118/2957d5c06a154703a36cd9b82b797a48.glb downloaded
glbs/000-122/5f276b4b9f87440ebb907cd17e80a06a.glb downloaded
glbs/000-123/31a088d8ab11498e81815f58dcc9834e.glb downloaded
glbs/000-123/906157fbe85240818a92d284df832c2d.glb downloaded
glbs/000-125/c1db1b10f9b14717ba731d7f49d25443.glb downloaded
glbs/000-107/2cb4d07f6d9b449193e0b39684a2b683.glb downloaded
glbs/000-125/f8836c67db574661844e1d3bd42833d3.glb downloaded
glbs/000-128/030d9e43df9840dbb57f599843d6953a.glb downloaded
glbs/000-128/09a3632365344a99bb88e3dd0b684c89.glb downloaded
glbs/000-129/d24fdff106fd4894b01d737ac6044180.glb downloaded
glbs/000-129/e03907f5f0b14c53b5d27b7ad87b14fa.glb downloaded
glbs/000-129/f6e7e1701bd742a3b2de2be84be5a117.glb downloaded
glbs/000-130/94be397f8db74f7c9c06263aaf988532.glb downloaded
glbs/000-132/8b3c5f19aa004fe4a39325fe20e25411.glb downloaded
glbs/000-126/0211a7f80bdc48f784af6796913af96b.glb downloaded
glbs/000-132/f18b6609047d4183a4d7c72abca9e553.glb downloaded
glbs/000-137/1e5638dfe2df4c55852dee97f3c0b48d.glb downloaded
glbs/000-138/bfea81740eec4c13b9fce2958b7a39a7.glb downloaded
glbs/000-141/239400fa91ef46ccab6101301e6e5b19.glb downloaded
glbs/000-136/1d5f546cd4454e2d921dc15594921524.glb downloaded
glbs/000-144/0c7abbb8b0e34a34bf1fb783da518664.glb downloaded
glbs/000-149/5de15f7398fa4cf08a232f649cbcda8d.glb downloaded
glbs/000-150/d38a22a9703143bbbd73bad756606d05.glb downloaded
glbs/000-151/7a1d4f15132743eab34e42641767d0cd.glb downloaded
glbs/000-151/f8ecf3f985d84be7b1cb5501f45bc688.glb downloaded
glbs/000-155/a7c0e728930d4cbc9fbe9264bf09e8bf.glb downloaded
glbs/000-155/ebbace31c2154fbdacd82d3f299138ad.glb downloaded
glbs/000-157/1c48916a8eec4b04b1073181026a1b86.glb downloaded
glbs/000-158/b7090137d2394fff9b3ed5363227a818.glb downloaded
glbs/000-159/7e92797f30684437a061c132d5dd77c6.glb downloaded
metadata/000-000.json.gz downloaded
metadata/000-001.json.gz downloaded
metadata/000-003.json.gz downloaded
metadata/000-004.json.gz downloaded
metadata/000-007.json.gz downloaded
metadata/000-008.json.gz downloaded
glbs/000-146/82f393a2e6c048ad80c171ce3b3a7b87.glb downloaded
metadata/000-010.json.gz downloaded
metadata/000-014.json.gz downloaded
metadata/000-015.json.gz downloaded
metadata/000-017.json.gz downloaded
metadata/000-019.json.gz downloaded
metadata/000-020.json.gz downloaded
metadata/000-012.json.gz downloaded
metadata/000-022.json.gz downloaded
metadata/000-030.json.gz downloaded
metadata/000-031.json.gz downloaded
metadata/000-035.json.gz downloaded
metadata/000-025.json.gz downloaded
metadata/000-036.json.gz downloaded
metadata/000-039.json.gz downloaded
metadata/000-040.json.gz downloaded
metadata/000-037.json.gz downloaded
metadata/000-043.json.gz downloaded
metadata/000-042.json.gz downloaded
metadata/000-045.json.gz downloaded
metadata/000-048.json.gz downloaded
metadata/000-046.json.gz downloaded
metadata/000-049.json.gz downloaded
metadata/000-051.json.gz downloaded
metadata/000-053.json.gz downloaded
metadata/000-050.json.gz downloaded
metadata/000-056.json.gz downloaded
metadata/000-058.json.gz downloaded
metadata/000-059.json.gz downloaded
metadata/000-057.json.gz downloaded
metadata/000-061.json.gz downloaded
metadata/000-065.json.gz downloaded
metadata/000-063.json.gz downloaded
metadata/000-066.json.gz downloaded
metadata/000-068.json.gz downloaded
metadata/000-069.json.gz downloaded
metadata/000-073.json.gz downloaded
metadata/000-067.json.gz downloaded
metadata/000-075.json.gz downloaded
metadata/000-078.json.gz downloaded
metadata/000-081.json.gz downloaded
metadata/000-083.json.gz downloaded
metadata/000-076.json.gz downloaded
metadata/000-084.json.gz downloaded
metadata/000-088.json.gz downloaded
metadata/000-089.json.gz downloaded
metadata/000-090.json.gz downloaded
glbs/000-065/bc982b8da22a4a2ba8097b1e424ae38b.glb downloaded
metadata/000-091.json.gz downloaded
metadata/000-087.json.gz downloaded
metadata/000-093.json.gz downloaded
metadata/000-095.json.gz downloaded
metadata/000-098.json.gz downloaded
metadata/000-099.json.gz downloaded
metadata/000-100.json.gz downloaded
metadata/000-094.json.gz downloaded
metadata/000-102.json.gz downloaded
metadata/000-108.json.gz downloaded
metadata/000-113.json.gz downloaded
metadata/000-116.json.gz downloaded
metadata/000-117.json.gz downloaded
metadata/000-107.json.gz downloaded
metadata/000-118.json.gz downloaded
metadata/000-123.json.gz downloaded
metadata/000-125.json.gz downloaded
metadata/000-122.json.gz downloaded
metadata/000-126.json.gz downloaded
metadata/000-129.json.gz downloaded
metadata/000-130.json.gz downloaded
metadata/000-128.json.gz downloaded
metadata/000-132.json.gz downloaded
metadata/000-137.json.gz downloaded
metadata/000-138.json.gz downloaded
metadata/000-136.json.gz downloaded
metadata/000-141.json.gz downloaded
glbs/000-066/bbd48d23435c4254a618e3ff45e9bffa.glb downloaded
metadata/000-146.json.gz downloaded
metadata/000-150.json.gz downloaded
metadata/000-144.json.gz downloaded
metadata/000-151.json.gz downloaded
metadata/000-092.json.gz downloaded
metadata/000-157.json.gz downloaded
metadata/000-159.json.gz downloaded
metadata/000-155.json.gz downloaded
metadata/000-158.json.gz downloaded
metadata/000-149.json.gz downloaded
