Looking in indexes: https://pypi.tuna.tsinghua.edu.cn/simple
Collecting opencv-python==4.11.0.86 (from -r /root/rivermind-data/4d-native-prerequisites-20261009/native-pip-resolved-lock.txt (line 1))
  Using cached opencv_python-4.11.0.86-cp37-abi3-manylinux_2_17_x86_64.manylinux2014_x86_64.whl (63.0 MB)
Collecting trimesh==5.1.0 (from -r /root/rivermind-data/4d-native-prerequisites-20261009/native-pip-resolved-lock.txt (line 2))
  Using cached trimesh-5.1.0-py3-none-any.whl (750 kB)
Collecting einops==0.8.2 (from -r /root/rivermind-data/4d-native-prerequisites-20261009/native-pip-resolved-lock.txt (line 3))
  Using cached einops-0.8.2-py3-none-any.whl (65 kB)
Collecting safetensors==0.8.0 (from -r /root/rivermind-data/4d-native-prerequisites-20261009/native-pip-resolved-lock.txt (line 4))
  Using cached safetensors-0.8.0-cp310-abi3-manylinux_2_17_x86_64.manylinux2014_x86_64.whl (516 kB)
Collecting huggingface_hub==0.36.2 (from -r /root/rivermind-data/4d-native-prerequisites-20261009/native-pip-resolved-lock.txt (line 5))
  Using cached huggingface_hub-0.36.2-py3-none-any.whl (566 kB)
Collecting transformers==4.57.6 (from -r /root/rivermind-data/4d-native-prerequisites-20261009/native-pip-resolved-lock.txt (line 6))
  Using cached transformers-4.57.6-py3-none-any.whl (12.0 MB)
Collecting diffusers==0.39.0 (from -r /root/rivermind-data/4d-native-prerequisites-20261009/native-pip-resolved-lock.txt (line 7))
  Using cached diffusers-0.39.0-py3-none-any.whl (5.6 MB)
Collecting hydra-core==1.3.7 (from -r /root/rivermind-data/4d-native-prerequisites-20261009/native-pip-resolved-lock.txt (line 8))
  Using cached hydra_core-1.3.7-py3-none-any.whl (168 kB)
Collecting scikit-image==0.26.0 (from -r /root/rivermind-data/4d-native-prerequisites-20261009/native-pip-resolved-lock.txt (line 9))
  Using cached scikit_image-0.26.0-cp311-cp311-manylinux_2_24_x86_64.manylinux_2_28_x86_64.whl (13.7 MB)
Collecting ImageIO==2.38.0 (from -r /root/rivermind-data/4d-native-prerequisites-20261009/native-pip-resolved-lock.txt (line 10))
  Using cached imageio-2.38.0-py3-none-any.whl (328 kB)
Collecting imageio-ffmpeg==0.6.0 (from -r /root/rivermind-data/4d-native-prerequisites-20261009/native-pip-resolved-lock.txt (line 11))
  Using cached imageio_ffmpeg-0.6.0-py3-none-manylinux2014_x86_64.whl (29.5 MB)
Collecting jaxtyping==0.3.11 (from -r /root/rivermind-data/4d-native-prerequisites-20261009/native-pip-resolved-lock.txt (line 12))
  Using cached jaxtyping-0.3.11-py3-none-any.whl (56 kB)
Collecting accelerate==1.15.0 (from -r /root/rivermind-data/4d-native-prerequisites-20261009/native-pip-resolved-lock.txt (line 13))
  Using cached accelerate-1.15.0-py3-none-any.whl (394 kB)
Collecting fast_simplification==0.2.0 (from -r /root/rivermind-data/4d-native-prerequisites-20261009/native-pip-resolved-lock.txt (line 14))
  Using cached fast_simplification-0.2.0-cp311-cp311-manylinux_2_24_x86_64.manylinux_2_28_x86_64.whl (295 kB)
Collecting typeguard==4.6.0 (from -r /root/rivermind-data/4d-native-prerequisites-20261009/native-pip-resolved-lock.txt (line 15))
  Using cached typeguard-4.6.0-py3-none-any.whl (36 kB)
Collecting natsort==8.4.0 (from -r /root/rivermind-data/4d-native-prerequisites-20261009/native-pip-resolved-lock.txt (line 16))
  Using cached natsort-8.4.0-py3-none-any.whl (38 kB)
Collecting antlr4-python3-runtime==4.9.3 (from -r /root/rivermind-data/4d-native-prerequisites-20261009/native-pip-resolved-lock.txt (line 17))
  Using cached antlr4-python3-runtime-4.9.3.tar.gz (117 kB)
  Preparing metadata (pyproject.toml): started
  Preparing metadata (pyproject.toml): finished with status 'done'
Collecting hf-xet==1.7.0 (from -r /root/rivermind-data/4d-native-prerequisites-20261009/native-pip-resolved-lock.txt (line 18))
  Using cached hf_xet-1.7.0-cp38-abi3-manylinux2014_x86_64.manylinux_2_17_x86_64.whl (4.2 MB)
Collecting httpx==0.28.1 (from -r /root/rivermind-data/4d-native-prerequisites-20261009/native-pip-resolved-lock.txt (line 19))
  Using cached httpx-0.28.1-py3-none-any.whl (73 kB)
Collecting httpcore==1.0.9 (from -r /root/rivermind-data/4d-native-prerequisites-20261009/native-pip-resolved-lock.txt (line 20))
  Using cached httpcore-1.0.9-py3-none-any.whl (78 kB)
Collecting omegaconf==2.3.1 (from -r /root/rivermind-data/4d-native-prerequisites-20261009/native-pip-resolved-lock.txt (line 21))
  Using cached omegaconf-2.3.1-py3-none-any.whl (79 kB)
Collecting tokenizers==0.22.2 (from -r /root/rivermind-data/4d-native-prerequisites-20261009/native-pip-resolved-lock.txt (line 22))
  Using cached tokenizers-0.22.2-cp39-abi3-manylinux_2_17_x86_64.manylinux2014_x86_64.whl (3.3 MB)
Collecting fsspec==2026.9.0 (from -r /root/rivermind-data/4d-native-prerequisites-20261009/native-pip-resolved-lock.txt (line 23))
  Using cached fsspec-2026.9.0-py3-none-any.whl (221 kB)
Collecting h11==0.16.0 (from -r /root/rivermind-data/4d-native-prerequisites-20261009/native-pip-resolved-lock.txt (line 24))
  Using cached h11-0.16.0-py3-none-any.whl (37 kB)
Collecting lazy-loader==0.6 (from -r /root/rivermind-data/4d-native-prerequisites-20261009/native-pip-resolved-lock.txt (line 25))
  Using cached lazy_loader-0.6-py3-none-any.whl (8.8 kB)
Collecting regex==2026.9.29 (from -r /root/rivermind-data/4d-native-prerequisites-20261009/native-pip-resolved-lock.txt (line 26))
  Using cached regex-2026.9.29-cp311-cp311-manylinux2014_x86_64.manylinux_2_17_x86_64.manylinux_2_28_x86_64.whl (804 kB)
Collecting tifffile==2026.3.3 (from -r /root/rivermind-data/4d-native-prerequisites-20261009/native-pip-resolved-lock.txt (line 27))
  Using cached tifffile-2026.3.3-py3-none-any.whl (243 kB)
Collecting wadler_lindig==0.1.7 (from -r /root/rivermind-data/4d-native-prerequisites-20261009/native-pip-resolved-lock.txt (line 28))
  Using cached wadler_lindig-0.1.7-py3-none-any.whl (20 kB)
Collecting anyio==4.15.1 (from -r /root/rivermind-data/4d-native-prerequisites-20261009/native-pip-resolved-lock.txt (line 29))
  Using cached anyio-4.15.1-py3-none-any.whl (132 kB)
Collecting importlib_metadata==9.0.1 (from -r /root/rivermind-data/4d-native-prerequisites-20261009/native-pip-resolved-lock.txt (line 30))
  Using cached importlib_metadata-9.0.1-py3-none-any.whl (27 kB)
Collecting zipp==4.1.1 (from -r /root/rivermind-data/4d-native-prerequisites-20261009/native-pip-resolved-lock.txt (line 31))
  Using cached zipp-4.1.1-py3-none-any.whl (10 kB)
Collecting psutil==7.2.2 (from -r /root/rivermind-data/4d-native-prerequisites-20261009/native-pip-resolved-lock.txt (line 32))
  Using cached psutil-7.2.2-cp36-abi3-manylinux2010_x86_64.manylinux_2_12_x86_64.manylinux_2_28_x86_64.whl (155 kB)
Building wheels for collected packages: antlr4-python3-runtime
  Building wheel for antlr4-python3-runtime (pyproject.toml): started
  Building wheel for antlr4-python3-runtime (pyproject.toml): finished with status 'done'
  Created wheel for antlr4-python3-runtime: filename=antlr4_python3_runtime-4.9.3-py3-none-any.whl size=144590 sha256=fbfd458e1b12c1822ea4ec07b9c4225d350afdf7818f83fa87144aaed673bdd8
  Stored in directory: /root/.cache/pip/wheels/b7/1a/64/f0dc37c50c3c337e906abf4eb29393c3f72add010ab48881b5
Successfully built antlr4-python3-runtime
Installing collected packages: hydra-core, antlr4-python3-runtime, zipp, wadler_lindig, typeguard, trimesh, transformers, tokenizers, tifffile, scikit-image, safetensors, regex, psutil, opencv-python, omegaconf, natsort, lazy-loader, jaxtyping, importlib_metadata, imageio-ffmpeg, ImageIO, huggingface_hub, httpx, httpcore, hf-xet, h11, fsspec, fast_simplification, einops, diffusers, anyio, accelerate

Successfully installed ImageIO-2.38.0 accelerate-1.15.0 antlr4-python3-runtime-4.9.3 anyio-4.15.1 diffusers-0.39.0 einops-0.8.2 fast_simplification-0.2.0 fsspec-2026.9.0 h11-0.16.0 hf-xet-1.7.0 httpcore-1.0.9 httpx-0.28.1 huggingface_hub-0.36.2 hydra-core-1.3.7 imageio-ffmpeg-0.6.0 importlib_metadata-9.0.1 jaxtyping-0.3.11 lazy-loader-0.6 natsort-8.4.0 omegaconf-2.3.1 opencv-python-4.11.0.86 psutil-7.2.2 regex-2026.9.29 safetensors-0.8.0 scikit-image-0.26.0 tifffile-2026.3.3 tokenizers-0.22.2 transformers-4.57.6 trimesh-5.1.0 typeguard-4.6.0 wadler_lindig-0.1.7 zipp-4.1.1
