Looking in indexes: https://pypi.tuna.tsinghua.edu.cn/simple
Collecting opencv-python==4.11.0.86 (from -r /root/rivermind-data/4d-native-prerequisites-20261009/native-pip-without-diso.txt (line 1))
  Using cached opencv_python-4.11.0.86-cp37-abi3-manylinux_2_17_x86_64.manylinux2014_x86_64.whl (63.0 MB)
Collecting trimesh==5.1.0 (from -r /root/rivermind-data/4d-native-prerequisites-20261009/native-pip-without-diso.txt (line 2))
  Using cached trimesh-5.1.0-py3-none-any.whl (750 kB)
Collecting einops==0.8.2 (from -r /root/rivermind-data/4d-native-prerequisites-20261009/native-pip-without-diso.txt (line 3))
  Using cached einops-0.8.2-py3-none-any.whl (65 kB)
Collecting safetensors==0.8.0 (from -r /root/rivermind-data/4d-native-prerequisites-20261009/native-pip-without-diso.txt (line 4))
  Using cached safetensors-0.8.0-cp310-abi3-manylinux_2_17_x86_64.manylinux2014_x86_64.whl (516 kB)
Collecting huggingface_hub==0.36.2 (from -r /root/rivermind-data/4d-native-prerequisites-20261009/native-pip-without-diso.txt (line 5))
  Using cached huggingface_hub-0.36.2-py3-none-any.whl (566 kB)
Collecting transformers==4.57.6 (from -r /root/rivermind-data/4d-native-prerequisites-20261009/native-pip-without-diso.txt (line 6))
  Using cached transformers-4.57.6-py3-none-any.whl (12.0 MB)
Collecting diffusers==0.39.0 (from -r /root/rivermind-data/4d-native-prerequisites-20261009/native-pip-without-diso.txt (line 7))
  Using cached diffusers-0.39.0-py3-none-any.whl (5.6 MB)
Collecting hydra-core==1.3.7 (from -r /root/rivermind-data/4d-native-prerequisites-20261009/native-pip-without-diso.txt (line 8))
  Using cached hydra_core-1.3.7-py3-none-any.whl (168 kB)
Collecting scikit-image==0.26.0 (from -r /root/rivermind-data/4d-native-prerequisites-20261009/native-pip-without-diso.txt (line 9))
  Using cached scikit_image-0.26.0-cp311-cp311-manylinux_2_24_x86_64.manylinux_2_28_x86_64.whl (13.7 MB)
Collecting imageio==2.38.0 (from -r /root/rivermind-data/4d-native-prerequisites-20261009/native-pip-without-diso.txt (line 10))
  Using cached imageio-2.38.0-py3-none-any.whl (328 kB)
Collecting imageio-ffmpeg==0.6.0 (from -r /root/rivermind-data/4d-native-prerequisites-20261009/native-pip-without-diso.txt (line 11))
  Using cached imageio_ffmpeg-0.6.0-py3-none-manylinux2014_x86_64.whl (29.5 MB)
Collecting jaxtyping==0.3.11 (from -r /root/rivermind-data/4d-native-prerequisites-20261009/native-pip-without-diso.txt (line 12))
  Downloading jaxtyping-0.3.11-py3-none-any.whl (56 kB)
Collecting accelerate==1.15.0 (from -r /root/rivermind-data/4d-native-prerequisites-20261009/native-pip-without-diso.txt (line 13))
  Downloading accelerate-1.15.0-py3-none-any.whl (394 kB)
Collecting fast_simplification==0.2.0 (from -r /root/rivermind-data/4d-native-prerequisites-20261009/native-pip-without-diso.txt (line 14))
  Downloading fast_simplification-0.2.0-cp311-cp311-manylinux_2_24_x86_64.manylinux_2_28_x86_64.whl (295 kB)
Collecting typeguard==4.6.0 (from -r /root/rivermind-data/4d-native-prerequisites-20261009/native-pip-without-diso.txt (line 15))
  Downloading typeguard-4.6.0-py3-none-any.whl (36 kB)
Collecting natsort==8.4.0 (from -r /root/rivermind-data/4d-native-prerequisites-20261009/native-pip-without-diso.txt (line 16))
  Downloading natsort-8.4.0-py3-none-any.whl (38 kB)
Requirement already satisfied: numpy>=1.21.2 in /opt/4d-native-cu121/lib/python3.11/site-packages (from opencv-python==4.11.0.86->-r /root/rivermind-data/4d-native-prerequisites-20261009/native-pip-without-diso.txt (line 1)) (1.26.4)
Requirement already satisfied: filelock in /opt/4d-native-cu121/lib/python3.11/site-packages (from huggingface_hub==0.36.2->-r /root/rivermind-data/4d-native-prerequisites-20261009/native-pip-without-diso.txt (line 5)) (4.0.12)
Collecting fsspec>=2023.5.0 (from huggingface_hub==0.36.2->-r /root/rivermind-data/4d-native-prerequisites-20261009/native-pip-without-diso.txt (line 5))
  Downloading fsspec-2026.9.0-py3-none-any.whl (221 kB)
Collecting hf-xet<2.0.0,>=1.1.3 (from huggingface_hub==0.36.2->-r /root/rivermind-data/4d-native-prerequisites-20261009/native-pip-without-diso.txt (line 5))
  Downloading hf_xet-1.7.0-cp38-abi3-manylinux2014_x86_64.manylinux_2_17_x86_64.whl (4.2 MB)
     ━━━━━━━━━━━━━━━━━━━━━━━━━━━━━━━━━━━━━━━━ 4.2/4.2 MB 2.1 MB/s  0:00:02
Requirement already satisfied: packaging>=20.9 in /opt/4d-native-cu121/lib/python3.11/site-packages (from huggingface_hub==0.36.2->-r /root/rivermind-data/4d-native-prerequisites-20261009/native-pip-without-diso.txt (line 5)) (26.3)
Requirement already satisfied: pyyaml>=5.1 in /opt/4d-native-cu121/lib/python3.11/site-packages (from huggingface_hub==0.36.2->-r /root/rivermind-data/4d-native-prerequisites-20261009/native-pip-without-diso.txt (line 5)) (6.0.3)
Requirement already satisfied: requests in /opt/4d-native-cu121/lib/python3.11/site-packages (from huggingface_hub==0.36.2->-r /root/rivermind-data/4d-native-prerequisites-20261009/native-pip-without-diso.txt (line 5)) (2.34.2)
Requirement already satisfied: tqdm>=4.42.1 in /opt/4d-native-cu121/lib/python3.11/site-packages (from huggingface_hub==0.36.2->-r /root/rivermind-data/4d-native-prerequisites-20261009/native-pip-without-diso.txt (line 5)) (4.70.1)
Requirement already satisfied: typing-extensions>=3.7.4.3 in /opt/4d-native-cu121/lib/python3.11/site-packages (from huggingface_hub==0.36.2->-r /root/rivermind-data/4d-native-prerequisites-20261009/native-pip-without-diso.txt (line 5)) (4.16.0)
Collecting regex!=2019.12.17 (from transformers==4.57.6->-r /root/rivermind-data/4d-native-prerequisites-20261009/native-pip-without-diso.txt (line 6))
  Downloading regex-2026.9.29-cp311-cp311-manylinux2014_x86_64.manylinux_2_17_x86_64.manylinux_2_28_x86_64.whl (804 kB)
     ━━━━━━━━━━━━━━━━━━━━━━━━━━━━━━━━━━━━━━━━ 805.0/805.0 kB 1.6 MB/s  0:00:00
Collecting tokenizers<=0.23.0,>=0.22.0 (from transformers==4.57.6->-r /root/rivermind-data/4d-native-prerequisites-20261009/native-pip-without-diso.txt (line 6))
  Downloading tokenizers-0.22.2-cp39-abi3-manylinux_2_17_x86_64.manylinux2014_x86_64.whl (3.3 MB)
     ━━━━━━━━━━━━━━━━━━━━━━━━━━━━━━━━━━━━━━━━ 3.3/3.3 MB 2.5 MB/s  0:00:01
Collecting importlib_metadata (from diffusers==0.39.0->-r /root/rivermind-data/4d-native-prerequisites-20261009/native-pip-without-diso.txt (line 7))
  Downloading importlib_metadata-9.0.1-py3-none-any.whl (27 kB)
Collecting httpx<1.0.0 (from diffusers==0.39.0->-r /root/rivermind-data/4d-native-prerequisites-20261009/native-pip-without-diso.txt (line 7))
  Downloading httpx-0.28.1-py3-none-any.whl (73 kB)
Requirement already satisfied: Pillow in /opt/4d-native-cu121/lib/python3.11/site-packages (from diffusers==0.39.0->-r /root/rivermind-data/4d-native-prerequisites-20261009/native-pip-without-diso.txt (line 7)) (11.1.0)
Collecting omegaconf<2.4,>=2.2 (from hydra-core==1.3.7->-r /root/rivermind-data/4d-native-prerequisites-20261009/native-pip-without-diso.txt (line 8))
  Downloading omegaconf-2.3.1-py3-none-any.whl (79 kB)
Collecting antlr4-python3-runtime==4.9.* (from hydra-core==1.3.7->-r /root/rivermind-data/4d-native-prerequisites-20261009/native-pip-without-diso.txt (line 8))
  Downloading antlr4-python3-runtime-4.9.3.tar.gz (117 kB)
  Installing build dependencies: started
  Installing build dependencies: finished with status 'done'
  Getting requirements to build wheel: started
  Getting requirements to build wheel: finished with status 'done'
  Preparing metadata (pyproject.toml): started
  Preparing metadata (pyproject.toml): finished with status 'done'
Requirement already satisfied: scipy>=1.11.4 in /opt/4d-native-cu121/lib/python3.11/site-packages (from scikit-image==0.26.0->-r /root/rivermind-data/4d-native-prerequisites-20261009/native-pip-without-diso.txt (line 9)) (1.13.1)
Requirement already satisfied: networkx>=3.0 in /opt/4d-native-cu121/lib/python3.11/site-packages (from scikit-image==0.26.0->-r /root/rivermind-data/4d-native-prerequisites-20261009/native-pip-without-diso.txt (line 9)) (3.6.1)
Collecting tifffile>=2022.8.12 (from scikit-image==0.26.0->-r /root/rivermind-data/4d-native-prerequisites-20261009/native-pip-without-diso.txt (line 9))
  Downloading tifffile-2026.3.3-py3-none-any.whl (243 kB)
Collecting lazy-loader>=0.4 (from scikit-image==0.26.0->-r /root/rivermind-data/4d-native-prerequisites-20261009/native-pip-without-diso.txt (line 9))
  Downloading lazy_loader-0.6-py3-none-any.whl (8.8 kB)
Collecting wadler-lindig>=0.1.3 (from jaxtyping==0.3.11->-r /root/rivermind-data/4d-native-prerequisites-20261009/native-pip-without-diso.txt (line 12))
  Downloading wadler_lindig-0.1.7-py3-none-any.whl (20 kB)
Collecting psutil (from accelerate==1.15.0->-r /root/rivermind-data/4d-native-prerequisites-20261009/native-pip-without-diso.txt (line 13))
  Downloading psutil-7.2.2-cp36-abi3-manylinux2010_x86_64.manylinux_2_12_x86_64.manylinux_2_28_x86_64.whl (155 kB)
Requirement already satisfied: torch>=2.0.0 in /opt/4d-native-cu121/lib/python3.11/site-packages (from accelerate==1.15.0->-r /root/rivermind-data/4d-native-prerequisites-20261009/native-pip-without-diso.txt (line 13)) (2.4.0)
Collecting anyio (from httpx<1.0.0->diffusers==0.39.0->-r /root/rivermind-data/4d-native-prerequisites-20261009/native-pip-without-diso.txt (line 7))
  Downloading anyio-4.15.1-py3-none-any.whl (132 kB)
Requirement already satisfied: certifi in /opt/4d-native-cu121/lib/python3.11/site-packages (from httpx<1.0.0->diffusers==0.39.0->-r /root/rivermind-data/4d-native-prerequisites-20261009/native-pip-without-diso.txt (line 7)) (2026.7.22)
Collecting httpcore==1.* (from httpx<1.0.0->diffusers==0.39.0->-r /root/rivermind-data/4d-native-prerequisites-20261009/native-pip-without-diso.txt (line 7))
  Downloading httpcore-1.0.9-py3-none-any.whl (78 kB)
Requirement already satisfied: idna in /opt/4d-native-cu121/lib/python3.11/site-packages (from httpx<1.0.0->diffusers==0.39.0->-r /root/rivermind-data/4d-native-prerequisites-20261009/native-pip-without-diso.txt (line 7)) (3.20)
Collecting h11>=0.16 (from httpcore==1.*->httpx<1.0.0->diffusers==0.39.0->-r /root/rivermind-data/4d-native-prerequisites-20261009/native-pip-without-diso.txt (line 7))
  Downloading h11-0.16.0-py3-none-any.whl (37 kB)
Requirement already satisfied: sympy in /opt/4d-native-cu121/lib/python3.11/site-packages (from torch>=2.0.0->accelerate==1.15.0->-r /root/rivermind-data/4d-native-prerequisites-20261009/native-pip-without-diso.txt (line 13)) (1.14.0)
Requirement already satisfied: jinja2 in /opt/4d-native-cu121/lib/python3.11/site-packages (from torch>=2.0.0->accelerate==1.15.0->-r /root/rivermind-data/4d-native-prerequisites-20261009/native-pip-without-diso.txt (line 13)) (3.1.6)
Collecting zipp>=3.20 (from importlib_metadata->diffusers==0.39.0->-r /root/rivermind-data/4d-native-prerequisites-20261009/native-pip-without-diso.txt (line 7))
  Downloading zipp-4.1.1-py3-none-any.whl (10 kB)
Requirement already satisfied: MarkupSafe>=2.0 in /opt/4d-native-cu121/lib/python3.11/site-packages (from jinja2->torch>=2.0.0->accelerate==1.15.0->-r /root/rivermind-data/4d-native-prerequisites-20261009/native-pip-without-diso.txt (line 13)) (3.0.4)
Requirement already satisfied: charset_normalizer<4,>=2 in /opt/4d-native-cu121/lib/python3.11/site-packages (from requests->huggingface_hub==0.36.2->-r /root/rivermind-data/4d-native-prerequisites-20261009/native-pip-without-diso.txt (line 5)) (3.5.2)
Requirement already satisfied: urllib3<3,>=1.26 in /opt/4d-native-cu121/lib/python3.11/site-packages (from requests->huggingface_hub==0.36.2->-r /root/rivermind-data/4d-native-prerequisites-20261009/native-pip-without-diso.txt (line 5)) (2.8.0)
Requirement already satisfied: mpmath<1.5,>=1.1.0 in /opt/4d-native-cu121/lib/python3.11/site-packages (from sympy->torch>=2.0.0->accelerate==1.15.0->-r /root/rivermind-data/4d-native-prerequisites-20261009/native-pip-without-diso.txt (line 13)) (1.4.1)
Would install ImageIO-2.38.0 accelerate-1.15.0 antlr4-python3-runtime-4.9.3 anyio-4.15.1 diffusers-0.39.0 einops-0.8.2 fast_simplification-0.2.0 fsspec-2026.9.0 h11-0.16.0 hf-xet-1.7.0 httpcore-1.0.9 httpx-0.28.1 huggingface_hub-0.36.2 hydra-core-1.3.7 imageio-ffmpeg-0.6.0 importlib_metadata-9.0.1 jaxtyping-0.3.11 lazy-loader-0.6 natsort-8.4.0 omegaconf-2.3.1 opencv-python-4.11.0.86 psutil-7.2.2 regex-2026.9.29 safetensors-0.8.0 scikit-image-0.26.0 tifffile-2026.3.3 tokenizers-0.22.2 transformers-4.57.6 trimesh-5.1.0 typeguard-4.6.0 wadler_lindig-0.1.7 zipp-4.1.1
