Looking in indexes: https://pypi.tuna.tsinghua.edu.cn/simple
Collecting opencv-python==4.11.0.86 (from -r /root/rivermind-data/4d-native-prerequisites-20261009/native-pip-requirements.txt (line 1))
  Downloading opencv_python-4.11.0.86-cp37-abi3-manylinux_2_17_x86_64.manylinux2014_x86_64.whl (63.0 MB)
     ━━━━━━━━━━━━━━━━━━━━━━━━━━━━━━━━━━━━━━━━ 63.0/63.0 MB 25.5 MB/s  0:00:02
Collecting trimesh==5.1.0 (from -r /root/rivermind-data/4d-native-prerequisites-20261009/native-pip-requirements.txt (line 2))
  Downloading trimesh-5.1.0-py3-none-any.whl (750 kB)
     ━━━━━━━━━━━━━━━━━━━━━━━━━━━━━━━━━━━━━━━━ 750.0/750.0 kB 29.5 MB/s  0:00:00
Collecting einops==0.8.2 (from -r /root/rivermind-data/4d-native-prerequisites-20261009/native-pip-requirements.txt (line 3))
  Downloading einops-0.8.2-py3-none-any.whl (65 kB)
Collecting safetensors==0.8.0 (from -r /root/rivermind-data/4d-native-prerequisites-20261009/native-pip-requirements.txt (line 4))
  Downloading safetensors-0.8.0-cp310-abi3-manylinux_2_17_x86_64.manylinux2014_x86_64.whl (516 kB)
Collecting huggingface_hub==0.36.2 (from -r /root/rivermind-data/4d-native-prerequisites-20261009/native-pip-requirements.txt (line 5))
  Downloading huggingface_hub-0.36.2-py3-none-any.whl (566 kB)
     ━━━━━━━━━━━━━━━━━━━━━━━━━━━━━━━━━━━━━━━━ 566.4/566.4 kB 24.2 MB/s  0:00:00
Collecting transformers==4.57.6 (from -r /root/rivermind-data/4d-native-prerequisites-20261009/native-pip-requirements.txt (line 6))
  Downloading transformers-4.57.6-py3-none-any.whl (12.0 MB)
     ━━━━━━━━━━━━━━━━━━━━━━━━━━━━━━━━━━━━━━━━ 12.0/12.0 MB 25.3 MB/s  0:00:00
Collecting diffusers==0.39.0 (from -r /root/rivermind-data/4d-native-prerequisites-20261009/native-pip-requirements.txt (line 7))
  Downloading diffusers-0.39.0-py3-none-any.whl (5.6 MB)
     ━━━━━━━━━━━━━━━━━━━━━━━━━━━━━━━━━━━━━━━━ 5.6/5.6 MB 26.1 MB/s  0:00:00
Collecting hydra-core==1.3.7 (from -r /root/rivermind-data/4d-native-prerequisites-20261009/native-pip-requirements.txt (line 8))
  Downloading hydra_core-1.3.7-py3-none-any.whl (168 kB)
Collecting scikit-image==0.26.0 (from -r /root/rivermind-data/4d-native-prerequisites-20261009/native-pip-requirements.txt (line 9))
  Downloading scikit_image-0.26.0-cp311-cp311-manylinux_2_24_x86_64.manylinux_2_28_x86_64.whl (13.7 MB)
     ━━━━━━━━━━━━━━━━━━━━━━━━━━━━━━━━━━━━━━━━ 13.7/13.7 MB 22.0 MB/s  0:00:00
Collecting imageio==2.38.0 (from -r /root/rivermind-data/4d-native-prerequisites-20261009/native-pip-requirements.txt (line 10))
  Downloading imageio-2.38.0-py3-none-any.whl (328 kB)
Collecting imageio-ffmpeg==0.6.0 (from -r /root/rivermind-data/4d-native-prerequisites-20261009/native-pip-requirements.txt (line 11))
  Downloading imageio_ffmpeg-0.6.0-py3-none-manylinux2014_x86_64.whl (29.5 MB)
     ━━━━━━━━━━━━━━━━━━━━━━━━━━━━━━━━━━━━━━━━ 29.5/29.5 MB 26.5 MB/s  0:00:01
Collecting diso==0.1.4 (from -r /root/rivermind-data/4d-native-prerequisites-20261009/native-pip-requirements.txt (line 12))
  Downloading diso-0.1.4.tar.gz (24 kB)
  Installing build dependencies: started
  Installing build dependencies: finished with status 'done'
  Getting requirements to build wheel: started
  Getting requirements to build wheel: finished with status 'error'
  error: subprocess-exited-with-error
  
  × Getting requirements to build wheel did not run successfully.
  │ exit code: 1
  ╰─> [21 lines of output]
      Traceback (most recent call last):
        File "/opt/4d-native-cu121/lib/python3.11/site-packages/pip/_vendor/pyproject_hooks/_in_process/_in_process.py", line 389, in <module>
          main()
        File "/opt/4d-native-cu121/lib/python3.11/site-packages/pip/_vendor/pyproject_hooks/_in_process/_in_process.py", line 373, in main
          json_out["return_val"] = hook(**hook_input["kwargs"])
                                   ^^^^^^^^^^^^^^^^^^^^^^^^^^^^
        File "/opt/4d-native-cu121/lib/python3.11/site-packages/pip/_vendor/pyproject_hooks/_in_process/_in_process.py", line 143, in get_requires_for_build_wheel
          return hook(config_settings)
                 ^^^^^^^^^^^^^^^^^^^^^
        File "/tmp/pip-build-env-7z2rpchr/overlay/lib/python3.11/site-packages/setuptools/build_meta.py", line 333, in get_requires_for_build_wheel
          return self._get_build_requires(config_settings, requirements=[])
                 ^^^^^^^^^^^^^^^^^^^^^^^^^^^^^^^^^^^^^^^^^^^^^^^^^^^^^^^^^^
        File "/tmp/pip-build-env-7z2rpchr/overlay/lib/python3.11/site-packages/setuptools/build_meta.py", line 301, in _get_build_requires
          self.run_setup()
        File "/tmp/pip-build-env-7z2rpchr/overlay/lib/python3.11/site-packages/setuptools/build_meta.py", line 520, in run_setup
          super().run_setup(setup_script=setup_script)
        File "/tmp/pip-build-env-7z2rpchr/overlay/lib/python3.11/site-packages/setuptools/build_meta.py", line 317, in run_setup
          exec(code, locals())  # noqa: S102 # exec is intentional here
          ^^^^^^^^^^^^^^^^^^^^
        File "<string>", line 4, in <module>
      ModuleNotFoundError: No module named 'torch'
      [end of output]
  
  note: This error originates from a subprocess, and is likely not a problem with pip.
ERROR: Failed to build 'diso' when getting requirements to build wheel
