SHAPE_PROBE stage=loading_source_caches elapsed=6.89s
SHAPE_PROBE stage=loading_standalone_vae elapsed=7.00s
There are modules in TripoSGVAEModel that should be kept in float32: []. Casting directly with `to()` can lead to inconsistent results; set `torch_dtype` in `from_pretrained()` instead to keep these modules in float32.
SHAPE_PROBE stage=vae_ready elapsed=7.82s
SHAPE_PROBE stage=frame_00_decode_start elapsed=7.82s
/root/rivermind-data/actionmesh-repro/repo/third_party/TripoSG/triposg/inference_utils.py:259: UserWarning: Using a non-tuple sequence for multidimensional indexing is deprecated and will be changed in pytorch 2.9; use x[tuple(seq)] instead of x[seq]. In pytorch 2.9 this will be interpreted as tensor index, x[torch.tensor(seq)], which will result either in an error or a different result (Triggered internally at /pytorch/torch/csrc/autograd/python_variable_indexing.cpp:347.)
  sliced = padded[slice_dims]
final grids shape =  torch.Size([505, 505, 505])
SHAPE_PROBE stage=frame_00_decoded_saved elapsed=20.43s
SHAPE_PROBE stage=frame_00_samples_saved elapsed=20.88s
SHAPE_PROBE stage=frame_00_completed elapsed=21.24s
SHAPE_PROBE stage=frame_08_decode_start elapsed=21.24s
final grids shape =  torch.Size([505, 505, 505])
SHAPE_PROBE stage=frame_08_decoded_saved elapsed=38.42s
SHAPE_PROBE stage=frame_08_samples_saved elapsed=38.88s
SHAPE_PROBE stage=frame_08_completed elapsed=39.29s
SHAPE_PROBE stage=frame_15_decode_start elapsed=39.29s
final grids shape =  torch.Size([505, 505, 505])
SHAPE_PROBE stage=frame_15_decoded_saved elapsed=60.49s
SHAPE_PROBE stage=frame_15_samples_saved elapsed=60.93s
SHAPE_PROBE stage=frame_15_completed elapsed=61.35s
