SHAPE_PROBE stage=loading_source_caches elapsed=6.32s
SHAPE_PROBE stage=loading_standalone_vae elapsed=6.43s
There are modules in TripoSGVAEModel that should be kept in float32: []. Casting directly with `to()` can lead to inconsistent results; set `torch_dtype` in `from_pretrained()` instead to keep these modules in float32.
SHAPE_PROBE stage=vae_ready elapsed=7.26s
SHAPE_PROBE stage=frame_00_decode_start elapsed=7.26s
/root/rivermind-data/actionmesh-repro/repo/third_party/TripoSG/triposg/inference_utils.py:259: UserWarning: Using a non-tuple sequence for multidimensional indexing is deprecated and will be changed in pytorch 2.9; use x[tuple(seq)] instead of x[seq]. In pytorch 2.9 this will be interpreted as tensor index, x[torch.tensor(seq)], which will result either in an error or a different result (Triggered internally at /pytorch/torch/csrc/autograd/python_variable_indexing.cpp:347.)
  sliced = padded[slice_dims]
final grids shape =  torch.Size([505, 505, 505])
SHAPE_PROBE stage=frame_00_decoded_saved elapsed=46.20s
SHAPE_PROBE stage=frame_00_samples_saved elapsed=47.20s
SHAPE_PROBE stage=frame_00_completed elapsed=47.86s
SHAPE_PROBE stage=frame_08_decode_start elapsed=47.86s
final grids shape =  torch.Size([505, 505, 505])
SHAPE_PROBE stage=frame_08_decoded_saved elapsed=85.96s
SHAPE_PROBE stage=frame_08_samples_saved elapsed=87.02s
SHAPE_PROBE stage=frame_08_completed elapsed=87.72s
SHAPE_PROBE stage=frame_15_decode_start elapsed=87.72s
final grids shape =  torch.Size([505, 505, 505])
SHAPE_PROBE stage=frame_15_decoded_saved elapsed=113.79s
SHAPE_PROBE stage=frame_15_samples_saved elapsed=114.79s
SHAPE_PROBE stage=frame_15_completed elapsed=115.44s
