2026-10-07 09:12:40,002 - INFO - Found 1 GT, 1 pred, 1 common

Evaluating samples:   0%|          | 0/1 [00:00<?, ?it/s]

ICP per-frame:   0%|          | 0/16 [00:00<?, ?it/s][A

ICP per-frame:   6%|▋         | 1/16 [00:04<01:09,  4.63s/it][A

ICP per-frame:  12%|█▎        | 2/16 [00:07<00:51,  3.71s/it][A

ICP per-frame:  19%|█▉        | 3/16 [00:10<00:44,  3.40s/it][A

ICP per-frame:  25%|██▌       | 4/16 [00:13<00:38,  3.23s/it][A

ICP per-frame:  31%|███▏      | 5/16 [00:16<00:34,  3.14s/it][A

ICP per-frame:  38%|███▊      | 6/16 [00:19<00:30,  3.09s/it][A

ICP per-frame:  44%|████▍     | 7/16 [00:22<00:27,  3.06s/it][A

ICP per-frame:  50%|█████     | 8/16 [00:25<00:24,  3.05s/it][A

ICP per-frame:  56%|█████▋    | 9/16 [00:28<00:21,  3.05s/it][A

ICP per-frame:  62%|██████▎   | 10/16 [00:31<00:18,  3.04s/it][A

ICP per-frame:  69%|██████▉   | 11/16 [00:34<00:15,  3.05s/it][A

ICP per-frame:  75%|███████▌  | 12/16 [00:37<00:12,  3.05s/it][A

ICP per-frame:  81%|████████▏ | 13/16 [00:40<00:09,  3.06s/it][A

ICP per-frame:  88%|████████▊ | 14/16 [00:44<00:06,  3.06s/it][A

ICP per-frame:  94%|█████████▍| 15/16 [00:47<00:03,  3.07s/it][A

ICP per-frame: 100%|██████████| 16/16 [00:50<00:00,  3.08s/it][A
ICP per-frame: 100%|██████████| 16/16 [00:50<00:00,  3.14s/it]
2026-10-07 09:13:40,299 - INFO - [000-048_45e57349f062416aaf11f2c31587da16] CD_3D=0.055, CD_4D=0.056, CD_Motion=0.064

Evaluating samples: 100%|██████████| 1/1 [01:00<00:00, 60.30s/it]
Evaluating samples: 100%|██████████| 1/1 [01:00<00:00, 60.31s/it]
2026-10-07 09:13:40,311 - INFO - Results saved to: /root/rivermind-data/actionmesh-repro/checkouts/4d-longgoal-r2/runs/attempts/parity-r2/official-faithful-three-arm-parity-a1-08be7fccbe584ca2b18022b576b4b4e2/workspace/actionmesh/actionbench-parity-output/native/official.json.official/000-048_45e57349f062416aaf11f2c31587da16-native/official.csv
2026-10-07 09:13:40,311 - INFO - Summary saved to: /root/rivermind-data/actionmesh-repro/checkouts/4d-longgoal-r2/runs/attempts/parity-r2/official-faithful-three-arm-parity-a1-08be7fccbe584ca2b18022b576b4b4e2/workspace/actionmesh/actionbench-parity-output/native/official.json.official/000-048_45e57349f062416aaf11f2c31587da16-native/official.summary.json
