Data are loaded, start creating Blender stuff
glTF import finished in 0.03s
09:44:50 | INFO: Draco mesh compression is available, use library at /root/rivermind-data/actionmesh-repro/tools/blender-3.5.1-linux-x64/3.5/python/lib/python3.10/site-packages/libextern_draco.so
09:44:50 | INFO: Starting glTF 2.0 export
09:44:50 | INFO: Extracting primitive: geometry_0
09:44:51 | INFO: Primitives created: 1
09:44:51 | INFO: Draco encoder: Encoding mesh geometry_0.
09:44:51 | INFO: Finished glTF 2.0 export in 0.20983266830444336 s

Blender 3.5.1 (hash e1ccd9d4a1d3 built 2023-04-24 23:31:15)
DracoEncoder | Preserve triangle order: yes
DracoEncoder | Encoded 9606 vertices, 33354 indices, raw size: 258828, encoded size: 127334, compression ratio: 2.03

Blender quit
Blender 3.5.1 (hash e1ccd9d4a1d3 built 2023-04-24 23:31:15)
Fra:1 Mem:13.85M (Peak 13.85M) | Time:00:00.00 | Mem:0.00M, Peak:0.00M | Scene, ViewLayer | Synchronizing object | ActionMesh output
Fra:1 Mem:14.88M (Peak 14.88M) | Time:00:00.00 | Mem:0.00M, Peak:0.00M | Scene, ViewLayer | Initializing
Fra:1 Mem:12.70M (Peak 14.88M) | Time:00:00.00 | Mem:0.00M, Peak:0.00M | Scene, ViewLayer | Waiting for render to start
Fra:1 Mem:12.71M (Peak 14.88M) | Time:00:00.00 | Mem:0.00M, Peak:0.00M | Scene, ViewLayer | Loading render kernels (may take a few minutes the first time)
Fra:1 Mem:12.71M (Peak 14.88M) | Time:00:00.00 | Mem:0.00M, Peak:0.00M | Scene, ViewLayer | Updating Scene
Fra:1 Mem:12.71M (Peak 14.88M) | Time:00:00.00 | Mem:0.00M, Peak:0.00M | Scene, ViewLayer | Updating Shaders
Fra:1 Mem:12.71M (Peak 14.88M) | Time:00:00.00 | Mem:0.00M, Peak:0.00M | Scene, ViewLayer | Updating Procedurals
Fra:1 Mem:12.71M (Peak 14.88M) | Time:00:00.00 | Mem:0.00M, Peak:0.00M | Scene, ViewLayer | Updating Background
Fra:1 Mem:12.71M (Peak 14.88M) | Time:00:00.00 | Mem:0.00M, Peak:0.00M | Scene, ViewLayer | Updating Camera
Fra:1 Mem:12.71M (Peak 14.88M) | Time:00:00.00 | Mem:0.00M, Peak:0.00M | Scene, ViewLayer | Updating Meshes Flags
Fra:1 Mem:12.71M (Peak 14.88M) | Time:00:00.00 | Mem:0.00M, Peak:0.00M | Scene, ViewLayer | Updating Objects
Fra:1 Mem:12.71M (Peak 14.88M) | Time:00:00.00 | Mem:0.00M, Peak:0.00M | Scene, ViewLayer | Updating Objects | Copying Transformations to device
Fra:1 Mem:12.71M (Peak 14.88M) | Time:00:00.00 | Mem:0.00M, Peak:0.00M | Scene, ViewLayer | Updating Objects | Applying Static Transformations
Fra:1 Mem:12.71M (Peak 14.88M) | Time:00:00.00 | Mem:0.00M, Peak:0.00M | Scene, ViewLayer | Updating Particle Systems
Fra:1 Mem:12.71M (Peak 14.88M) | Time:00:00.00 | Mem:0.00M, Peak:0.00M | Scene, ViewLayer | Updating Particle Systems | Copying Particles to device
Fra:1 Mem:12.71M (Peak 14.88M) | Time:00:00.00 | Mem:0.00M, Peak:0.00M | Scene, ViewLayer | Updating Meshes
Fra:1 Mem:12.88M (Peak 14.88M) | Time:00:00.00 | Mem:0.00M, Peak:0.00M | Scene, ViewLayer | Updating Mesh | Computing attributes
Fra:1 Mem:12.99M (Peak 14.88M) | Time:00:00.00 | Mem:0.00M, Peak:0.00M | Scene, ViewLayer | Updating Mesh | Copying Attributes to device
Fra:1 Mem:12.99M (Peak 14.88M) | Time:00:00.00 | Mem:0.11M, Peak:0.11M | Scene, ViewLayer | Updating Scene BVH | Building
Fra:1 Mem:12.99M (Peak 14.88M) | Time:00:00.00 | Mem:0.11M, Peak:0.11M | Scene, ViewLayer | Updating Scene BVH | Building BVH
Fra:1 Mem:12.99M (Peak 14.88M) | Time:00:00.00 | Mem:0.85M, Peak:0.85M | Scene, ViewLayer | Updating Scene BVH | Building BVH 0%
Fra:1 Mem:12.99M (Peak 14.88M) | Time:00:00.01 | Mem:1.10M, Peak:1.60M | Scene, ViewLayer | Updating Scene BVH | Copying BVH to device
Fra:1 Mem:12.99M (Peak 14.88M) | Time:00:00.01 | Mem:1.10M, Peak:1.60M | Scene, ViewLayer | Updating Mesh | Computing normals
Fra:1 Mem:13.81M (Peak 14.88M) | Time:00:00.01 | Mem:1.10M, Peak:1.60M | Scene, ViewLayer | Updating Mesh | Copying Mesh to device
Fra:1 Mem:13.81M (Peak 14.88M) | Time:00:00.01 | Mem:1.92M, Peak:1.92M | Scene, ViewLayer | Updating Objects Flags
Fra:1 Mem:13.81M (Peak 14.88M) | Time:00:00.01 | Mem:1.92M, Peak:1.92M | Scene, ViewLayer | Updating Primitive Offsets
Fra:1 Mem:13.81M (Peak 14.88M) | Time:00:00.01 | Mem:1.92M, Peak:1.92M | Scene, ViewLayer | Updating Images
Fra:1 Mem:13.81M (Peak 14.88M) | Time:00:00.01 | Mem:1.92M, Peak:1.92M | Scene, ViewLayer | Updating Camera Volume
Fra:1 Mem:13.81M (Peak 14.88M) | Time:00:00.01 | Mem:1.92M, Peak:1.92M | Scene, ViewLayer | Updating Lookup Tables
Fra:1 Mem:13.81M (Peak 14.88M) | Time:00:00.01 | Mem:1.92M, Peak:1.92M | Scene, ViewLayer | Updating Lights
Fra:1 Mem:13.81M (Peak 14.88M) | Time:00:00.01 | Mem:1.92M, Peak:1.92M | Scene, ViewLayer | Updating Lights | Computing distribution
Fra:1 Mem:13.81M (Peak 14.88M) | Time:00:00.01 | Mem:1.92M, Peak:1.92M | Scene, ViewLayer | Updating Lights | Computing tree
Fra:1 Mem:13.81M (Peak 14.88M) | Time:00:00.01 | Mem:1.92M, Peak:1.92M | Scene, ViewLayer | Updating Integrator
Fra:1 Mem:14.81M (Peak 14.88M) | Time:00:00.01 | Mem:2.92M, Peak:2.92M | Scene, ViewLayer | Updating Film
Fra:1 Mem:14.81M (Peak 14.88M) | Time:00:00.01 | Mem:2.92M, Peak:2.92M | Scene, ViewLayer | Updating Lookup Tables
Fra:1 Mem:14.81M (Peak 14.88M) | Time:00:00.01 | Mem:2.92M, Peak:2.92M | Scene, ViewLayer | Updating Baking
Fra:1 Mem:14.81M (Peak 14.88M) | Time:00:00.01 | Mem:2.92M, Peak:2.92M | Scene, ViewLayer | Updating Device | Writing constant memory
Fra:1 Mem:14.81M (Peak 14.88M) | Time:00:00.01 | Mem:2.92M, Peak:2.92M | Scene, ViewLayer | Sample 0/16
Fra:1 Mem:33.84M (Peak 33.84M) | Time:00:00.05 | Remaining:00:00.66 | Mem:21.92M, Peak:21.92M | Scene, ViewLayer | Sample 1/16
Fra:1 Mem:41.84M (Peak 53.84M) | Time:00:00.92 | Mem:21.92M, Peak:21.92M | Scene, ViewLayer | Sample 16/16
Fra:1 Mem:41.84M (Peak 53.84M) | Time:00:00.92 | Mem:21.92M, Peak:21.92M | Scene, ViewLayer | Finished
Saved: '/root/rivermind-data/actionmesh-repro/outputs/applications-20261002/mesh-panda-4d/preview_frames/00.png'
 Time: 00:01.21 (Saving: 00:00.28)

Fra:1 Mem:14.02M (Peak 14.02M) | Time:00:00.00 | Mem:0.00M, Peak:0.00M | Scene, ViewLayer | Synchronizing object | ActionMesh output
Fra:1 Mem:14.88M (Peak 15.03M) | Time:00:00.00 | Mem:0.00M, Peak:0.00M | Scene, ViewLayer | Initializing
Fra:1 Mem:12.70M (Peak 15.03M) | Time:00:00.00 | Mem:0.00M, Peak:0.00M | Scene, ViewLayer | Waiting for render to start
Fra:1 Mem:12.71M (Peak 15.03M) | Time:00:00.00 | Mem:0.00M, Peak:0.00M | Scene, ViewLayer | Loading render kernels (may take a few minutes the first time)
Fra:1 Mem:12.71M (Peak 15.03M) | Time:00:00.00 | Mem:0.00M, Peak:0.00M | Scene, ViewLayer | Updating Scene
Fra:1 Mem:12.71M (Peak 15.03M) | Time:00:00.00 | Mem:0.00M, Peak:0.00M | Scene, ViewLayer | Updating Shaders
Fra:1 Mem:12.71M (Peak 15.03M) | Time:00:00.00 | Mem:0.00M, Peak:0.00M | Scene, ViewLayer | Updating Procedurals
Fra:1 Mem:12.71M (Peak 15.03M) | Time:00:00.00 | Mem:0.00M, Peak:0.00M | Scene, ViewLayer | Updating Background
Fra:1 Mem:12.71M (Peak 15.03M) | Time:00:00.00 | Mem:0.00M, Peak:0.00M | Scene, ViewLayer | Updating Camera
Fra:1 Mem:12.71M (Peak 15.03M) | Time:00:00.00 | Mem:0.00M, Peak:0.00M | Scene, ViewLayer | Updating Meshes Flags
Fra:1 Mem:12.71M (Peak 15.03M) | Time:00:00.00 | Mem:0.00M, Peak:0.00M | Scene, ViewLayer | Updating Objects
Fra:1 Mem:12.71M (Peak 15.03M) | Time:00:00.00 | Mem:0.00M, Peak:0.00M | Scene, ViewLayer | Updating Objects | Copying Transformations to device
Fra:1 Mem:12.71M (Peak 15.03M) | Time:00:00.00 | Mem:0.00M, Peak:0.00M | Scene, ViewLayer | Updating Objects | Applying Static Transformations
Fra:1 Mem:12.71M (Peak 15.03M) | Time:00:00.00 | Mem:0.00M, Peak:0.00M | Scene, ViewLayer | Updating Particle Systems
Fra:1 Mem:12.71M (Peak 15.03M) | Time:00:00.00 | Mem:0.00M, Peak:0.00M | Scene, ViewLayer | Updating Particle Systems | Copying Particles to device
Fra:1 Mem:12.71M (Peak 15.03M) | Time:00:00.00 | Mem:0.00M, Peak:0.00M | Scene, ViewLayer | Updating Meshes
Fra:1 Mem:12.88M (Peak 15.03M) | Time:00:00.00 | Mem:0.00M, Peak:0.00M | Scene, ViewLayer | Updating Mesh | Computing attributes
Fra:1 Mem:12.99M (Peak 15.03M) | Time:00:00.00 | Mem:0.00M, Peak:0.00M | Scene, ViewLayer | Updating Mesh | Copying Attributes to device
Fra:1 Mem:12.99M (Peak 15.03M) | Time:00:00.00 | Mem:0.11M, Peak:0.11M | Scene, ViewLayer | Updating Scene BVH | Building
Fra:1 Mem:12.99M (Peak 15.03M) | Time:00:00.00 | Mem:0.11M, Peak:0.11M | Scene, ViewLayer | Updating Scene BVH | Building BVH
Fra:1 Mem:12.99M (Peak 15.03M) | Time:00:00.00 | Mem:0.85M, Peak:0.85M | Scene, ViewLayer | Updating Scene BVH | Building BVH 0%
Fra:1 Mem:12.99M (Peak 15.03M) | Time:00:00.00 | Mem:1.10M, Peak:1.60M | Scene, ViewLayer | Updating Scene BVH | Copying BVH to device
Fra:1 Mem:12.99M (Peak 15.03M) | Time:00:00.00 | Mem:1.10M, Peak:1.60M | Scene, ViewLayer | Updating Mesh | Computing normals
Fra:1 Mem:13.81M (Peak 15.03M) | Time:00:00.00 | Mem:1.10M, Peak:1.60M | Scene, ViewLayer | Updating Mesh | Copying Mesh to device
Fra:1 Mem:13.81M (Peak 15.03M) | Time:00:00.00 | Mem:1.92M, Peak:1.92M | Scene, ViewLayer | Updating Objects Flags
Fra:1 Mem:13.81M (Peak 15.03M) | Time:00:00.00 | Mem:1.92M, Peak:1.92M | Scene, ViewLayer | Updating Primitive Offsets
Fra:1 Mem:13.81M (Peak 15.03M) | Time:00:00.00 | Mem:1.92M, Peak:1.92M | Scene, ViewLayer | Updating Images
Fra:1 Mem:13.81M (Peak 15.03M) | Time:00:00.00 | Mem:1.92M, Peak:1.92M | Scene, ViewLayer | Updating Camera Volume
Fra:1 Mem:13.81M (Peak 15.03M) | Time:00:00.00 | Mem:1.92M, Peak:1.92M | Scene, ViewLayer | Updating Lookup Tables
Fra:1 Mem:13.81M (Peak 15.03M) | Time:00:00.00 | Mem:1.92M, Peak:1.92M | Scene, ViewLayer | Updating Lights
Fra:1 Mem:13.81M (Peak 15.03M) | Time:00:00.00 | Mem:1.92M, Peak:1.92M | Scene, ViewLayer | Updating Lights | Computing distribution
Fra:1 Mem:13.81M (Peak 15.03M) | Time:00:00.00 | Mem:1.92M, Peak:1.92M | Scene, ViewLayer | Updating Lights | Computing tree
Fra:1 Mem:13.81M (Peak 15.03M) | Time:00:00.00 | Mem:1.92M, Peak:1.92M | Scene, ViewLayer | Updating Integrator
Fra:1 Mem:14.81M (Peak 15.03M) | Time:00:00.01 | Mem:2.92M, Peak:2.92M | Scene, ViewLayer | Updating Film
Fra:1 Mem:14.81M (Peak 15.03M) | Time:00:00.01 | Mem:2.92M, Peak:2.92M | Scene, ViewLayer | Updating Lookup Tables
Fra:1 Mem:14.81M (Peak 15.03M) | Time:00:00.01 | Mem:2.92M, Peak:2.92M | Scene, ViewLayer | Updating Baking
Fra:1 Mem:14.81M (Peak 15.03M) | Time:00:00.01 | Mem:2.92M, Peak:2.92M | Scene, ViewLayer | Updating Device | Writing constant memory
Fra:1 Mem:14.81M (Peak 15.03M) | Time:00:00.01 | Mem:2.92M, Peak:2.92M | Scene, ViewLayer | Sample 0/16
Fra:1 Mem:33.84M (Peak 33.84M) | Time:00:00.05 | Remaining:00:00.64 | Mem:21.92M, Peak:21.92M | Scene, ViewLayer | Sample 1/16
Fra:1 Mem:41.84M (Peak 53.84M) | Time:00:00.92 | Mem:21.92M, Peak:21.92M | Scene, ViewLayer | Sample 16/16
Fra:1 Mem:41.84M (Peak 53.84M) | Time:00:00.92 | Mem:21.92M, Peak:21.92M | Scene, ViewLayer | Finished
Saved: '/root/rivermind-data/actionmesh-repro/outputs/applications-20261002/mesh-panda-4d/preview_frames/01.png'
 Time: 00:00.96 (Saving: 00:00.02)

Fra:1 Mem:14.02M (Peak 14.02M) | Time:00:00.00 | Mem:0.00M, Peak:0.00M | Scene, ViewLayer | Synchronizing object | ActionMesh output
Fra:1 Mem:14.88M (Peak 15.03M) | Time:00:00.00 | Mem:0.00M, Peak:0.00M | Scene, ViewLayer | Initializing
Fra:1 Mem:12.70M (Peak 15.03M) | Time:00:00.00 | Mem:0.00M, Peak:0.00M | Scene, ViewLayer | Waiting for render to start
Fra:1 Mem:12.71M (Peak 15.03M) | Time:00:00.00 | Mem:0.00M, Peak:0.00M | Scene, ViewLayer | Loading render kernels (may take a few minutes the first time)
Fra:1 Mem:12.71M (Peak 15.03M) | Time:00:00.00 | Mem:0.00M, Peak:0.00M | Scene, ViewLayer | Updating Scene
Fra:1 Mem:12.71M (Peak 15.03M) | Time:00:00.00 | Mem:0.00M, Peak:0.00M | Scene, ViewLayer | Updating Shaders
Fra:1 Mem:12.71M (Peak 15.03M) | Time:00:00.00 | Mem:0.00M, Peak:0.00M | Scene, ViewLayer | Updating Procedurals
Fra:1 Mem:12.71M (Peak 15.03M) | Time:00:00.00 | Mem:0.00M, Peak:0.00M | Scene, ViewLayer | Updating Background
Fra:1 Mem:12.71M (Peak 15.03M) | Time:00:00.00 | Mem:0.00M, Peak:0.00M | Scene, ViewLayer | Updating Camera
Fra:1 Mem:12.71M (Peak 15.03M) | Time:00:00.00 | Mem:0.00M, Peak:0.00M | Scene, ViewLayer | Updating Meshes Flags
Fra:1 Mem:12.71M (Peak 15.03M) | Time:00:00.00 | Mem:0.00M, Peak:0.00M | Scene, ViewLayer | Updating Objects
Fra:1 Mem:12.71M (Peak 15.03M) | Time:00:00.00 | Mem:0.00M, Peak:0.00M | Scene, ViewLayer | Updating Objects | Copying Transformations to device
Fra:1 Mem:12.71M (Peak 15.03M) | Time:00:00.00 | Mem:0.00M, Peak:0.00M | Scene, ViewLayer | Updating Objects | Applying Static Transformations
Fra:1 Mem:12.71M (Peak 15.03M) | Time:00:00.00 | Mem:0.00M, Peak:0.00M | Scene, ViewLayer | Updating Particle Systems
Fra:1 Mem:12.71M (Peak 15.03M) | Time:00:00.00 | Mem:0.00M, Peak:0.00M | Scene, ViewLayer | Updating Particle Systems | Copying Particles to device
Fra:1 Mem:12.71M (Peak 15.03M) | Time:00:00.00 | Mem:0.00M, Peak:0.00M | Scene, ViewLayer | Updating Meshes
Fra:1 Mem:12.88M (Peak 15.03M) | Time:00:00.00 | Mem:0.00M, Peak:0.00M | Scene, ViewLayer | Updating Mesh | Computing attributes
Fra:1 Mem:12.99M (Peak 15.03M) | Time:00:00.00 | Mem:0.00M, Peak:0.00M | Scene, ViewLayer | Updating Mesh | Copying Attributes to device
Fra:1 Mem:12.99M (Peak 15.03M) | Time:00:00.00 | Mem:0.11M, Peak:0.11M | Scene, ViewLayer | Updating Scene BVH | Building
Fra:1 Mem:12.99M (Peak 15.03M) | Time:00:00.00 | Mem:0.11M, Peak:0.11M | Scene, ViewLayer | Updating Scene BVH | Building BVH
Fra:1 Mem:12.99M (Peak 15.03M) | Time:00:00.00 | Mem:0.85M, Peak:0.85M | Scene, ViewLayer | Updating Scene BVH | Building BVH 0%
Fra:1 Mem:12.99M (Peak 15.03M) | Time:00:00.00 | Mem:1.10M, Peak:1.60M | Scene, ViewLayer | Updating Scene BVH | Copying BVH to device
Fra:1 Mem:12.99M (Peak 15.03M) | Time:00:00.00 | Mem:1.10M, Peak:1.60M | Scene, ViewLayer | Updating Mesh | Computing normals
Fra:1 Mem:13.81M (Peak 15.03M) | Time:00:00.01 | Mem:1.10M, Peak:1.60M | Scene, ViewLayer | Updating Mesh | Copying Mesh to device
Fra:1 Mem:13.81M (Peak 15.03M) | Time:00:00.01 | Mem:1.92M, Peak:1.92M | Scene, ViewLayer | Updating Objects Flags
Fra:1 Mem:13.81M (Peak 15.03M) | Time:00:00.01 | Mem:1.92M, Peak:1.92M | Scene, ViewLayer | Updating Primitive Offsets
Fra:1 Mem:13.81M (Peak 15.03M) | Time:00:00.01 | Mem:1.92M, Peak:1.92M | Scene, ViewLayer | Updating Images
Fra:1 Mem:13.81M (Peak 15.03M) | Time:00:00.01 | Mem:1.92M, Peak:1.92M | Scene, ViewLayer | Updating Camera Volume
Fra:1 Mem:13.81M (Peak 15.03M) | Time:00:00.01 | Mem:1.92M, Peak:1.92M | Scene, ViewLayer | Updating Lookup Tables
Fra:1 Mem:13.81M (Peak 15.03M) | Time:00:00.01 | Mem:1.92M, Peak:1.92M | Scene, ViewLayer | Updating Lights
Fra:1 Mem:13.81M (Peak 15.03M) | Time:00:00.01 | Mem:1.92M, Peak:1.92M | Scene, ViewLayer | Updating Lights | Computing distribution
Fra:1 Mem:13.81M (Peak 15.03M) | Time:00:00.01 | Mem:1.92M, Peak:1.92M | Scene, ViewLayer | Updating Lights | Computing tree
Fra:1 Mem:13.81M (Peak 15.03M) | Time:00:00.01 | Mem:1.92M, Peak:1.92M | Scene, ViewLayer | Updating Integrator
Fra:1 Mem:14.81M (Peak 15.03M) | Time:00:00.01 | Mem:2.92M, Peak:2.92M | Scene, ViewLayer | Updating Film
Fra:1 Mem:14.81M (Peak 15.03M) | Time:00:00.01 | Mem:2.92M, Peak:2.92M | Scene, ViewLayer | Updating Lookup Tables
Fra:1 Mem:14.81M (Peak 15.03M) | Time:00:00.01 | Mem:2.92M, Peak:2.92M | Scene, ViewLayer | Updating Baking
Fra:1 Mem:14.81M (Peak 15.03M) | Time:00:00.01 | Mem:2.92M, Peak:2.92M | Scene, ViewLayer | Updating Device | Writing constant memory
Fra:1 Mem:14.81M (Peak 15.03M) | Time:00:00.01 | Mem:2.92M, Peak:2.92M | Scene, ViewLayer | Sample 0/16
Fra:1 Mem:33.84M (Peak 33.84M) | Time:00:00.05 | Remaining:00:00.65 | Mem:21.92M, Peak:21.92M | Scene, ViewLayer | Sample 1/16
Fra:1 Mem:41.84M (Peak 53.84M) | Time:00:00.95 | Mem:21.92M, Peak:21.92M | Scene, ViewLayer | Sample 16/16
Fra:1 Mem:41.84M (Peak 53.84M) | Time:00:00.95 | Mem:21.92M, Peak:21.92M | Scene, ViewLayer | Finished
Saved: '/root/rivermind-data/actionmesh-repro/outputs/applications-20261002/mesh-panda-4d/preview_frames/02.png'
 Time: 00:00.98 (Saving: 00:00.02)

Fra:1 Mem:14.02M (Peak 14.02M) | Time:00:00.00 | Mem:0.00M, Peak:0.00M | Scene, ViewLayer | Synchronizing object | ActionMesh output
Fra:1 Mem:14.88M (Peak 15.03M) | Time:00:00.00 | Mem:0.00M, Peak:0.00M | Scene, ViewLayer | Initializing
Fra:1 Mem:12.70M (Peak 15.03M) | Time:00:00.00 | Mem:0.00M, Peak:0.00M | Scene, ViewLayer | Waiting for render to start
Fra:1 Mem:12.71M (Peak 15.03M) | Time:00:00.00 | Mem:0.00M, Peak:0.00M | Scene, ViewLayer | Loading render kernels (may take a few minutes the first time)
Fra:1 Mem:12.71M (Peak 15.03M) | Time:00:00.00 | Mem:0.00M, Peak:0.00M | Scene, ViewLayer | Updating Scene
Fra:1 Mem:12.71M (Peak 15.03M) | Time:00:00.00 | Mem:0.00M, Peak:0.00M | Scene, ViewLayer | Updating Shaders
Fra:1 Mem:12.71M (Peak 15.03M) | Time:00:00.00 | Mem:0.00M, Peak:0.00M | Scene, ViewLayer | Updating Procedurals
Fra:1 Mem:12.71M (Peak 15.03M) | Time:00:00.00 | Mem:0.00M, Peak:0.00M | Scene, ViewLayer | Updating Background
Fra:1 Mem:12.71M (Peak 15.03M) | Time:00:00.00 | Mem:0.00M, Peak:0.00M | Scene, ViewLayer | Updating Camera
Fra:1 Mem:12.71M (Peak 15.03M) | Time:00:00.00 | Mem:0.00M, Peak:0.00M | Scene, ViewLayer | Updating Meshes Flags
Fra:1 Mem:12.71M (Peak 15.03M) | Time:00:00.00 | Mem:0.00M, Peak:0.00M | Scene, ViewLayer | Updating Objects
Fra:1 Mem:12.71M (Peak 15.03M) | Time:00:00.00 | Mem:0.00M, Peak:0.00M | Scene, ViewLayer | Updating Objects | Copying Transformations to device
Fra:1 Mem:12.71M (Peak 15.03M) | Time:00:00.00 | Mem:0.00M, Peak:0.00M | Scene, ViewLayer | Updating Objects | Applying Static Transformations
Fra:1 Mem:12.71M (Peak 15.03M) | Time:00:00.00 | Mem:0.00M, Peak:0.00M | Scene, ViewLayer | Updating Particle Systems
Fra:1 Mem:12.71M (Peak 15.03M) | Time:00:00.00 | Mem:0.00M, Peak:0.00M | Scene, ViewLayer | Updating Particle Systems | Copying Particles to device
Fra:1 Mem:12.71M (Peak 15.03M) | Time:00:00.00 | Mem:0.00M, Peak:0.00M | Scene, ViewLayer | Updating Meshes
Fra:1 Mem:12.88M (Peak 15.03M) | Time:00:00.00 | Mem:0.00M, Peak:0.00M | Scene, ViewLayer | Updating Mesh | Computing attributes
Fra:1 Mem:12.99M (Peak 15.03M) | Time:00:00.00 | Mem:0.00M, Peak:0.00M | Scene, ViewLayer | Updating Mesh | Copying Attributes to device
Fra:1 Mem:12.99M (Peak 15.03M) | Time:00:00.00 | Mem:0.11M, Peak:0.11M | Scene, ViewLayer | Updating Scene BVH | Building
Fra:1 Mem:12.99M (Peak 15.03M) | Time:00:00.00 | Mem:0.11M, Peak:0.11M | Scene, ViewLayer | Updating Scene BVH | Building BVH
Fra:1 Mem:12.99M (Peak 15.03M) | Time:00:00.00 | Mem:0.85M, Peak:0.85M | Scene, ViewLayer | Updating Scene BVH | Building BVH 0%
Fra:1 Mem:12.99M (Peak 15.03M) | Time:00:00.00 | Mem:1.10M, Peak:1.60M | Scene, ViewLayer | Updating Scene BVH | Copying BVH to device
Fra:1 Mem:12.99M (Peak 15.03M) | Time:00:00.00 | Mem:1.10M, Peak:1.60M | Scene, ViewLayer | Updating Mesh | Computing normals
Fra:1 Mem:13.81M (Peak 15.03M) | Time:00:00.00 | Mem:1.10M, Peak:1.60M | Scene, ViewLayer | Updating Mesh | Copying Mesh to device
Fra:1 Mem:13.81M (Peak 15.03M) | Time:00:00.00 | Mem:1.92M, Peak:1.92M | Scene, ViewLayer | Updating Objects Flags
Fra:1 Mem:13.81M (Peak 15.03M) | Time:00:00.00 | Mem:1.92M, Peak:1.92M | Scene, ViewLayer | Updating Primitive Offsets
Fra:1 Mem:13.81M (Peak 15.03M) | Time:00:00.00 | Mem:1.92M, Peak:1.92M | Scene, ViewLayer | Updating Images
Fra:1 Mem:13.81M (Peak 15.03M) | Time:00:00.00 | Mem:1.92M, Peak:1.92M | Scene, ViewLayer | Updating Camera Volume
Fra:1 Mem:13.81M (Peak 15.03M) | Time:00:00.00 | Mem:1.92M, Peak:1.92M | Scene, ViewLayer | Updating Lookup Tables
Fra:1 Mem:13.81M (Peak 15.03M) | Time:00:00.00 | Mem:1.92M, Peak:1.92M | Scene, ViewLayer | Updating Lights
Fra:1 Mem:13.81M (Peak 15.03M) | Time:00:00.00 | Mem:1.92M, Peak:1.92M | Scene, ViewLayer | Updating Lights | Computing distribution
Fra:1 Mem:13.81M (Peak 15.03M) | Time:00:00.00 | Mem:1.92M, Peak:1.92M | Scene, ViewLayer | Updating Lights | Computing tree
Fra:1 Mem:13.81M (Peak 15.03M) | Time:00:00.00 | Mem:1.92M, Peak:1.92M | Scene, ViewLayer | Updating Integrator
Fra:1 Mem:14.81M (Peak 15.03M) | Time:00:00.01 | Mem:2.92M, Peak:2.92M | Scene, ViewLayer | Updating Film
Fra:1 Mem:14.81M (Peak 15.03M) | Time:00:00.01 | Mem:2.92M, Peak:2.92M | Scene, ViewLayer | Updating Lookup Tables
Fra:1 Mem:14.81M (Peak 15.03M) | Time:00:00.01 | Mem:2.92M, Peak:2.92M | Scene, ViewLayer | Updating Baking
Fra:1 Mem:14.81M (Peak 15.03M) | Time:00:00.01 | Mem:2.92M, Peak:2.92M | Scene, ViewLayer | Updating Device | Writing constant memory
Fra:1 Mem:14.81M (Peak 15.03M) | Time:00:00.01 | Mem:2.92M, Peak:2.92M | Scene, ViewLayer | Sample 0/16
Fra:1 Mem:33.84M (Peak 33.84M) | Time:00:00.05 | Remaining:00:00.61 | Mem:21.92M, Peak:21.92M | Scene, ViewLayer | Sample 1/16
Fra:1 Mem:41.84M (Peak 53.84M) | Time:00:00.91 | Mem:21.92M, Peak:21.92M | Scene, ViewLayer | Sample 16/16
Fra:1 Mem:41.84M (Peak 53.84M) | Time:00:00.91 | Mem:21.92M, Peak:21.92M | Scene, ViewLayer | Finished
Saved: '/root/rivermind-data/actionmesh-repro/outputs/applications-20261002/mesh-panda-4d/preview_frames/03.png'
 Time: 00:00.94 (Saving: 00:00.02)

Fra:1 Mem:14.02M (Peak 14.04M) | Time:00:00.00 | Mem:0.00M, Peak:0.00M | Scene, ViewLayer | Synchronizing object | ActionMesh output
Fra:1 Mem:14.88M (Peak 15.03M) | Time:00:00.00 | Mem:0.00M, Peak:0.00M | Scene, ViewLayer | Initializing
Fra:1 Mem:12.70M (Peak 15.03M) | Time:00:00.00 | Mem:0.00M, Peak:0.00M | Scene, ViewLayer | Waiting for render to start
Fra:1 Mem:12.71M (Peak 15.03M) | Time:00:00.00 | Mem:0.00M, Peak:0.00M | Scene, ViewLayer | Loading render kernels (may take a few minutes the first time)
Fra:1 Mem:12.71M (Peak 15.03M) | Time:00:00.00 | Mem:0.00M, Peak:0.00M | Scene, ViewLayer | Updating Scene
Fra:1 Mem:12.71M (Peak 15.03M) | Time:00:00.00 | Mem:0.00M, Peak:0.00M | Scene, ViewLayer | Updating Shaders
Fra:1 Mem:12.71M (Peak 15.03M) | Time:00:00.00 | Mem:0.00M, Peak:0.00M | Scene, ViewLayer | Updating Procedurals
Fra:1 Mem:12.71M (Peak 15.03M) | Time:00:00.00 | Mem:0.00M, Peak:0.00M | Scene, ViewLayer | Updating Background
Fra:1 Mem:12.71M (Peak 15.03M) | Time:00:00.00 | Mem:0.00M, Peak:0.00M | Scene, ViewLayer | Updating Camera
Fra:1 Mem:12.71M (Peak 15.03M) | Time:00:00.00 | Mem:0.00M, Peak:0.00M | Scene, ViewLayer | Updating Meshes Flags
Fra:1 Mem:12.71M (Peak 15.03M) | Time:00:00.00 | Mem:0.00M, Peak:0.00M | Scene, ViewLayer | Updating Objects
Fra:1 Mem:12.71M (Peak 15.03M) | Time:00:00.00 | Mem:0.00M, Peak:0.00M | Scene, ViewLayer | Updating Objects | Copying Transformations to device
Fra:1 Mem:12.71M (Peak 15.03M) | Time:00:00.00 | Mem:0.00M, Peak:0.00M | Scene, ViewLayer | Updating Objects | Applying Static Transformations
Fra:1 Mem:12.71M (Peak 15.03M) | Time:00:00.00 | Mem:0.00M, Peak:0.00M | Scene, ViewLayer | Updating Particle Systems
Fra:1 Mem:12.71M (Peak 15.03M) | Time:00:00.00 | Mem:0.00M, Peak:0.00M | Scene, ViewLayer | Updating Particle Systems | Copying Particles to device
Fra:1 Mem:12.71M (Peak 15.03M) | Time:00:00.00 | Mem:0.00M, Peak:0.00M | Scene, ViewLayer | Updating Meshes
Fra:1 Mem:12.88M (Peak 15.03M) | Time:00:00.00 | Mem:0.00M, Peak:0.00M | Scene, ViewLayer | Updating Mesh | Computing attributes
Fra:1 Mem:12.99M (Peak 15.03M) | Time:00:00.00 | Mem:0.00M, Peak:0.00M | Scene, ViewLayer | Updating Mesh | Copying Attributes to device
Fra:1 Mem:12.99M (Peak 15.03M) | Time:00:00.00 | Mem:0.11M, Peak:0.11M | Scene, ViewLayer | Updating Scene BVH | Building
Fra:1 Mem:12.99M (Peak 15.03M) | Time:00:00.00 | Mem:0.11M, Peak:0.11M | Scene, ViewLayer | Updating Scene BVH | Building BVH
Fra:1 Mem:12.99M (Peak 15.03M) | Time:00:00.00 | Mem:0.85M, Peak:0.85M | Scene, ViewLayer | Updating Scene BVH | Building BVH 0%
Fra:1 Mem:12.99M (Peak 15.03M) | Time:00:00.00 | Mem:1.10M, Peak:1.60M | Scene, ViewLayer | Updating Scene BVH | Copying BVH to device
Fra:1 Mem:12.99M (Peak 15.03M) | Time:00:00.00 | Mem:1.10M, Peak:1.60M | Scene, ViewLayer | Updating Mesh | Computing normals
Fra:1 Mem:13.81M (Peak 15.03M) | Time:00:00.00 | Mem:1.10M, Peak:1.60M | Scene, ViewLayer | Updating Mesh | Copying Mesh to device
Fra:1 Mem:13.81M (Peak 15.03M) | Time:00:00.00 | Mem:1.92M, Peak:1.92M | Scene, ViewLayer | Updating Objects Flags
Fra:1 Mem:13.81M (Peak 15.03M) | Time:00:00.00 | Mem:1.92M, Peak:1.92M | Scene, ViewLayer | Updating Primitive Offsets
Fra:1 Mem:13.81M (Peak 15.03M) | Time:00:00.00 | Mem:1.92M, Peak:1.92M | Scene, ViewLayer | Updating Images
Fra:1 Mem:13.81M (Peak 15.03M) | Time:00:00.00 | Mem:1.92M, Peak:1.92M | Scene, ViewLayer | Updating Camera Volume
Fra:1 Mem:13.81M (Peak 15.03M) | Time:00:00.00 | Mem:1.92M, Peak:1.92M | Scene, ViewLayer | Updating Lookup Tables
Fra:1 Mem:13.81M (Peak 15.03M) | Time:00:00.00 | Mem:1.92M, Peak:1.92M | Scene, ViewLayer | Updating Lights
Fra:1 Mem:13.81M (Peak 15.03M) | Time:00:00.00 | Mem:1.92M, Peak:1.92M | Scene, ViewLayer | Updating Lights | Computing distribution
Fra:1 Mem:13.81M (Peak 15.03M) | Time:00:00.00 | Mem:1.92M, Peak:1.92M | Scene, ViewLayer | Updating Lights | Computing tree
Fra:1 Mem:13.81M (Peak 15.03M) | Time:00:00.00 | Mem:1.92M, Peak:1.92M | Scene, ViewLayer | Updating Integrator
Fra:1 Mem:14.81M (Peak 15.03M) | Time:00:00.01 | Mem:2.92M, Peak:2.92M | Scene, ViewLayer | Updating Film
Fra:1 Mem:14.81M (Peak 15.03M) | Time:00:00.01 | Mem:2.92M, Peak:2.92M | Scene, ViewLayer | Updating Lookup Tables
Fra:1 Mem:14.81M (Peak 15.03M) | Time:00:00.01 | Mem:2.92M, Peak:2.92M | Scene, ViewLayer | Updating Baking
Fra:1 Mem:14.81M (Peak 15.03M) | Time:00:00.01 | Mem:2.92M, Peak:2.92M | Scene, ViewLayer | Updating Device | Writing constant memory
Fra:1 Mem:14.81M (Peak 15.03M) | Time:00:00.01 | Mem:2.92M, Peak:2.92M | Scene, ViewLayer | Sample 0/16
Fra:1 Mem:33.84M (Peak 33.84M) | Time:00:00.05 | Remaining:00:00.60 | Mem:21.92M, Peak:21.92M | Scene, ViewLayer | Sample 1/16
Fra:1 Mem:41.84M (Peak 53.84M) | Time:00:00.89 | Mem:21.92M, Peak:21.92M | Scene, ViewLayer | Sample 16/16
Fra:1 Mem:41.84M (Peak 53.84M) | Time:00:00.89 | Mem:21.92M, Peak:21.92M | Scene, ViewLayer | Finished
Saved: '/root/rivermind-data/actionmesh-repro/outputs/applications-20261002/mesh-panda-4d/preview_frames/04.png'
 Time: 00:00.92 (Saving: 00:00.03)

Fra:1 Mem:14.02M (Peak 14.04M) | Time:00:00.00 | Mem:0.00M, Peak:0.00M | Scene, ViewLayer | Synchronizing object | ActionMesh output
Fra:1 Mem:14.88M (Peak 15.03M) | Time:00:00.00 | Mem:0.00M, Peak:0.00M | Scene, ViewLayer | Initializing
Fra:1 Mem:12.70M (Peak 15.03M) | Time:00:00.00 | Mem:0.00M, Peak:0.00M | Scene, ViewLayer | Waiting for render to start
Fra:1 Mem:12.71M (Peak 15.03M) | Time:00:00.00 | Mem:0.00M, Peak:0.00M | Scene, ViewLayer | Loading render kernels (may take a few minutes the first time)
Fra:1 Mem:12.71M (Peak 15.03M) | Time:00:00.00 | Mem:0.00M, Peak:0.00M | Scene, ViewLayer | Updating Scene
Fra:1 Mem:12.71M (Peak 15.03M) | Time:00:00.00 | Mem:0.00M, Peak:0.00M | Scene, ViewLayer | Updating Shaders
Fra:1 Mem:12.71M (Peak 15.03M) | Time:00:00.00 | Mem:0.00M, Peak:0.00M | Scene, ViewLayer | Updating Procedurals
Fra:1 Mem:12.71M (Peak 15.03M) | Time:00:00.00 | Mem:0.00M, Peak:0.00M | Scene, ViewLayer | Updating Background
Fra:1 Mem:12.71M (Peak 15.03M) | Time:00:00.00 | Mem:0.00M, Peak:0.00M | Scene, ViewLayer | Updating Camera
Fra:1 Mem:12.71M (Peak 15.03M) | Time:00:00.00 | Mem:0.00M, Peak:0.00M | Scene, ViewLayer | Updating Meshes Flags
Fra:1 Mem:12.71M (Peak 15.03M) | Time:00:00.00 | Mem:0.00M, Peak:0.00M | Scene, ViewLayer | Updating Objects
Fra:1 Mem:12.71M (Peak 15.03M) | Time:00:00.00 | Mem:0.00M, Peak:0.00M | Scene, ViewLayer | Updating Objects | Copying Transformations to device
Fra:1 Mem:12.71M (Peak 15.03M) | Time:00:00.00 | Mem:0.00M, Peak:0.00M | Scene, ViewLayer | Updating Objects | Applying Static Transformations
Fra:1 Mem:12.71M (Peak 15.03M) | Time:00:00.00 | Mem:0.00M, Peak:0.00M | Scene, ViewLayer | Updating Particle Systems
Fra:1 Mem:12.71M (Peak 15.03M) | Time:00:00.00 | Mem:0.00M, Peak:0.00M | Scene, ViewLayer | Updating Particle Systems | Copying Particles to device
Fra:1 Mem:12.71M (Peak 15.03M) | Time:00:00.00 | Mem:0.00M, Peak:0.00M | Scene, ViewLayer | Updating Meshes
Fra:1 Mem:12.88M (Peak 15.03M) | Time:00:00.00 | Mem:0.00M, Peak:0.00M | Scene, ViewLayer | Updating Mesh | Computing attributes
Fra:1 Mem:12.99M (Peak 15.03M) | Time:00:00.00 | Mem:0.00M, Peak:0.00M | Scene, ViewLayer | Updating Mesh | Copying Attributes to device
Fra:1 Mem:12.99M (Peak 15.03M) | Time:00:00.00 | Mem:0.11M, Peak:0.11M | Scene, ViewLayer | Updating Scene BVH | Building
Fra:1 Mem:12.99M (Peak 15.03M) | Time:00:00.00 | Mem:0.11M, Peak:0.11M | Scene, ViewLayer | Updating Scene BVH | Building BVH
Fra:1 Mem:12.99M (Peak 15.03M) | Time:00:00.00 | Mem:0.85M, Peak:0.85M | Scene, ViewLayer | Updating Scene BVH | Building BVH 0%
Fra:1 Mem:12.99M (Peak 15.03M) | Time:00:00.00 | Mem:1.10M, Peak:1.60M | Scene, ViewLayer | Updating Scene BVH | Copying BVH to device
Fra:1 Mem:12.99M (Peak 15.03M) | Time:00:00.00 | Mem:1.10M, Peak:1.60M | Scene, ViewLayer | Updating Mesh | Computing normals
Fra:1 Mem:13.81M (Peak 15.03M) | Time:00:00.00 | Mem:1.10M, Peak:1.60M | Scene, ViewLayer | Updating Mesh | Copying Mesh to device
Fra:1 Mem:13.81M (Peak 15.03M) | Time:00:00.00 | Mem:1.92M, Peak:1.92M | Scene, ViewLayer | Updating Objects Flags
Fra:1 Mem:13.81M (Peak 15.03M) | Time:00:00.00 | Mem:1.92M, Peak:1.92M | Scene, ViewLayer | Updating Primitive Offsets
Fra:1 Mem:13.81M (Peak 15.03M) | Time:00:00.00 | Mem:1.92M, Peak:1.92M | Scene, ViewLayer | Updating Images
Fra:1 Mem:13.81M (Peak 15.03M) | Time:00:00.00 | Mem:1.92M, Peak:1.92M | Scene, ViewLayer | Updating Camera Volume
Fra:1 Mem:13.81M (Peak 15.03M) | Time:00:00.00 | Mem:1.92M, Peak:1.92M | Scene, ViewLayer | Updating Lookup Tables
Fra:1 Mem:13.81M (Peak 15.03M) | Time:00:00.00 | Mem:1.92M, Peak:1.92M | Scene, ViewLayer | Updating Lights
Fra:1 Mem:13.81M (Peak 15.03M) | Time:00:00.00 | Mem:1.92M, Peak:1.92M | Scene, ViewLayer | Updating Lights | Computing distribution
Fra:1 Mem:13.81M (Peak 15.03M) | Time:00:00.00 | Mem:1.92M, Peak:1.92M | Scene, ViewLayer | Updating Lights | Computing tree
Fra:1 Mem:13.81M (Peak 15.03M) | Time:00:00.00 | Mem:1.92M, Peak:1.92M | Scene, ViewLayer | Updating Integrator
Fra:1 Mem:14.81M (Peak 15.03M) | Time:00:00.00 | Mem:2.92M, Peak:2.92M | Scene, ViewLayer | Updating Film
Fra:1 Mem:14.81M (Peak 15.03M) | Time:00:00.00 | Mem:2.92M, Peak:2.92M | Scene, ViewLayer | Updating Lookup Tables
Fra:1 Mem:14.81M (Peak 15.03M) | Time:00:00.00 | Mem:2.92M, Peak:2.92M | Scene, ViewLayer | Updating Baking
Fra:1 Mem:14.81M (Peak 15.03M) | Time:00:00.00 | Mem:2.92M, Peak:2.92M | Scene, ViewLayer | Updating Device | Writing constant memory
Fra:1 Mem:14.81M (Peak 15.03M) | Time:00:00.00 | Mem:2.92M, Peak:2.92M | Scene, ViewLayer | Sample 0/16
Fra:1 Mem:33.84M (Peak 33.84M) | Time:00:00.04 | Remaining:00:00.60 | Mem:21.92M, Peak:21.92M | Scene, ViewLayer | Sample 1/16
Fra:1 Mem:41.84M (Peak 53.84M) | Time:00:00.89 | Mem:21.92M, Peak:21.92M | Scene, ViewLayer | Sample 16/16
Fra:1 Mem:41.84M (Peak 53.84M) | Time:00:00.89 | Mem:21.92M, Peak:21.92M | Scene, ViewLayer | Finished
Saved: '/root/rivermind-data/actionmesh-repro/outputs/applications-20261002/mesh-panda-4d/preview_frames/05.png'
 Time: 00:00.92 (Saving: 00:00.02)

Fra:1 Mem:14.02M (Peak 14.02M) | Time:00:00.00 | Mem:0.00M, Peak:0.00M | Scene, ViewLayer | Synchronizing object | ActionMesh output
Fra:1 Mem:14.88M (Peak 15.03M) | Time:00:00.00 | Mem:0.00M, Peak:0.00M | Scene, ViewLayer | Initializing
Fra:1 Mem:12.70M (Peak 15.03M) | Time:00:00.00 | Mem:0.00M, Peak:0.00M | Scene, ViewLayer | Waiting for render to start
Fra:1 Mem:12.71M (Peak 15.03M) | Time:00:00.00 | Mem:0.00M, Peak:0.00M | Scene, ViewLayer | Loading render kernels (may take a few minutes the first time)
Fra:1 Mem:12.71M (Peak 15.03M) | Time:00:00.00 | Mem:0.00M, Peak:0.00M | Scene, ViewLayer | Updating Scene
Fra:1 Mem:12.71M (Peak 15.03M) | Time:00:00.00 | Mem:0.00M, Peak:0.00M | Scene, ViewLayer | Updating Shaders
Fra:1 Mem:12.71M (Peak 15.03M) | Time:00:00.00 | Mem:0.00M, Peak:0.00M | Scene, ViewLayer | Updating Procedurals
Fra:1 Mem:12.71M (Peak 15.03M) | Time:00:00.00 | Mem:0.00M, Peak:0.00M | Scene, ViewLayer | Updating Background
Fra:1 Mem:12.71M (Peak 15.03M) | Time:00:00.00 | Mem:0.00M, Peak:0.00M | Scene, ViewLayer | Updating Camera
Fra:1 Mem:12.71M (Peak 15.03M) | Time:00:00.00 | Mem:0.00M, Peak:0.00M | Scene, ViewLayer | Updating Meshes Flags
Fra:1 Mem:12.71M (Peak 15.03M) | Time:00:00.00 | Mem:0.00M, Peak:0.00M | Scene, ViewLayer | Updating Objects
Fra:1 Mem:12.71M (Peak 15.03M) | Time:00:00.00 | Mem:0.00M, Peak:0.00M | Scene, ViewLayer | Updating Objects | Copying Transformations to device
Fra:1 Mem:12.71M (Peak 15.03M) | Time:00:00.00 | Mem:0.00M, Peak:0.00M | Scene, ViewLayer | Updating Objects | Applying Static Transformations
Fra:1 Mem:12.71M (Peak 15.03M) | Time:00:00.00 | Mem:0.00M, Peak:0.00M | Scene, ViewLayer | Updating Particle Systems
Fra:1 Mem:12.71M (Peak 15.03M) | Time:00:00.00 | Mem:0.00M, Peak:0.00M | Scene, ViewLayer | Updating Particle Systems | Copying Particles to device
Fra:1 Mem:12.71M (Peak 15.03M) | Time:00:00.00 | Mem:0.00M, Peak:0.00M | Scene, ViewLayer | Updating Meshes
Fra:1 Mem:12.88M (Peak 15.03M) | Time:00:00.00 | Mem:0.00M, Peak:0.00M | Scene, ViewLayer | Updating Mesh | Computing attributes
Fra:1 Mem:12.99M (Peak 15.03M) | Time:00:00.00 | Mem:0.00M, Peak:0.00M | Scene, ViewLayer | Updating Mesh | Copying Attributes to device
Fra:1 Mem:12.99M (Peak 15.03M) | Time:00:00.00 | Mem:0.11M, Peak:0.11M | Scene, ViewLayer | Updating Scene BVH | Building
Fra:1 Mem:12.99M (Peak 15.03M) | Time:00:00.00 | Mem:0.11M, Peak:0.11M | Scene, ViewLayer | Updating Scene BVH | Building BVH
Fra:1 Mem:12.99M (Peak 15.03M) | Time:00:00.00 | Mem:0.85M, Peak:0.85M | Scene, ViewLayer | Updating Scene BVH | Building BVH 0%
Fra:1 Mem:12.99M (Peak 15.03M) | Time:00:00.00 | Mem:1.10M, Peak:1.60M | Scene, ViewLayer | Updating Scene BVH | Copying BVH to device
Fra:1 Mem:12.99M (Peak 15.03M) | Time:00:00.00 | Mem:1.10M, Peak:1.60M | Scene, ViewLayer | Updating Mesh | Computing normals
Fra:1 Mem:13.81M (Peak 15.03M) | Time:00:00.00 | Mem:1.10M, Peak:1.60M | Scene, ViewLayer | Updating Mesh | Copying Mesh to device
Fra:1 Mem:13.81M (Peak 15.03M) | Time:00:00.00 | Mem:1.92M, Peak:1.92M | Scene, ViewLayer | Updating Objects Flags
Fra:1 Mem:13.81M (Peak 15.03M) | Time:00:00.00 | Mem:1.92M, Peak:1.92M | Scene, ViewLayer | Updating Primitive Offsets
Fra:1 Mem:13.81M (Peak 15.03M) | Time:00:00.00 | Mem:1.92M, Peak:1.92M | Scene, ViewLayer | Updating Images
Fra:1 Mem:13.81M (Peak 15.03M) | Time:00:00.00 | Mem:1.92M, Peak:1.92M | Scene, ViewLayer | Updating Camera Volume
Fra:1 Mem:13.81M (Peak 15.03M) | Time:00:00.00 | Mem:1.92M, Peak:1.92M | Scene, ViewLayer | Updating Lookup Tables
Fra:1 Mem:13.81M (Peak 15.03M) | Time:00:00.00 | Mem:1.92M, Peak:1.92M | Scene, ViewLayer | Updating Lights
Fra:1 Mem:13.81M (Peak 15.03M) | Time:00:00.00 | Mem:1.92M, Peak:1.92M | Scene, ViewLayer | Updating Lights | Computing distribution
Fra:1 Mem:13.81M (Peak 15.03M) | Time:00:00.00 | Mem:1.92M, Peak:1.92M | Scene, ViewLayer | Updating Lights | Computing tree
Fra:1 Mem:13.81M (Peak 15.03M) | Time:00:00.00 | Mem:1.92M, Peak:1.92M | Scene, ViewLayer | Updating Integrator
Fra:1 Mem:14.81M (Peak 15.03M) | Time:00:00.00 | Mem:2.92M, Peak:2.92M | Scene, ViewLayer | Updating Film
Fra:1 Mem:14.81M (Peak 15.03M) | Time:00:00.00 | Mem:2.92M, Peak:2.92M | Scene, ViewLayer | Updating Lookup Tables
Fra:1 Mem:14.81M (Peak 15.03M) | Time:00:00.00 | Mem:2.92M, Peak:2.92M | Scene, ViewLayer | Updating Baking
Fra:1 Mem:14.81M (Peak 15.03M) | Time:00:00.00 | Mem:2.92M, Peak:2.92M | Scene, ViewLayer | Updating Device | Writing constant memory
Fra:1 Mem:14.81M (Peak 15.03M) | Time:00:00.00 | Mem:2.92M, Peak:2.92M | Scene, ViewLayer | Sample 0/16
Fra:1 Mem:33.84M (Peak 33.84M) | Time:00:00.04 | Remaining:00:00.60 | Mem:21.92M, Peak:21.92M | Scene, ViewLayer | Sample 1/16
Fra:1 Mem:41.84M (Peak 53.84M) | Time:00:00.88 | Mem:21.92M, Peak:21.92M | Scene, ViewLayer | Sample 16/16
Fra:1 Mem:41.84M (Peak 53.84M) | Time:00:00.88 | Mem:21.92M, Peak:21.92M | Scene, ViewLayer | Finished
Saved: '/root/rivermind-data/actionmesh-repro/outputs/applications-20261002/mesh-panda-4d/preview_frames/06.png'
 Time: 00:00.91 (Saving: 00:00.02)

Fra:1 Mem:14.02M (Peak 14.04M) | Time:00:00.00 | Mem:0.00M, Peak:0.00M | Scene, ViewLayer | Synchronizing object | ActionMesh output
Fra:1 Mem:14.88M (Peak 15.03M) | Time:00:00.00 | Mem:0.00M, Peak:0.00M | Scene, ViewLayer | Initializing
Fra:1 Mem:12.70M (Peak 15.03M) | Time:00:00.00 | Mem:0.00M, Peak:0.00M | Scene, ViewLayer | Waiting for render to start
Fra:1 Mem:12.71M (Peak 15.03M) | Time:00:00.00 | Mem:0.00M, Peak:0.00M | Scene, ViewLayer | Loading render kernels (may take a few minutes the first time)
Fra:1 Mem:12.71M (Peak 15.03M) | Time:00:00.00 | Mem:0.00M, Peak:0.00M | Scene, ViewLayer | Updating Scene
Fra:1 Mem:12.71M (Peak 15.03M) | Time:00:00.00 | Mem:0.00M, Peak:0.00M | Scene, ViewLayer | Updating Shaders
Fra:1 Mem:12.71M (Peak 15.03M) | Time:00:00.00 | Mem:0.00M, Peak:0.00M | Scene, ViewLayer | Updating Procedurals
Fra:1 Mem:12.71M (Peak 15.03M) | Time:00:00.00 | Mem:0.00M, Peak:0.00M | Scene, ViewLayer | Updating Background
Fra:1 Mem:12.71M (Peak 15.03M) | Time:00:00.00 | Mem:0.00M, Peak:0.00M | Scene, ViewLayer | Updating Camera
Fra:1 Mem:12.71M (Peak 15.03M) | Time:00:00.00 | Mem:0.00M, Peak:0.00M | Scene, ViewLayer | Updating Meshes Flags
Fra:1 Mem:12.71M (Peak 15.03M) | Time:00:00.00 | Mem:0.00M, Peak:0.00M | Scene, ViewLayer | Updating Objects
Fra:1 Mem:12.71M (Peak 15.03M) | Time:00:00.00 | Mem:0.00M, Peak:0.00M | Scene, ViewLayer | Updating Objects | Copying Transformations to device
Fra:1 Mem:12.71M (Peak 15.03M) | Time:00:00.00 | Mem:0.00M, Peak:0.00M | Scene, ViewLayer | Updating Objects | Applying Static Transformations
Fra:1 Mem:12.71M (Peak 15.03M) | Time:00:00.00 | Mem:0.00M, Peak:0.00M | Scene, ViewLayer | Updating Particle Systems
Fra:1 Mem:12.71M (Peak 15.03M) | Time:00:00.00 | Mem:0.00M, Peak:0.00M | Scene, ViewLayer | Updating Particle Systems | Copying Particles to device
Fra:1 Mem:12.71M (Peak 15.03M) | Time:00:00.00 | Mem:0.00M, Peak:0.00M | Scene, ViewLayer | Updating Meshes
Fra:1 Mem:12.88M (Peak 15.03M) | Time:00:00.00 | Mem:0.00M, Peak:0.00M | Scene, ViewLayer | Updating Mesh | Computing attributes
Fra:1 Mem:12.99M (Peak 15.03M) | Time:00:00.00 | Mem:0.00M, Peak:0.00M | Scene, ViewLayer | Updating Mesh | Copying Attributes to device
Fra:1 Mem:12.99M (Peak 15.03M) | Time:00:00.00 | Mem:0.11M, Peak:0.11M | Scene, ViewLayer | Updating Scene BVH | Building
Fra:1 Mem:12.99M (Peak 15.03M) | Time:00:00.00 | Mem:0.11M, Peak:0.11M | Scene, ViewLayer | Updating Scene BVH | Building BVH
Fra:1 Mem:12.99M (Peak 15.03M) | Time:00:00.00 | Mem:0.85M, Peak:0.85M | Scene, ViewLayer | Updating Scene BVH | Building BVH 0%
Fra:1 Mem:12.99M (Peak 15.03M) | Time:00:00.00 | Mem:1.10M, Peak:1.60M | Scene, ViewLayer | Updating Scene BVH | Copying BVH to device
Fra:1 Mem:12.99M (Peak 15.03M) | Time:00:00.00 | Mem:1.10M, Peak:1.60M | Scene, ViewLayer | Updating Mesh | Computing normals
Fra:1 Mem:13.81M (Peak 15.03M) | Time:00:00.00 | Mem:1.10M, Peak:1.60M | Scene, ViewLayer | Updating Mesh | Copying Mesh to device
Fra:1 Mem:13.81M (Peak 15.03M) | Time:00:00.00 | Mem:1.92M, Peak:1.92M | Scene, ViewLayer | Updating Objects Flags
Fra:1 Mem:13.81M (Peak 15.03M) | Time:00:00.00 | Mem:1.92M, Peak:1.92M | Scene, ViewLayer | Updating Primitive Offsets
Fra:1 Mem:13.81M (Peak 15.03M) | Time:00:00.00 | Mem:1.92M, Peak:1.92M | Scene, ViewLayer | Updating Images
Fra:1 Mem:13.81M (Peak 15.03M) | Time:00:00.00 | Mem:1.92M, Peak:1.92M | Scene, ViewLayer | Updating Camera Volume
Fra:1 Mem:13.81M (Peak 15.03M) | Time:00:00.00 | Mem:1.92M, Peak:1.92M | Scene, ViewLayer | Updating Lookup Tables
Fra:1 Mem:13.81M (Peak 15.03M) | Time:00:00.00 | Mem:1.92M, Peak:1.92M | Scene, ViewLayer | Updating Lights
Fra:1 Mem:13.81M (Peak 15.03M) | Time:00:00.00 | Mem:1.92M, Peak:1.92M | Scene, ViewLayer | Updating Lights | Computing distribution
Fra:1 Mem:13.81M (Peak 15.03M) | Time:00:00.00 | Mem:1.92M, Peak:1.92M | Scene, ViewLayer | Updating Lights | Computing tree
Fra:1 Mem:13.81M (Peak 15.03M) | Time:00:00.00 | Mem:1.92M, Peak:1.92M | Scene, ViewLayer | Updating Integrator
Fra:1 Mem:14.81M (Peak 15.03M) | Time:00:00.00 | Mem:2.92M, Peak:2.92M | Scene, ViewLayer | Updating Film
Fra:1 Mem:14.81M (Peak 15.03M) | Time:00:00.00 | Mem:2.92M, Peak:2.92M | Scene, ViewLayer | Updating Lookup Tables
Fra:1 Mem:14.81M (Peak 15.03M) | Time:00:00.00 | Mem:2.92M, Peak:2.92M | Scene, ViewLayer | Updating Baking
Fra:1 Mem:14.81M (Peak 15.03M) | Time:00:00.00 | Mem:2.92M, Peak:2.92M | Scene, ViewLayer | Updating Device | Writing constant memory
Fra:1 Mem:14.81M (Peak 15.03M) | Time:00:00.00 | Mem:2.92M, Peak:2.92M | Scene, ViewLayer | Sample 0/16
Fra:1 Mem:33.84M (Peak 33.84M) | Time:00:00.04 | Remaining:00:00.60 | Mem:21.92M, Peak:21.92M | Scene, ViewLayer | Sample 1/16
Fra:1 Mem:41.84M (Peak 53.84M) | Time:00:00.89 | Mem:21.92M, Peak:21.92M | Scene, ViewLayer | Sample 16/16
Fra:1 Mem:41.84M (Peak 53.84M) | Time:00:00.89 | Mem:21.92M, Peak:21.92M | Scene, ViewLayer | Finished
Saved: '/root/rivermind-data/actionmesh-repro/outputs/applications-20261002/mesh-panda-4d/preview_frames/07.png'
 Time: 00:00.92 (Saving: 00:00.02)

Fra:1 Mem:14.02M (Peak 14.04M) | Time:00:00.00 | Mem:0.00M, Peak:0.00M | Scene, ViewLayer | Synchronizing object | ActionMesh output
Fra:1 Mem:14.88M (Peak 15.03M) | Time:00:00.00 | Mem:0.00M, Peak:0.00M | Scene, ViewLayer | Initializing
Fra:1 Mem:12.70M (Peak 15.03M) | Time:00:00.00 | Mem:0.00M, Peak:0.00M | Scene, ViewLayer | Waiting for render to start
Fra:1 Mem:12.71M (Peak 15.03M) | Time:00:00.00 | Mem:0.00M, Peak:0.00M | Scene, ViewLayer | Loading render kernels (may take a few minutes the first time)
Fra:1 Mem:12.71M (Peak 15.03M) | Time:00:00.00 | Mem:0.00M, Peak:0.00M | Scene, ViewLayer | Updating Scene
Fra:1 Mem:12.71M (Peak 15.03M) | Time:00:00.00 | Mem:0.00M, Peak:0.00M | Scene, ViewLayer | Updating Shaders
Fra:1 Mem:12.71M (Peak 15.03M) | Time:00:00.00 | Mem:0.00M, Peak:0.00M | Scene, ViewLayer | Updating Procedurals
Fra:1 Mem:12.71M (Peak 15.03M) | Time:00:00.00 | Mem:0.00M, Peak:0.00M | Scene, ViewLayer | Updating Background
Fra:1 Mem:12.71M (Peak 15.03M) | Time:00:00.00 | Mem:0.00M, Peak:0.00M | Scene, ViewLayer | Updating Camera
Fra:1 Mem:12.71M (Peak 15.03M) | Time:00:00.00 | Mem:0.00M, Peak:0.00M | Scene, ViewLayer | Updating Meshes Flags
Fra:1 Mem:12.71M (Peak 15.03M) | Time:00:00.00 | Mem:0.00M, Peak:0.00M | Scene, ViewLayer | Updating Objects
Fra:1 Mem:12.71M (Peak 15.03M) | Time:00:00.00 | Mem:0.00M, Peak:0.00M | Scene, ViewLayer | Updating Objects | Copying Transformations to device
Fra:1 Mem:12.71M (Peak 15.03M) | Time:00:00.00 | Mem:0.00M, Peak:0.00M | Scene, ViewLayer | Updating Objects | Applying Static Transformations
Fra:1 Mem:12.71M (Peak 15.03M) | Time:00:00.00 | Mem:0.00M, Peak:0.00M | Scene, ViewLayer | Updating Particle Systems
Fra:1 Mem:12.71M (Peak 15.03M) | Time:00:00.00 | Mem:0.00M, Peak:0.00M | Scene, ViewLayer | Updating Particle Systems | Copying Particles to device
Fra:1 Mem:12.71M (Peak 15.03M) | Time:00:00.00 | Mem:0.00M, Peak:0.00M | Scene, ViewLayer | Updating Meshes
Fra:1 Mem:12.88M (Peak 15.03M) | Time:00:00.00 | Mem:0.00M, Peak:0.00M | Scene, ViewLayer | Updating Mesh | Computing attributes
Fra:1 Mem:12.99M (Peak 15.03M) | Time:00:00.00 | Mem:0.00M, Peak:0.00M | Scene, ViewLayer | Updating Mesh | Copying Attributes to device
Fra:1 Mem:12.99M (Peak 15.03M) | Time:00:00.00 | Mem:0.11M, Peak:0.11M | Scene, ViewLayer | Updating Scene BVH | Building
Fra:1 Mem:12.99M (Peak 15.03M) | Time:00:00.00 | Mem:0.11M, Peak:0.11M | Scene, ViewLayer | Updating Scene BVH | Building BVH
Fra:1 Mem:12.99M (Peak 15.03M) | Time:00:00.00 | Mem:0.85M, Peak:0.85M | Scene, ViewLayer | Updating Scene BVH | Building BVH 0%
Fra:1 Mem:12.99M (Peak 15.03M) | Time:00:00.00 | Mem:1.10M, Peak:1.60M | Scene, ViewLayer | Updating Scene BVH | Copying BVH to device
Fra:1 Mem:12.99M (Peak 15.03M) | Time:00:00.00 | Mem:1.10M, Peak:1.60M | Scene, ViewLayer | Updating Mesh | Computing normals
Fra:1 Mem:13.81M (Peak 15.03M) | Time:00:00.00 | Mem:1.10M, Peak:1.60M | Scene, ViewLayer | Updating Mesh | Copying Mesh to device
Fra:1 Mem:13.81M (Peak 15.03M) | Time:00:00.00 | Mem:1.92M, Peak:1.92M | Scene, ViewLayer | Updating Objects Flags
Fra:1 Mem:13.81M (Peak 15.03M) | Time:00:00.00 | Mem:1.92M, Peak:1.92M | Scene, ViewLayer | Updating Primitive Offsets
Fra:1 Mem:13.81M (Peak 15.03M) | Time:00:00.00 | Mem:1.92M, Peak:1.92M | Scene, ViewLayer | Updating Images
Fra:1 Mem:13.81M (Peak 15.03M) | Time:00:00.00 | Mem:1.92M, Peak:1.92M | Scene, ViewLayer | Updating Camera Volume
Fra:1 Mem:13.81M (Peak 15.03M) | Time:00:00.00 | Mem:1.92M, Peak:1.92M | Scene, ViewLayer | Updating Lookup Tables
Fra:1 Mem:13.81M (Peak 15.03M) | Time:00:00.00 | Mem:1.92M, Peak:1.92M | Scene, ViewLayer | Updating Lights
Fra:1 Mem:13.81M (Peak 15.03M) | Time:00:00.00 | Mem:1.92M, Peak:1.92M | Scene, ViewLayer | Updating Lights | Computing distribution
Fra:1 Mem:13.81M (Peak 15.03M) | Time:00:00.00 | Mem:1.92M, Peak:1.92M | Scene, ViewLayer | Updating Lights | Computing tree
Fra:1 Mem:13.81M (Peak 15.03M) | Time:00:00.00 | Mem:1.92M, Peak:1.92M | Scene, ViewLayer | Updating Integrator
Fra:1 Mem:14.81M (Peak 15.03M) | Time:00:00.00 | Mem:2.92M, Peak:2.92M | Scene, ViewLayer | Updating Film
Fra:1 Mem:14.81M (Peak 15.03M) | Time:00:00.00 | Mem:2.92M, Peak:2.92M | Scene, ViewLayer | Updating Lookup Tables
Fra:1 Mem:14.81M (Peak 15.03M) | Time:00:00.00 | Mem:2.92M, Peak:2.92M | Scene, ViewLayer | Updating Baking
Fra:1 Mem:14.81M (Peak 15.03M) | Time:00:00.00 | Mem:2.92M, Peak:2.92M | Scene, ViewLayer | Updating Device | Writing constant memory
Fra:1 Mem:14.81M (Peak 15.03M) | Time:00:00.00 | Mem:2.92M, Peak:2.92M | Scene, ViewLayer | Sample 0/16
Fra:1 Mem:33.84M (Peak 33.84M) | Time:00:00.05 | Remaining:00:00.61 | Mem:21.92M, Peak:21.92M | Scene, ViewLayer | Sample 1/16
Fra:1 Mem:41.84M (Peak 53.84M) | Time:00:00.89 | Mem:21.92M, Peak:21.92M | Scene, ViewLayer | Sample 16/16
Fra:1 Mem:41.84M (Peak 53.84M) | Time:00:00.89 | Mem:21.92M, Peak:21.92M | Scene, ViewLayer | Finished
Saved: '/root/rivermind-data/actionmesh-repro/outputs/applications-20261002/mesh-panda-4d/preview_frames/08.png'
 Time: 00:00.92 (Saving: 00:00.03)

Fra:1 Mem:14.02M (Peak 14.04M) | Time:00:00.00 | Mem:0.00M, Peak:0.00M | Scene, ViewLayer | Synchronizing object | ActionMesh output
Fra:1 Mem:14.88M (Peak 15.03M) | Time:00:00.00 | Mem:0.00M, Peak:0.00M | Scene, ViewLayer | Initializing
Fra:1 Mem:12.70M (Peak 15.03M) | Time:00:00.00 | Mem:0.00M, Peak:0.00M | Scene, ViewLayer | Waiting for render to start
Fra:1 Mem:12.71M (Peak 15.03M) | Time:00:00.00 | Mem:0.00M, Peak:0.00M | Scene, ViewLayer | Loading render kernels (may take a few minutes the first time)
Fra:1 Mem:12.71M (Peak 15.03M) | Time:00:00.00 | Mem:0.00M, Peak:0.00M | Scene, ViewLayer | Updating Scene
Fra:1 Mem:12.71M (Peak 15.03M) | Time:00:00.00 | Mem:0.00M, Peak:0.00M | Scene, ViewLayer | Updating Shaders
Fra:1 Mem:12.71M (Peak 15.03M) | Time:00:00.00 | Mem:0.00M, Peak:0.00M | Scene, ViewLayer | Updating Procedurals
Fra:1 Mem:12.71M (Peak 15.03M) | Time:00:00.00 | Mem:0.00M, Peak:0.00M | Scene, ViewLayer | Updating Background
Fra:1 Mem:12.71M (Peak 15.03M) | Time:00:00.00 | Mem:0.00M, Peak:0.00M | Scene, ViewLayer | Updating Camera
Fra:1 Mem:12.71M (Peak 15.03M) | Time:00:00.00 | Mem:0.00M, Peak:0.00M | Scene, ViewLayer | Updating Meshes Flags
Fra:1 Mem:12.71M (Peak 15.03M) | Time:00:00.00 | Mem:0.00M, Peak:0.00M | Scene, ViewLayer | Updating Objects
Fra:1 Mem:12.71M (Peak 15.03M) | Time:00:00.00 | Mem:0.00M, Peak:0.00M | Scene, ViewLayer | Updating Objects | Copying Transformations to device
Fra:1 Mem:12.71M (Peak 15.03M) | Time:00:00.00 | Mem:0.00M, Peak:0.00M | Scene, ViewLayer | Updating Objects | Applying Static Transformations
Fra:1 Mem:12.71M (Peak 15.03M) | Time:00:00.00 | Mem:0.00M, Peak:0.00M | Scene, ViewLayer | Updating Particle Systems
Fra:1 Mem:12.71M (Peak 15.03M) | Time:00:00.00 | Mem:0.00M, Peak:0.00M | Scene, ViewLayer | Updating Particle Systems | Copying Particles to device
Fra:1 Mem:12.71M (Peak 15.03M) | Time:00:00.00 | Mem:0.00M, Peak:0.00M | Scene, ViewLayer | Updating Meshes
Fra:1 Mem:12.88M (Peak 15.03M) | Time:00:00.00 | Mem:0.00M, Peak:0.00M | Scene, ViewLayer | Updating Mesh | Computing attributes
Fra:1 Mem:12.99M (Peak 15.03M) | Time:00:00.00 | Mem:0.00M, Peak:0.00M | Scene, ViewLayer | Updating Mesh | Copying Attributes to device
Fra:1 Mem:12.99M (Peak 15.03M) | Time:00:00.00 | Mem:0.11M, Peak:0.11M | Scene, ViewLayer | Updating Scene BVH | Building
Fra:1 Mem:12.99M (Peak 15.03M) | Time:00:00.00 | Mem:0.11M, Peak:0.11M | Scene, ViewLayer | Updating Scene BVH | Building BVH
Fra:1 Mem:12.99M (Peak 15.03M) | Time:00:00.00 | Mem:0.85M, Peak:0.85M | Scene, ViewLayer | Updating Scene BVH | Building BVH 0%
Fra:1 Mem:12.99M (Peak 15.03M) | Time:00:00.00 | Mem:1.10M, Peak:1.60M | Scene, ViewLayer | Updating Scene BVH | Copying BVH to device
Fra:1 Mem:12.99M (Peak 15.03M) | Time:00:00.00 | Mem:1.10M, Peak:1.60M | Scene, ViewLayer | Updating Mesh | Computing normals
Fra:1 Mem:13.81M (Peak 15.03M) | Time:00:00.00 | Mem:1.10M, Peak:1.60M | Scene, ViewLayer | Updating Mesh | Copying Mesh to device
Fra:1 Mem:13.81M (Peak 15.03M) | Time:00:00.00 | Mem:1.92M, Peak:1.92M | Scene, ViewLayer | Updating Objects Flags
Fra:1 Mem:13.81M (Peak 15.03M) | Time:00:00.00 | Mem:1.92M, Peak:1.92M | Scene, ViewLayer | Updating Primitive Offsets
Fra:1 Mem:13.81M (Peak 15.03M) | Time:00:00.00 | Mem:1.92M, Peak:1.92M | Scene, ViewLayer | Updating Images
Fra:1 Mem:13.81M (Peak 15.03M) | Time:00:00.00 | Mem:1.92M, Peak:1.92M | Scene, ViewLayer | Updating Camera Volume
Fra:1 Mem:13.81M (Peak 15.03M) | Time:00:00.00 | Mem:1.92M, Peak:1.92M | Scene, ViewLayer | Updating Lookup Tables
Fra:1 Mem:13.81M (Peak 15.03M) | Time:00:00.00 | Mem:1.92M, Peak:1.92M | Scene, ViewLayer | Updating Lights
Fra:1 Mem:13.81M (Peak 15.03M) | Time:00:00.00 | Mem:1.92M, Peak:1.92M | Scene, ViewLayer | Updating Lights | Computing distribution
Fra:1 Mem:13.81M (Peak 15.03M) | Time:00:00.00 | Mem:1.92M, Peak:1.92M | Scene, ViewLayer | Updating Lights | Computing tree
Fra:1 Mem:13.81M (Peak 15.03M) | Time:00:00.00 | Mem:1.92M, Peak:1.92M | Scene, ViewLayer | Updating Integrator
Fra:1 Mem:14.81M (Peak 15.03M) | Time:00:00.00 | Mem:2.92M, Peak:2.92M | Scene, ViewLayer | Updating Film
Fra:1 Mem:14.81M (Peak 15.03M) | Time:00:00.00 | Mem:2.92M, Peak:2.92M | Scene, ViewLayer | Updating Lookup Tables
Fra:1 Mem:14.81M (Peak 15.03M) | Time:00:00.00 | Mem:2.92M, Peak:2.92M | Scene, ViewLayer | Updating Baking
Fra:1 Mem:14.81M (Peak 15.03M) | Time:00:00.00 | Mem:2.92M, Peak:2.92M | Scene, ViewLayer | Updating Device | Writing constant memory
Fra:1 Mem:14.81M (Peak 15.03M) | Time:00:00.00 | Mem:2.92M, Peak:2.92M | Scene, ViewLayer | Sample 0/16
Fra:1 Mem:33.84M (Peak 33.84M) | Time:00:00.05 | Remaining:00:00.62 | Mem:21.92M, Peak:21.92M | Scene, ViewLayer | Sample 1/16
Fra:1 Mem:41.84M (Peak 53.84M) | Time:00:00.88 | Mem:21.92M, Peak:21.92M | Scene, ViewLayer | Sample 16/16
Fra:1 Mem:41.84M (Peak 53.84M) | Time:00:00.88 | Mem:21.92M, Peak:21.92M | Scene, ViewLayer | Finished
Saved: '/root/rivermind-data/actionmesh-repro/outputs/applications-20261002/mesh-panda-4d/preview_frames/09.png'
 Time: 00:00.91 (Saving: 00:00.02)

Fra:1 Mem:14.02M (Peak 14.02M) | Time:00:00.00 | Mem:0.00M, Peak:0.00M | Scene, ViewLayer | Synchronizing object | ActionMesh output
Fra:1 Mem:14.88M (Peak 15.03M) | Time:00:00.00 | Mem:0.00M, Peak:0.00M | Scene, ViewLayer | Initializing
Fra:1 Mem:12.70M (Peak 15.03M) | Time:00:00.00 | Mem:0.00M, Peak:0.00M | Scene, ViewLayer | Waiting for render to start
Fra:1 Mem:12.71M (Peak 15.03M) | Time:00:00.00 | Mem:0.00M, Peak:0.00M | Scene, ViewLayer | Loading render kernels (may take a few minutes the first time)
Fra:1 Mem:12.71M (Peak 15.03M) | Time:00:00.00 | Mem:0.00M, Peak:0.00M | Scene, ViewLayer | Updating Scene
Fra:1 Mem:12.71M (Peak 15.03M) | Time:00:00.00 | Mem:0.00M, Peak:0.00M | Scene, ViewLayer | Updating Shaders
Fra:1 Mem:12.71M (Peak 15.03M) | Time:00:00.00 | Mem:0.00M, Peak:0.00M | Scene, ViewLayer | Updating Procedurals
Fra:1 Mem:12.71M (Peak 15.03M) | Time:00:00.00 | Mem:0.00M, Peak:0.00M | Scene, ViewLayer | Updating Background
Fra:1 Mem:12.71M (Peak 15.03M) | Time:00:00.00 | Mem:0.00M, Peak:0.00M | Scene, ViewLayer | Updating Camera
Fra:1 Mem:12.71M (Peak 15.03M) | Time:00:00.00 | Mem:0.00M, Peak:0.00M | Scene, ViewLayer | Updating Meshes Flags
Fra:1 Mem:12.71M (Peak 15.03M) | Time:00:00.00 | Mem:0.00M, Peak:0.00M | Scene, ViewLayer | Updating Objects
Fra:1 Mem:12.71M (Peak 15.03M) | Time:00:00.00 | Mem:0.00M, Peak:0.00M | Scene, ViewLayer | Updating Objects | Copying Transformations to device
Fra:1 Mem:12.71M (Peak 15.03M) | Time:00:00.00 | Mem:0.00M, Peak:0.00M | Scene, ViewLayer | Updating Objects | Applying Static Transformations
Fra:1 Mem:12.71M (Peak 15.03M) | Time:00:00.00 | Mem:0.00M, Peak:0.00M | Scene, ViewLayer | Updating Particle Systems
Fra:1 Mem:12.71M (Peak 15.03M) | Time:00:00.00 | Mem:0.00M, Peak:0.00M | Scene, ViewLayer | Updating Particle Systems | Copying Particles to device
Fra:1 Mem:12.71M (Peak 15.03M) | Time:00:00.00 | Mem:0.00M, Peak:0.00M | Scene, ViewLayer | Updating Meshes
Fra:1 Mem:12.88M (Peak 15.03M) | Time:00:00.00 | Mem:0.00M, Peak:0.00M | Scene, ViewLayer | Updating Mesh | Computing attributes
Fra:1 Mem:12.99M (Peak 15.03M) | Time:00:00.00 | Mem:0.00M, Peak:0.00M | Scene, ViewLayer | Updating Mesh | Copying Attributes to device
Fra:1 Mem:12.99M (Peak 15.03M) | Time:00:00.00 | Mem:0.11M, Peak:0.11M | Scene, ViewLayer | Updating Scene BVH | Building
Fra:1 Mem:12.99M (Peak 15.03M) | Time:00:00.00 | Mem:0.11M, Peak:0.11M | Scene, ViewLayer | Updating Scene BVH | Building BVH
Fra:1 Mem:12.99M (Peak 15.03M) | Time:00:00.00 | Mem:0.85M, Peak:0.85M | Scene, ViewLayer | Updating Scene BVH | Building BVH 0%
Fra:1 Mem:12.99M (Peak 15.03M) | Time:00:00.00 | Mem:1.10M, Peak:1.60M | Scene, ViewLayer | Updating Scene BVH | Copying BVH to device
Fra:1 Mem:12.99M (Peak 15.03M) | Time:00:00.00 | Mem:1.10M, Peak:1.60M | Scene, ViewLayer | Updating Mesh | Computing normals
Fra:1 Mem:13.81M (Peak 15.03M) | Time:00:00.00 | Mem:1.10M, Peak:1.60M | Scene, ViewLayer | Updating Mesh | Copying Mesh to device
Fra:1 Mem:13.81M (Peak 15.03M) | Time:00:00.00 | Mem:1.92M, Peak:1.92M | Scene, ViewLayer | Updating Objects Flags
Fra:1 Mem:13.81M (Peak 15.03M) | Time:00:00.00 | Mem:1.92M, Peak:1.92M | Scene, ViewLayer | Updating Primitive Offsets
Fra:1 Mem:13.81M (Peak 15.03M) | Time:00:00.00 | Mem:1.92M, Peak:1.92M | Scene, ViewLayer | Updating Images
Fra:1 Mem:13.81M (Peak 15.03M) | Time:00:00.00 | Mem:1.92M, Peak:1.92M | Scene, ViewLayer | Updating Camera Volume
Fra:1 Mem:13.81M (Peak 15.03M) | Time:00:00.00 | Mem:1.92M, Peak:1.92M | Scene, ViewLayer | Updating Lookup Tables
Fra:1 Mem:13.81M (Peak 15.03M) | Time:00:00.00 | Mem:1.92M, Peak:1.92M | Scene, ViewLayer | Updating Lights
Fra:1 Mem:13.81M (Peak 15.03M) | Time:00:00.00 | Mem:1.92M, Peak:1.92M | Scene, ViewLayer | Updating Lights | Computing distribution
Fra:1 Mem:13.81M (Peak 15.03M) | Time:00:00.00 | Mem:1.92M, Peak:1.92M | Scene, ViewLayer | Updating Lights | Computing tree
Fra:1 Mem:13.81M (Peak 15.03M) | Time:00:00.00 | Mem:1.92M, Peak:1.92M | Scene, ViewLayer | Updating Integrator
Fra:1 Mem:14.81M (Peak 15.03M) | Time:00:00.00 | Mem:2.92M, Peak:2.92M | Scene, ViewLayer | Updating Film
Fra:1 Mem:14.81M (Peak 15.03M) | Time:00:00.00 | Mem:2.92M, Peak:2.92M | Scene, ViewLayer | Updating Lookup Tables
Fra:1 Mem:14.81M (Peak 15.03M) | Time:00:00.00 | Mem:2.92M, Peak:2.92M | Scene, ViewLayer | Updating Baking
Fra:1 Mem:14.81M (Peak 15.03M) | Time:00:00.00 | Mem:2.92M, Peak:2.92M | Scene, ViewLayer | Updating Device | Writing constant memory
Fra:1 Mem:14.81M (Peak 15.03M) | Time:00:00.00 | Mem:2.92M, Peak:2.92M | Scene, ViewLayer | Sample 0/16
Fra:1 Mem:33.84M (Peak 33.84M) | Time:00:00.04 | Remaining:00:00.59 | Mem:21.92M, Peak:21.92M | Scene, ViewLayer | Sample 1/16
Fra:1 Mem:41.84M (Peak 53.84M) | Time:00:00.87 | Mem:21.92M, Peak:21.92M | Scene, ViewLayer | Sample 16/16
Fra:1 Mem:41.84M (Peak 53.84M) | Time:00:00.87 | Mem:21.92M, Peak:21.92M | Scene, ViewLayer | Finished
Saved: '/root/rivermind-data/actionmesh-repro/outputs/applications-20261002/mesh-panda-4d/preview_frames/10.png'
 Time: 00:00.91 (Saving: 00:00.03)

Fra:1 Mem:14.02M (Peak 14.02M) | Time:00:00.00 | Mem:0.00M, Peak:0.00M | Scene, ViewLayer | Synchronizing object | ActionMesh output
Fra:1 Mem:14.88M (Peak 15.03M) | Time:00:00.00 | Mem:0.00M, Peak:0.00M | Scene, ViewLayer | Initializing
Fra:1 Mem:12.70M (Peak 15.03M) | Time:00:00.00 | Mem:0.00M, Peak:0.00M | Scene, ViewLayer | Waiting for render to start
Fra:1 Mem:12.71M (Peak 15.03M) | Time:00:00.00 | Mem:0.00M, Peak:0.00M | Scene, ViewLayer | Loading render kernels (may take a few minutes the first time)
Fra:1 Mem:12.71M (Peak 15.03M) | Time:00:00.00 | Mem:0.00M, Peak:0.00M | Scene, ViewLayer | Updating Scene
Fra:1 Mem:12.71M (Peak 15.03M) | Time:00:00.00 | Mem:0.00M, Peak:0.00M | Scene, ViewLayer | Updating Shaders
Fra:1 Mem:12.71M (Peak 15.03M) | Time:00:00.00 | Mem:0.00M, Peak:0.00M | Scene, ViewLayer | Updating Procedurals
Fra:1 Mem:12.71M (Peak 15.03M) | Time:00:00.00 | Mem:0.00M, Peak:0.00M | Scene, ViewLayer | Updating Background
Fra:1 Mem:12.71M (Peak 15.03M) | Time:00:00.00 | Mem:0.00M, Peak:0.00M | Scene, ViewLayer | Updating Camera
Fra:1 Mem:12.71M (Peak 15.03M) | Time:00:00.00 | Mem:0.00M, Peak:0.00M | Scene, ViewLayer | Updating Meshes Flags
Fra:1 Mem:12.71M (Peak 15.03M) | Time:00:00.00 | Mem:0.00M, Peak:0.00M | Scene, ViewLayer | Updating Objects
Fra:1 Mem:12.71M (Peak 15.03M) | Time:00:00.00 | Mem:0.00M, Peak:0.00M | Scene, ViewLayer | Updating Objects | Copying Transformations to device
Fra:1 Mem:12.71M (Peak 15.03M) | Time:00:00.00 | Mem:0.00M, Peak:0.00M | Scene, ViewLayer | Updating Objects | Applying Static Transformations
Fra:1 Mem:12.71M (Peak 15.03M) | Time:00:00.00 | Mem:0.00M, Peak:0.00M | Scene, ViewLayer | Updating Particle Systems
Fra:1 Mem:12.71M (Peak 15.03M) | Time:00:00.00 | Mem:0.00M, Peak:0.00M | Scene, ViewLayer | Updating Particle Systems | Copying Particles to device
Fra:1 Mem:12.71M (Peak 15.03M) | Time:00:00.00 | Mem:0.00M, Peak:0.00M | Scene, ViewLayer | Updating Meshes
Fra:1 Mem:12.88M (Peak 15.03M) | Time:00:00.00 | Mem:0.00M, Peak:0.00M | Scene, ViewLayer | Updating Mesh | Computing attributes
Fra:1 Mem:12.99M (Peak 15.03M) | Time:00:00.00 | Mem:0.00M, Peak:0.00M | Scene, ViewLayer | Updating Mesh | Copying Attributes to device
Fra:1 Mem:12.99M (Peak 15.03M) | Time:00:00.00 | Mem:0.11M, Peak:0.11M | Scene, ViewLayer | Updating Scene BVH | Building
Fra:1 Mem:12.99M (Peak 15.03M) | Time:00:00.00 | Mem:0.11M, Peak:0.11M | Scene, ViewLayer | Updating Scene BVH | Building BVH
Fra:1 Mem:12.99M (Peak 15.03M) | Time:00:00.00 | Mem:0.85M, Peak:0.85M | Scene, ViewLayer | Updating Scene BVH | Building BVH 0%
Fra:1 Mem:12.99M (Peak 15.03M) | Time:00:00.00 | Mem:1.10M, Peak:1.60M | Scene, ViewLayer | Updating Scene BVH | Copying BVH to device
Fra:1 Mem:12.99M (Peak 15.03M) | Time:00:00.00 | Mem:1.10M, Peak:1.60M | Scene, ViewLayer | Updating Mesh | Computing normals
Fra:1 Mem:13.81M (Peak 15.03M) | Time:00:00.01 | Mem:1.10M, Peak:1.60M | Scene, ViewLayer | Updating Mesh | Copying Mesh to device
Fra:1 Mem:13.81M (Peak 15.03M) | Time:00:00.01 | Mem:1.92M, Peak:1.92M | Scene, ViewLayer | Updating Objects Flags
Fra:1 Mem:13.81M (Peak 15.03M) | Time:00:00.01 | Mem:1.92M, Peak:1.92M | Scene, ViewLayer | Updating Primitive Offsets
Fra:1 Mem:13.81M (Peak 15.03M) | Time:00:00.01 | Mem:1.92M, Peak:1.92M | Scene, ViewLayer | Updating Images
Fra:1 Mem:13.81M (Peak 15.03M) | Time:00:00.01 | Mem:1.92M, Peak:1.92M | Scene, ViewLayer | Updating Camera Volume
Fra:1 Mem:13.81M (Peak 15.03M) | Time:00:00.01 | Mem:1.92M, Peak:1.92M | Scene, ViewLayer | Updating Lookup Tables
Fra:1 Mem:13.81M (Peak 15.03M) | Time:00:00.01 | Mem:1.92M, Peak:1.92M | Scene, ViewLayer | Updating Lights
Fra:1 Mem:13.81M (Peak 15.03M) | Time:00:00.01 | Mem:1.92M, Peak:1.92M | Scene, ViewLayer | Updating Lights | Computing distribution
Fra:1 Mem:13.81M (Peak 15.03M) | Time:00:00.01 | Mem:1.92M, Peak:1.92M | Scene, ViewLayer | Updating Lights | Computing tree
Fra:1 Mem:13.81M (Peak 15.03M) | Time:00:00.01 | Mem:1.92M, Peak:1.92M | Scene, ViewLayer | Updating Integrator
Fra:1 Mem:14.81M (Peak 15.03M) | Time:00:00.01 | Mem:2.92M, Peak:2.92M | Scene, ViewLayer | Updating Film
Fra:1 Mem:14.81M (Peak 15.03M) | Time:00:00.01 | Mem:2.92M, Peak:2.92M | Scene, ViewLayer | Updating Lookup Tables
Fra:1 Mem:14.81M (Peak 15.03M) | Time:00:00.01 | Mem:2.92M, Peak:2.92M | Scene, ViewLayer | Updating Baking
Fra:1 Mem:14.81M (Peak 15.03M) | Time:00:00.01 | Mem:2.92M, Peak:2.92M | Scene, ViewLayer | Updating Device | Writing constant memory
Fra:1 Mem:14.81M (Peak 15.03M) | Time:00:00.01 | Mem:2.92M, Peak:2.92M | Scene, ViewLayer | Sample 0/16
Fra:1 Mem:33.84M (Peak 33.84M) | Time:00:00.04 | Remaining:00:00.57 | Mem:21.92M, Peak:21.92M | Scene, ViewLayer | Sample 1/16
Fra:1 Mem:41.84M (Peak 53.84M) | Time:00:00.86 | Mem:21.92M, Peak:21.92M | Scene, ViewLayer | Sample 16/16
Fra:1 Mem:41.84M (Peak 53.84M) | Time:00:00.86 | Mem:21.92M, Peak:21.92M | Scene, ViewLayer | Finished
Saved: '/root/rivermind-data/actionmesh-repro/outputs/applications-20261002/mesh-panda-4d/preview_frames/11.png'
 Time: 00:00.89 (Saving: 00:00.02)

Fra:1 Mem:14.02M (Peak 14.02M) | Time:00:00.00 | Mem:0.00M, Peak:0.00M | Scene, ViewLayer | Synchronizing object | ActionMesh output
Fra:1 Mem:14.88M (Peak 15.03M) | Time:00:00.00 | Mem:0.00M, Peak:0.00M | Scene, ViewLayer | Initializing
Fra:1 Mem:12.70M (Peak 15.03M) | Time:00:00.00 | Mem:0.00M, Peak:0.00M | Scene, ViewLayer | Waiting for render to start
Fra:1 Mem:12.71M (Peak 15.03M) | Time:00:00.00 | Mem:0.00M, Peak:0.00M | Scene, ViewLayer | Loading render kernels (may take a few minutes the first time)
Fra:1 Mem:12.71M (Peak 15.03M) | Time:00:00.00 | Mem:0.00M, Peak:0.00M | Scene, ViewLayer | Updating Scene
Fra:1 Mem:12.71M (Peak 15.03M) | Time:00:00.00 | Mem:0.00M, Peak:0.00M | Scene, ViewLayer | Updating Shaders
Fra:1 Mem:12.71M (Peak 15.03M) | Time:00:00.00 | Mem:0.00M, Peak:0.00M | Scene, ViewLayer | Updating Procedurals
Fra:1 Mem:12.71M (Peak 15.03M) | Time:00:00.00 | Mem:0.00M, Peak:0.00M | Scene, ViewLayer | Updating Background
Fra:1 Mem:12.71M (Peak 15.03M) | Time:00:00.00 | Mem:0.00M, Peak:0.00M | Scene, ViewLayer | Updating Camera
Fra:1 Mem:12.71M (Peak 15.03M) | Time:00:00.00 | Mem:0.00M, Peak:0.00M | Scene, ViewLayer | Updating Meshes Flags
Fra:1 Mem:12.71M (Peak 15.03M) | Time:00:00.00 | Mem:0.00M, Peak:0.00M | Scene, ViewLayer | Updating Objects
Fra:1 Mem:12.71M (Peak 15.03M) | Time:00:00.00 | Mem:0.00M, Peak:0.00M | Scene, ViewLayer | Updating Objects | Copying Transformations to device
Fra:1 Mem:12.71M (Peak 15.03M) | Time:00:00.00 | Mem:0.00M, Peak:0.00M | Scene, ViewLayer | Updating Objects | Applying Static Transformations
Fra:1 Mem:12.71M (Peak 15.03M) | Time:00:00.00 | Mem:0.00M, Peak:0.00M | Scene, ViewLayer | Updating Particle Systems
Fra:1 Mem:12.71M (Peak 15.03M) | Time:00:00.00 | Mem:0.00M, Peak:0.00M | Scene, ViewLayer | Updating Particle Systems | Copying Particles to device
Fra:1 Mem:12.71M (Peak 15.03M) | Time:00:00.00 | Mem:0.00M, Peak:0.00M | Scene, ViewLayer | Updating Meshes
Fra:1 Mem:12.88M (Peak 15.03M) | Time:00:00.00 | Mem:0.00M, Peak:0.00M | Scene, ViewLayer | Updating Mesh | Computing attributes
Fra:1 Mem:12.99M (Peak 15.03M) | Time:00:00.00 | Mem:0.00M, Peak:0.00M | Scene, ViewLayer | Updating Mesh | Copying Attributes to device
Fra:1 Mem:12.99M (Peak 15.03M) | Time:00:00.00 | Mem:0.11M, Peak:0.11M | Scene, ViewLayer | Updating Scene BVH | Building
Fra:1 Mem:12.99M (Peak 15.03M) | Time:00:00.00 | Mem:0.11M, Peak:0.11M | Scene, ViewLayer | Updating Scene BVH | Building BVH
Fra:1 Mem:12.99M (Peak 15.03M) | Time:00:00.00 | Mem:0.85M, Peak:0.85M | Scene, ViewLayer | Updating Scene BVH | Building BVH 0%
Fra:1 Mem:12.99M (Peak 15.03M) | Time:00:00.00 | Mem:1.10M, Peak:1.60M | Scene, ViewLayer | Updating Scene BVH | Copying BVH to device
Fra:1 Mem:12.99M (Peak 15.03M) | Time:00:00.00 | Mem:1.10M, Peak:1.60M | Scene, ViewLayer | Updating Mesh | Computing normals
Fra:1 Mem:13.81M (Peak 15.03M) | Time:00:00.00 | Mem:1.10M, Peak:1.60M | Scene, ViewLayer | Updating Mesh | Copying Mesh to device
Fra:1 Mem:13.81M (Peak 15.03M) | Time:00:00.00 | Mem:1.92M, Peak:1.92M | Scene, ViewLayer | Updating Objects Flags
Fra:1 Mem:13.81M (Peak 15.03M) | Time:00:00.00 | Mem:1.92M, Peak:1.92M | Scene, ViewLayer | Updating Primitive Offsets
Fra:1 Mem:13.81M (Peak 15.03M) | Time:00:00.00 | Mem:1.92M, Peak:1.92M | Scene, ViewLayer | Updating Images
Fra:1 Mem:13.81M (Peak 15.03M) | Time:00:00.00 | Mem:1.92M, Peak:1.92M | Scene, ViewLayer | Updating Camera Volume
Fra:1 Mem:13.81M (Peak 15.03M) | Time:00:00.00 | Mem:1.92M, Peak:1.92M | Scene, ViewLayer | Updating Lookup Tables
Fra:1 Mem:13.81M (Peak 15.03M) | Time:00:00.00 | Mem:1.92M, Peak:1.92M | Scene, ViewLayer | Updating Lights
Fra:1 Mem:13.81M (Peak 15.03M) | Time:00:00.00 | Mem:1.92M, Peak:1.92M | Scene, ViewLayer | Updating Lights | Computing distribution
Fra:1 Mem:13.81M (Peak 15.03M) | Time:00:00.00 | Mem:1.92M, Peak:1.92M | Scene, ViewLayer | Updating Lights | Computing tree
Fra:1 Mem:13.81M (Peak 15.03M) | Time:00:00.00 | Mem:1.92M, Peak:1.92M | Scene, ViewLayer | Updating Integrator
Fra:1 Mem:14.81M (Peak 15.03M) | Time:00:00.00 | Mem:2.92M, Peak:2.92M | Scene, ViewLayer | Updating Film
Fra:1 Mem:14.81M (Peak 15.03M) | Time:00:00.00 | Mem:2.92M, Peak:2.92M | Scene, ViewLayer | Updating Lookup Tables
Fra:1 Mem:14.81M (Peak 15.03M) | Time:00:00.00 | Mem:2.92M, Peak:2.92M | Scene, ViewLayer | Updating Baking
Fra:1 Mem:14.81M (Peak 15.03M) | Time:00:00.00 | Mem:2.92M, Peak:2.92M | Scene, ViewLayer | Updating Device | Writing constant memory
Fra:1 Mem:14.81M (Peak 15.03M) | Time:00:00.00 | Mem:2.92M, Peak:2.92M | Scene, ViewLayer | Sample 0/16
Fra:1 Mem:33.84M (Peak 33.84M) | Time:00:00.04 | Remaining:00:00.58 | Mem:21.92M, Peak:21.92M | Scene, ViewLayer | Sample 1/16
Fra:1 Mem:41.84M (Peak 53.84M) | Time:00:00.88 | Mem:21.92M, Peak:21.92M | Scene, ViewLayer | Sample 16/16
Fra:1 Mem:41.84M (Peak 53.84M) | Time:00:00.88 | Mem:21.92M, Peak:21.92M | Scene, ViewLayer | Finished
Saved: '/root/rivermind-data/actionmesh-repro/outputs/applications-20261002/mesh-panda-4d/preview_frames/12.png'
 Time: 00:00.91 (Saving: 00:00.02)

Fra:1 Mem:14.02M (Peak 14.02M) | Time:00:00.00 | Mem:0.00M, Peak:0.00M | Scene, ViewLayer | Synchronizing object | ActionMesh output
Fra:1 Mem:14.88M (Peak 15.03M) | Time:00:00.00 | Mem:0.00M, Peak:0.00M | Scene, ViewLayer | Initializing
Fra:1 Mem:12.70M (Peak 15.03M) | Time:00:00.00 | Mem:0.00M, Peak:0.00M | Scene, ViewLayer | Waiting for render to start
Fra:1 Mem:12.71M (Peak 15.03M) | Time:00:00.00 | Mem:0.00M, Peak:0.00M | Scene, ViewLayer | Loading render kernels (may take a few minutes the first time)
Fra:1 Mem:12.71M (Peak 15.03M) | Time:00:00.00 | Mem:0.00M, Peak:0.00M | Scene, ViewLayer | Updating Scene
Fra:1 Mem:12.71M (Peak 15.03M) | Time:00:00.00 | Mem:0.00M, Peak:0.00M | Scene, ViewLayer | Updating Shaders
Fra:1 Mem:12.71M (Peak 15.03M) | Time:00:00.00 | Mem:0.00M, Peak:0.00M | Scene, ViewLayer | Updating Procedurals
Fra:1 Mem:12.71M (Peak 15.03M) | Time:00:00.00 | Mem:0.00M, Peak:0.00M | Scene, ViewLayer | Updating Background
Fra:1 Mem:12.71M (Peak 15.03M) | Time:00:00.00 | Mem:0.00M, Peak:0.00M | Scene, ViewLayer | Updating Camera
Fra:1 Mem:12.71M (Peak 15.03M) | Time:00:00.00 | Mem:0.00M, Peak:0.00M | Scene, ViewLayer | Updating Meshes Flags
Fra:1 Mem:12.71M (Peak 15.03M) | Time:00:00.00 | Mem:0.00M, Peak:0.00M | Scene, ViewLayer | Updating Objects
Fra:1 Mem:12.71M (Peak 15.03M) | Time:00:00.00 | Mem:0.00M, Peak:0.00M | Scene, ViewLayer | Updating Objects | Copying Transformations to device
Fra:1 Mem:12.71M (Peak 15.03M) | Time:00:00.00 | Mem:0.00M, Peak:0.00M | Scene, ViewLayer | Updating Objects | Applying Static Transformations
Fra:1 Mem:12.71M (Peak 15.03M) | Time:00:00.00 | Mem:0.00M, Peak:0.00M | Scene, ViewLayer | Updating Particle Systems
Fra:1 Mem:12.71M (Peak 15.03M) | Time:00:00.00 | Mem:0.00M, Peak:0.00M | Scene, ViewLayer | Updating Particle Systems | Copying Particles to device
Fra:1 Mem:12.71M (Peak 15.03M) | Time:00:00.00 | Mem:0.00M, Peak:0.00M | Scene, ViewLayer | Updating Meshes
Fra:1 Mem:12.88M (Peak 15.03M) | Time:00:00.00 | Mem:0.00M, Peak:0.00M | Scene, ViewLayer | Updating Mesh | Computing attributes
Fra:1 Mem:12.99M (Peak 15.03M) | Time:00:00.00 | Mem:0.00M, Peak:0.00M | Scene, ViewLayer | Updating Mesh | Copying Attributes to device
Fra:1 Mem:12.99M (Peak 15.03M) | Time:00:00.00 | Mem:0.11M, Peak:0.11M | Scene, ViewLayer | Updating Scene BVH | Building
Fra:1 Mem:12.99M (Peak 15.03M) | Time:00:00.00 | Mem:0.11M, Peak:0.11M | Scene, ViewLayer | Updating Scene BVH | Building BVH
Fra:1 Mem:12.99M (Peak 15.03M) | Time:00:00.00 | Mem:0.85M, Peak:0.85M | Scene, ViewLayer | Updating Scene BVH | Building BVH 0%
Fra:1 Mem:12.99M (Peak 15.03M) | Time:00:00.00 | Mem:1.10M, Peak:1.60M | Scene, ViewLayer | Updating Scene BVH | Copying BVH to device
Fra:1 Mem:12.99M (Peak 15.03M) | Time:00:00.01 | Mem:1.10M, Peak:1.60M | Scene, ViewLayer | Updating Mesh | Computing normals
Fra:1 Mem:13.81M (Peak 15.03M) | Time:00:00.01 | Mem:1.10M, Peak:1.60M | Scene, ViewLayer | Updating Mesh | Copying Mesh to device
Fra:1 Mem:13.81M (Peak 15.03M) | Time:00:00.01 | Mem:1.92M, Peak:1.92M | Scene, ViewLayer | Updating Objects Flags
Fra:1 Mem:13.81M (Peak 15.03M) | Time:00:00.01 | Mem:1.92M, Peak:1.92M | Scene, ViewLayer | Updating Primitive Offsets
Fra:1 Mem:13.81M (Peak 15.03M) | Time:00:00.01 | Mem:1.92M, Peak:1.92M | Scene, ViewLayer | Updating Images
Fra:1 Mem:13.81M (Peak 15.03M) | Time:00:00.01 | Mem:1.92M, Peak:1.92M | Scene, ViewLayer | Updating Camera Volume
Fra:1 Mem:13.81M (Peak 15.03M) | Time:00:00.01 | Mem:1.92M, Peak:1.92M | Scene, ViewLayer | Updating Lookup Tables
Fra:1 Mem:13.81M (Peak 15.03M) | Time:00:00.01 | Mem:1.92M, Peak:1.92M | Scene, ViewLayer | Updating Lights
Fra:1 Mem:13.81M (Peak 15.03M) | Time:00:00.01 | Mem:1.92M, Peak:1.92M | Scene, ViewLayer | Updating Lights | Computing distribution
Fra:1 Mem:13.81M (Peak 15.03M) | Time:00:00.01 | Mem:1.92M, Peak:1.92M | Scene, ViewLayer | Updating Lights | Computing tree
Fra:1 Mem:13.81M (Peak 15.03M) | Time:00:00.01 | Mem:1.92M, Peak:1.92M | Scene, ViewLayer | Updating Integrator
Fra:1 Mem:14.81M (Peak 15.03M) | Time:00:00.01 | Mem:2.92M, Peak:2.92M | Scene, ViewLayer | Updating Film
Fra:1 Mem:14.81M (Peak 15.03M) | Time:00:00.01 | Mem:2.92M, Peak:2.92M | Scene, ViewLayer | Updating Lookup Tables
Fra:1 Mem:14.81M (Peak 15.03M) | Time:00:00.01 | Mem:2.92M, Peak:2.92M | Scene, ViewLayer | Updating Baking
Fra:1 Mem:14.81M (Peak 15.03M) | Time:00:00.01 | Mem:2.92M, Peak:2.92M | Scene, ViewLayer | Updating Device | Writing constant memory
Fra:1 Mem:14.81M (Peak 15.03M) | Time:00:00.01 | Mem:2.92M, Peak:2.92M | Scene, ViewLayer | Sample 0/16
Fra:1 Mem:33.84M (Peak 33.84M) | Time:00:00.04 | Remaining:00:00.57 | Mem:21.92M, Peak:21.92M | Scene, ViewLayer | Sample 1/16
Fra:1 Mem:41.84M (Peak 53.84M) | Time:00:00.86 | Mem:21.92M, Peak:21.92M | Scene, ViewLayer | Sample 16/16
Fra:1 Mem:41.84M (Peak 53.84M) | Time:00:00.86 | Mem:21.92M, Peak:21.92M | Scene, ViewLayer | Finished
Saved: '/root/rivermind-data/actionmesh-repro/outputs/applications-20261002/mesh-panda-4d/preview_frames/13.png'
 Time: 00:00.89 (Saving: 00:00.02)

Fra:1 Mem:14.02M (Peak 14.02M) | Time:00:00.00 | Mem:0.00M, Peak:0.00M | Scene, ViewLayer | Synchronizing object | ActionMesh output
Fra:1 Mem:14.88M (Peak 15.03M) | Time:00:00.00 | Mem:0.00M, Peak:0.00M | Scene, ViewLayer | Initializing
Fra:1 Mem:12.70M (Peak 15.03M) | Time:00:00.00 | Mem:0.00M, Peak:0.00M | Scene, ViewLayer | Waiting for render to start
Fra:1 Mem:12.71M (Peak 15.03M) | Time:00:00.00 | Mem:0.00M, Peak:0.00M | Scene, ViewLayer | Loading render kernels (may take a few minutes the first time)
Fra:1 Mem:12.71M (Peak 15.03M) | Time:00:00.00 | Mem:0.00M, Peak:0.00M | Scene, ViewLayer | Updating Scene
Fra:1 Mem:12.71M (Peak 15.03M) | Time:00:00.00 | Mem:0.00M, Peak:0.00M | Scene, ViewLayer | Updating Shaders
Fra:1 Mem:12.71M (Peak 15.03M) | Time:00:00.00 | Mem:0.00M, Peak:0.00M | Scene, ViewLayer | Updating Procedurals
Fra:1 Mem:12.71M (Peak 15.03M) | Time:00:00.00 | Mem:0.00M, Peak:0.00M | Scene, ViewLayer | Updating Background
Fra:1 Mem:12.71M (Peak 15.03M) | Time:00:00.00 | Mem:0.00M, Peak:0.00M | Scene, ViewLayer | Updating Camera
Fra:1 Mem:12.71M (Peak 15.03M) | Time:00:00.00 | Mem:0.00M, Peak:0.00M | Scene, ViewLayer | Updating Meshes Flags
Fra:1 Mem:12.71M (Peak 15.03M) | Time:00:00.00 | Mem:0.00M, Peak:0.00M | Scene, ViewLayer | Updating Objects
Fra:1 Mem:12.71M (Peak 15.03M) | Time:00:00.00 | Mem:0.00M, Peak:0.00M | Scene, ViewLayer | Updating Objects | Copying Transformations to device
Fra:1 Mem:12.71M (Peak 15.03M) | Time:00:00.00 | Mem:0.00M, Peak:0.00M | Scene, ViewLayer | Updating Objects | Applying Static Transformations
Fra:1 Mem:12.71M (Peak 15.03M) | Time:00:00.00 | Mem:0.00M, Peak:0.00M | Scene, ViewLayer | Updating Particle Systems
Fra:1 Mem:12.71M (Peak 15.03M) | Time:00:00.00 | Mem:0.00M, Peak:0.00M | Scene, ViewLayer | Updating Particle Systems | Copying Particles to device
Fra:1 Mem:12.71M (Peak 15.03M) | Time:00:00.00 | Mem:0.00M, Peak:0.00M | Scene, ViewLayer | Updating Meshes
Fra:1 Mem:12.88M (Peak 15.03M) | Time:00:00.00 | Mem:0.00M, Peak:0.00M | Scene, ViewLayer | Updating Mesh | Computing attributes
Fra:1 Mem:12.99M (Peak 15.03M) | Time:00:00.00 | Mem:0.00M, Peak:0.00M | Scene, ViewLayer | Updating Mesh | Copying Attributes to device
Fra:1 Mem:12.99M (Peak 15.03M) | Time:00:00.00 | Mem:0.11M, Peak:0.11M | Scene, ViewLayer | Updating Scene BVH | Building
Fra:1 Mem:12.99M (Peak 15.03M) | Time:00:00.00 | Mem:0.11M, Peak:0.11M | Scene, ViewLayer | Updating Scene BVH | Building BVH
Fra:1 Mem:12.99M (Peak 15.03M) | Time:00:00.00 | Mem:0.85M, Peak:0.85M | Scene, ViewLayer | Updating Scene BVH | Building BVH 0%
Fra:1 Mem:12.99M (Peak 15.03M) | Time:00:00.00 | Mem:1.10M, Peak:1.60M | Scene, ViewLayer | Updating Scene BVH | Copying BVH to device
Fra:1 Mem:12.99M (Peak 15.03M) | Time:00:00.00 | Mem:1.10M, Peak:1.60M | Scene, ViewLayer | Updating Mesh | Computing normals
Fra:1 Mem:13.81M (Peak 15.03M) | Time:00:00.00 | Mem:1.10M, Peak:1.60M | Scene, ViewLayer | Updating Mesh | Copying Mesh to device
Fra:1 Mem:13.81M (Peak 15.03M) | Time:00:00.00 | Mem:1.92M, Peak:1.92M | Scene, ViewLayer | Updating Objects Flags
Fra:1 Mem:13.81M (Peak 15.03M) | Time:00:00.00 | Mem:1.92M, Peak:1.92M | Scene, ViewLayer | Updating Primitive Offsets
Fra:1 Mem:13.81M (Peak 15.03M) | Time:00:00.00 | Mem:1.92M, Peak:1.92M | Scene, ViewLayer | Updating Images
Fra:1 Mem:13.81M (Peak 15.03M) | Time:00:00.00 | Mem:1.92M, Peak:1.92M | Scene, ViewLayer | Updating Camera Volume
Fra:1 Mem:13.81M (Peak 15.03M) | Time:00:00.00 | Mem:1.92M, Peak:1.92M | Scene, ViewLayer | Updating Lookup Tables
Fra:1 Mem:13.81M (Peak 15.03M) | Time:00:00.00 | Mem:1.92M, Peak:1.92M | Scene, ViewLayer | Updating Lights
Fra:1 Mem:13.81M (Peak 15.03M) | Time:00:00.00 | Mem:1.92M, Peak:1.92M | Scene, ViewLayer | Updating Lights | Computing distribution
Fra:1 Mem:13.81M (Peak 15.03M) | Time:00:00.00 | Mem:1.92M, Peak:1.92M | Scene, ViewLayer | Updating Lights | Computing tree
Fra:1 Mem:13.81M (Peak 15.03M) | Time:00:00.00 | Mem:1.92M, Peak:1.92M | Scene, ViewLayer | Updating Integrator
Fra:1 Mem:14.81M (Peak 15.03M) | Time:00:00.00 | Mem:2.92M, Peak:2.92M | Scene, ViewLayer | Updating Film
Fra:1 Mem:14.81M (Peak 15.03M) | Time:00:00.00 | Mem:2.92M, Peak:2.92M | Scene, ViewLayer | Updating Lookup Tables
Fra:1 Mem:14.81M (Peak 15.03M) | Time:00:00.00 | Mem:2.92M, Peak:2.92M | Scene, ViewLayer | Updating Baking
Fra:1 Mem:14.81M (Peak 15.03M) | Time:00:00.00 | Mem:2.92M, Peak:2.92M | Scene, ViewLayer | Updating Device | Writing constant memory
Fra:1 Mem:14.81M (Peak 15.03M) | Time:00:00.00 | Mem:2.92M, Peak:2.92M | Scene, ViewLayer | Sample 0/16
Fra:1 Mem:33.84M (Peak 33.84M) | Time:00:00.04 | Remaining:00:00.56 | Mem:21.92M, Peak:21.92M | Scene, ViewLayer | Sample 1/16
Fra:1 Mem:41.84M (Peak 53.84M) | Time:00:00.87 | Mem:21.92M, Peak:21.92M | Scene, ViewLayer | Sample 16/16
Fra:1 Mem:41.84M (Peak 53.84M) | Time:00:00.87 | Mem:21.92M, Peak:21.92M | Scene, ViewLayer | Finished
Saved: '/root/rivermind-data/actionmesh-repro/outputs/applications-20261002/mesh-panda-4d/preview_frames/14.png'
 Time: 00:00.90 (Saving: 00:00.02)

Fra:1 Mem:14.02M (Peak 14.02M) | Time:00:00.00 | Mem:0.00M, Peak:0.00M | Scene, ViewLayer | Synchronizing object | ActionMesh output
Fra:1 Mem:14.88M (Peak 15.03M) | Time:00:00.00 | Mem:0.00M, Peak:0.00M | Scene, ViewLayer | Initializing
Fra:1 Mem:12.70M (Peak 15.03M) | Time:00:00.00 | Mem:0.00M, Peak:0.00M | Scene, ViewLayer | Waiting for render to start
Fra:1 Mem:12.71M (Peak 15.03M) | Time:00:00.00 | Mem:0.00M, Peak:0.00M | Scene, ViewLayer | Loading render kernels (may take a few minutes the first time)
Fra:1 Mem:12.71M (Peak 15.03M) | Time:00:00.00 | Mem:0.00M, Peak:0.00M | Scene, ViewLayer | Updating Scene
Fra:1 Mem:12.71M (Peak 15.03M) | Time:00:00.00 | Mem:0.00M, Peak:0.00M | Scene, ViewLayer | Updating Shaders
Fra:1 Mem:12.71M (Peak 15.03M) | Time:00:00.00 | Mem:0.00M, Peak:0.00M | Scene, ViewLayer | Updating Procedurals
Fra:1 Mem:12.71M (Peak 15.03M) | Time:00:00.00 | Mem:0.00M, Peak:0.00M | Scene, ViewLayer | Updating Background
Fra:1 Mem:12.71M (Peak 15.03M) | Time:00:00.00 | Mem:0.00M, Peak:0.00M | Scene, ViewLayer | Updating Camera
Fra:1 Mem:12.71M (Peak 15.03M) | Time:00:00.00 | Mem:0.00M, Peak:0.00M | Scene, ViewLayer | Updating Meshes Flags
Fra:1 Mem:12.71M (Peak 15.03M) | Time:00:00.00 | Mem:0.00M, Peak:0.00M | Scene, ViewLayer | Updating Objects
Fra:1 Mem:12.71M (Peak 15.03M) | Time:00:00.00 | Mem:0.00M, Peak:0.00M | Scene, ViewLayer | Updating Objects | Copying Transformations to device
Fra:1 Mem:12.71M (Peak 15.03M) | Time:00:00.00 | Mem:0.00M, Peak:0.00M | Scene, ViewLayer | Updating Objects | Applying Static Transformations
Fra:1 Mem:12.71M (Peak 15.03M) | Time:00:00.00 | Mem:0.00M, Peak:0.00M | Scene, ViewLayer | Updating Particle Systems
Fra:1 Mem:12.71M (Peak 15.03M) | Time:00:00.00 | Mem:0.00M, Peak:0.00M | Scene, ViewLayer | Updating Particle Systems | Copying Particles to device
Fra:1 Mem:12.71M (Peak 15.03M) | Time:00:00.00 | Mem:0.00M, Peak:0.00M | Scene, ViewLayer | Updating Meshes
Fra:1 Mem:12.88M (Peak 15.03M) | Time:00:00.00 | Mem:0.00M, Peak:0.00M | Scene, ViewLayer | Updating Mesh | Computing attributes
Fra:1 Mem:12.99M (Peak 15.03M) | Time:00:00.00 | Mem:0.00M, Peak:0.00M | Scene, ViewLayer | Updating Mesh | Copying Attributes to device
Fra:1 Mem:12.99M (Peak 15.03M) | Time:00:00.00 | Mem:0.11M, Peak:0.11M | Scene, ViewLayer | Updating Scene BVH | Building
Fra:1 Mem:12.99M (Peak 15.03M) | Time:00:00.00 | Mem:0.11M, Peak:0.11M | Scene, ViewLayer | Updating Scene BVH | Building BVH
Fra:1 Mem:12.99M (Peak 15.03M) | Time:00:00.00 | Mem:0.85M, Peak:0.85M | Scene, ViewLayer | Updating Scene BVH | Building BVH 0%
Fra:1 Mem:12.99M (Peak 15.03M) | Time:00:00.00 | Mem:1.10M, Peak:1.60M | Scene, ViewLayer | Updating Scene BVH | Copying BVH to device
Fra:1 Mem:12.99M (Peak 15.03M) | Time:00:00.00 | Mem:1.10M, Peak:1.60M | Scene, ViewLayer | Updating Mesh | Computing normals
Fra:1 Mem:13.81M (Peak 15.03M) | Time:00:00.00 | Mem:1.10M, Peak:1.60M | Scene, ViewLayer | Updating Mesh | Copying Mesh to device
Fra:1 Mem:13.81M (Peak 15.03M) | Time:00:00.00 | Mem:1.92M, Peak:1.92M | Scene, ViewLayer | Updating Objects Flags
Fra:1 Mem:13.81M (Peak 15.03M) | Time:00:00.00 | Mem:1.92M, Peak:1.92M | Scene, ViewLayer | Updating Primitive Offsets
Fra:1 Mem:13.81M (Peak 15.03M) | Time:00:00.00 | Mem:1.92M, Peak:1.92M | Scene, ViewLayer | Updating Images
Fra:1 Mem:13.81M (Peak 15.03M) | Time:00:00.00 | Mem:1.92M, Peak:1.92M | Scene, ViewLayer | Updating Camera Volume
Fra:1 Mem:13.81M (Peak 15.03M) | Time:00:00.00 | Mem:1.92M, Peak:1.92M | Scene, ViewLayer | Updating Lookup Tables
Fra:1 Mem:13.81M (Peak 15.03M) | Time:00:00.00 | Mem:1.92M, Peak:1.92M | Scene, ViewLayer | Updating Lights
Fra:1 Mem:13.81M (Peak 15.03M) | Time:00:00.00 | Mem:1.92M, Peak:1.92M | Scene, ViewLayer | Updating Lights | Computing distribution
Fra:1 Mem:13.81M (Peak 15.03M) | Time:00:00.00 | Mem:1.92M, Peak:1.92M | Scene, ViewLayer | Updating Lights | Computing tree
Fra:1 Mem:13.81M (Peak 15.03M) | Time:00:00.00 | Mem:1.92M, Peak:1.92M | Scene, ViewLayer | Updating Integrator
Fra:1 Mem:14.81M (Peak 15.03M) | Time:00:00.00 | Mem:2.92M, Peak:2.92M | Scene, ViewLayer | Updating Film
Fra:1 Mem:14.81M (Peak 15.03M) | Time:00:00.00 | Mem:2.92M, Peak:2.92M | Scene, ViewLayer | Updating Lookup Tables
Fra:1 Mem:14.81M (Peak 15.03M) | Time:00:00.00 | Mem:2.92M, Peak:2.92M | Scene, ViewLayer | Updating Baking
Fra:1 Mem:14.81M (Peak 15.03M) | Time:00:00.00 | Mem:2.92M, Peak:2.92M | Scene, ViewLayer | Updating Device | Writing constant memory
Fra:1 Mem:14.81M (Peak 15.03M) | Time:00:00.00 | Mem:2.92M, Peak:2.92M | Scene, ViewLayer | Sample 0/16
Fra:1 Mem:33.84M (Peak 33.84M) | Time:00:00.04 | Remaining:00:00.56 | Mem:21.92M, Peak:21.92M | Scene, ViewLayer | Sample 1/16
Fra:1 Mem:41.84M (Peak 53.84M) | Time:00:00.87 | Mem:21.92M, Peak:21.92M | Scene, ViewLayer | Sample 16/16
Fra:1 Mem:41.84M (Peak 53.84M) | Time:00:00.87 | Mem:21.92M, Peak:21.92M | Scene, ViewLayer | Finished
Saved: '/root/rivermind-data/actionmesh-repro/outputs/applications-20261002/mesh-panda-4d/preview_frames/15.png'
 Time: 00:00.90 (Saving: 00:00.02)

PREVIEW_FRAMES_COMPLETE 16

Blender quit
