09:21:58 | INFO: Draco mesh compression is available, use library at /root/rivermind-data/actionmesh-repro/tools/blender-3.5.1-linux-x64/3.5/python/lib/python3.10/site-packages/libextern_draco.so
09:21:58 | INFO: Starting glTF 2.0 export
09:21:58 | INFO: Extracting primitive: AnimatedMesh
09:21:58 | INFO: Primitives created: 1
09:21:58 | INFO: Draco encoder: Encoding mesh AnimatedMesh.
09:21:58 | INFO: Finished glTF 2.0 export in 0.27010273933410645 s

Blender 3.5.1 (hash e1ccd9d4a1d3 built 2023-04-24 23:31:15)
DracoEncoder | Preserve triangle order: yes
DracoEncoder | Encoded 19997 vertices, 119970 indices, raw size: 479904, encoded size: 325833, compression ratio: 1.47

Blender quit
Blender 3.5.1 (hash e1ccd9d4a1d3 built 2023-04-24 23:31:15)
Fra:1 Mem:22.97M (Peak 22.97M) | Time:00:00.00 | Mem:0.00M, Peak:0.00M | Scene, ViewLayer | Synchronizing object | ActionMesh output
Fra:1 Mem:25.83M (Peak 25.83M) | Time:00:00.01 | Mem:0.00M, Peak:0.00M | Scene, ViewLayer | Initializing
Fra:1 Mem:19.47M (Peak 25.83M) | Time:00:00.01 | Mem:0.00M, Peak:0.00M | Scene, ViewLayer | Waiting for render to start
Fra:1 Mem:19.47M (Peak 25.83M) | Time:00:00.01 | Mem:0.00M, Peak:0.00M | Scene, ViewLayer | Loading render kernels (may take a few minutes the first time)
Fra:1 Mem:19.47M (Peak 25.83M) | Time:00:00.01 | Mem:0.00M, Peak:0.00M | Scene, ViewLayer | Updating Scene
Fra:1 Mem:19.47M (Peak 25.83M) | Time:00:00.01 | Mem:0.00M, Peak:0.00M | Scene, ViewLayer | Updating Shaders
Fra:1 Mem:19.47M (Peak 25.83M) | Time:00:00.01 | Mem:0.00M, Peak:0.00M | Scene, ViewLayer | Updating Procedurals
Fra:1 Mem:19.47M (Peak 25.83M) | Time:00:00.01 | Mem:0.00M, Peak:0.00M | Scene, ViewLayer | Updating Background
Fra:1 Mem:19.47M (Peak 25.83M) | Time:00:00.01 | Mem:0.00M, Peak:0.00M | Scene, ViewLayer | Updating Camera
Fra:1 Mem:19.47M (Peak 25.83M) | Time:00:00.01 | Mem:0.00M, Peak:0.00M | Scene, ViewLayer | Updating Meshes Flags
Fra:1 Mem:19.47M (Peak 25.83M) | Time:00:00.01 | Mem:0.00M, Peak:0.00M | Scene, ViewLayer | Updating Objects
Fra:1 Mem:19.47M (Peak 25.83M) | Time:00:00.01 | Mem:0.00M, Peak:0.00M | Scene, ViewLayer | Updating Objects | Copying Transformations to device
Fra:1 Mem:19.47M (Peak 25.83M) | Time:00:00.01 | Mem:0.00M, Peak:0.00M | Scene, ViewLayer | Updating Objects | Applying Static Transformations
Fra:1 Mem:19.47M (Peak 25.83M) | Time:00:00.01 | Mem:0.00M, Peak:0.00M | Scene, ViewLayer | Updating Particle Systems
Fra:1 Mem:19.47M (Peak 25.83M) | Time:00:00.01 | Mem:0.00M, Peak:0.00M | Scene, ViewLayer | Updating Particle Systems | Copying Particles to device
Fra:1 Mem:19.47M (Peak 25.83M) | Time:00:00.01 | Mem:0.00M, Peak:0.00M | Scene, ViewLayer | Updating Meshes
Fra:1 Mem:20.08M (Peak 25.83M) | Time:00:00.01 | Mem:0.00M, Peak:0.00M | Scene, ViewLayer | Updating Mesh | Computing attributes
Fra:1 Mem:20.31M (Peak 25.83M) | Time:00:00.01 | Mem:0.00M, Peak:0.00M | Scene, ViewLayer | Updating Mesh | Copying Attributes to device
Fra:1 Mem:20.31M (Peak 25.83M) | Time:00:00.01 | Mem:0.23M, Peak:0.23M | Scene, ViewLayer | Updating Scene BVH | Building
Fra:1 Mem:20.31M (Peak 25.83M) | Time:00:00.01 | Mem:0.23M, Peak:0.23M | Scene, ViewLayer | Updating Scene BVH | Building BVH
Fra:1 Mem:20.31M (Peak 25.83M) | Time:00:00.01 | Mem:2.92M, Peak:2.92M | Scene, ViewLayer | Updating Scene BVH | Building BVH 0%
Fra:1 Mem:20.31M (Peak 25.83M) | Time:00:00.01 | Mem:3.60M, Peak:5.60M | Scene, ViewLayer | Updating Scene BVH | Copying BVH to device
Fra:1 Mem:20.31M (Peak 25.83M) | Time:00:00.01 | Mem:3.60M, Peak:5.60M | Scene, ViewLayer | Updating Mesh | Computing normals
Fra:1 Mem:22.98M (Peak 25.83M) | Time:00:00.01 | Mem:3.60M, Peak:5.60M | Scene, ViewLayer | Updating Mesh | Copying Mesh to device
Fra:1 Mem:22.98M (Peak 25.83M) | Time:00:00.01 | Mem:6.27M, Peak:6.27M | Scene, ViewLayer | Updating Objects Flags
Fra:1 Mem:22.98M (Peak 25.83M) | Time:00:00.01 | Mem:6.27M, Peak:6.27M | Scene, ViewLayer | Updating Primitive Offsets
Fra:1 Mem:22.98M (Peak 25.83M) | Time:00:00.01 | Mem:6.27M, Peak:6.27M | Scene, ViewLayer | Updating Images
Fra:1 Mem:22.98M (Peak 25.83M) | Time:00:00.01 | Mem:6.27M, Peak:6.27M | Scene, ViewLayer | Updating Camera Volume
Fra:1 Mem:22.98M (Peak 25.83M) | Time:00:00.01 | Mem:6.27M, Peak:6.27M | Scene, ViewLayer | Updating Lookup Tables
Fra:1 Mem:22.98M (Peak 25.83M) | Time:00:00.01 | Mem:6.27M, Peak:6.27M | Scene, ViewLayer | Updating Lights
Fra:1 Mem:22.98M (Peak 25.83M) | Time:00:00.01 | Mem:6.27M, Peak:6.27M | Scene, ViewLayer | Updating Lights | Computing distribution
Fra:1 Mem:22.98M (Peak 25.83M) | Time:00:00.01 | Mem:6.27M, Peak:6.27M | Scene, ViewLayer | Updating Lights | Computing tree
Fra:1 Mem:22.98M (Peak 25.83M) | Time:00:00.02 | Mem:6.27M, Peak:6.27M | Scene, ViewLayer | Updating Integrator
Fra:1 Mem:23.98M (Peak 25.83M) | Time:00:00.02 | Mem:7.27M, Peak:7.27M | Scene, ViewLayer | Updating Film
Fra:1 Mem:23.98M (Peak 25.83M) | Time:00:00.02 | Mem:7.27M, Peak:7.27M | Scene, ViewLayer | Updating Lookup Tables
Fra:1 Mem:23.98M (Peak 25.83M) | Time:00:00.02 | Mem:7.27M, Peak:7.27M | Scene, ViewLayer | Updating Baking
Fra:1 Mem:23.98M (Peak 25.83M) | Time:00:00.02 | Mem:7.27M, Peak:7.27M | Scene, ViewLayer | Updating Device | Writing constant memory
Fra:1 Mem:23.99M (Peak 25.83M) | Time:00:00.02 | Mem:7.27M, Peak:7.27M | Scene, ViewLayer | Sample 0/16
Fra:1 Mem:43.01M (Peak 43.01M) | Time:00:00.04 | Remaining:00:00.37 | Mem:26.27M, Peak:26.27M | Scene, ViewLayer | Sample 1/16
Fra:1 Mem:51.01M (Peak 63.01M) | Time:00:00.69 | Mem:26.27M, Peak:26.27M | Scene, ViewLayer | Sample 16/16
Fra:1 Mem:51.01M (Peak 63.01M) | Time:00:00.69 | Mem:26.27M, Peak:26.27M | Scene, ViewLayer | Finished
Saved: '/root/rivermind-data/actionmesh-repro/outputs/applications-20261002/text-octopus-4d/preview_frames/00.png'
 Time: 00:00.96 (Saving: 00:00.26)

Fra:1 Mem:23.58M (Peak 23.60M) | Time:00:00.00 | Mem:0.00M, Peak:0.00M | Scene, ViewLayer | Synchronizing object | ActionMesh output
Fra:1 Mem:25.83M (Peak 25.83M) | Time:00:00.00 | Mem:0.00M, Peak:0.00M | Scene, ViewLayer | Initializing
Fra:1 Mem:19.47M (Peak 25.83M) | Time:00:00.00 | Mem:0.00M, Peak:0.00M | Scene, ViewLayer | Waiting for render to start
Fra:1 Mem:19.47M (Peak 25.83M) | Time:00:00.00 | Mem:0.00M, Peak:0.00M | Scene, ViewLayer | Loading render kernels (may take a few minutes the first time)
Fra:1 Mem:19.47M (Peak 25.83M) | Time:00:00.00 | Mem:0.00M, Peak:0.00M | Scene, ViewLayer | Updating Scene
Fra:1 Mem:19.47M (Peak 25.83M) | Time:00:00.00 | Mem:0.00M, Peak:0.00M | Scene, ViewLayer | Updating Shaders
Fra:1 Mem:19.47M (Peak 25.83M) | Time:00:00.00 | Mem:0.00M, Peak:0.00M | Scene, ViewLayer | Updating Procedurals
Fra:1 Mem:19.47M (Peak 25.83M) | Time:00:00.00 | Mem:0.00M, Peak:0.00M | Scene, ViewLayer | Updating Background
Fra:1 Mem:19.47M (Peak 25.83M) | Time:00:00.00 | Mem:0.00M, Peak:0.00M | Scene, ViewLayer | Updating Camera
Fra:1 Mem:19.47M (Peak 25.83M) | Time:00:00.00 | Mem:0.00M, Peak:0.00M | Scene, ViewLayer | Updating Meshes Flags
Fra:1 Mem:19.47M (Peak 25.83M) | Time:00:00.00 | Mem:0.00M, Peak:0.00M | Scene, ViewLayer | Updating Objects
Fra:1 Mem:19.47M (Peak 25.83M) | Time:00:00.00 | Mem:0.00M, Peak:0.00M | Scene, ViewLayer | Updating Objects | Copying Transformations to device
Fra:1 Mem:19.47M (Peak 25.83M) | Time:00:00.00 | Mem:0.00M, Peak:0.00M | Scene, ViewLayer | Updating Objects | Applying Static Transformations
Fra:1 Mem:19.47M (Peak 25.83M) | Time:00:00.00 | Mem:0.00M, Peak:0.00M | Scene, ViewLayer | Updating Particle Systems
Fra:1 Mem:19.47M (Peak 25.83M) | Time:00:00.00 | Mem:0.00M, Peak:0.00M | Scene, ViewLayer | Updating Particle Systems | Copying Particles to device
Fra:1 Mem:19.47M (Peak 25.83M) | Time:00:00.00 | Mem:0.00M, Peak:0.00M | Scene, ViewLayer | Updating Meshes
Fra:1 Mem:20.08M (Peak 25.83M) | Time:00:00.00 | Mem:0.00M, Peak:0.00M | Scene, ViewLayer | Updating Mesh | Computing attributes
Fra:1 Mem:20.31M (Peak 25.83M) | Time:00:00.01 | Mem:0.00M, Peak:0.00M | Scene, ViewLayer | Updating Mesh | Copying Attributes to device
Fra:1 Mem:20.31M (Peak 25.83M) | Time:00:00.01 | Mem:0.23M, Peak:0.23M | Scene, ViewLayer | Updating Scene BVH | Building
Fra:1 Mem:20.31M (Peak 25.83M) | Time:00:00.01 | Mem:0.23M, Peak:0.23M | Scene, ViewLayer | Updating Scene BVH | Building BVH
Fra:1 Mem:20.31M (Peak 25.83M) | Time:00:00.01 | Mem:2.92M, Peak:2.92M | Scene, ViewLayer | Updating Scene BVH | Building BVH 0%
Fra:1 Mem:20.31M (Peak 25.83M) | Time:00:00.01 | Mem:3.60M, Peak:5.60M | Scene, ViewLayer | Updating Scene BVH | Copying BVH to device
Fra:1 Mem:20.31M (Peak 25.83M) | Time:00:00.01 | Mem:3.60M, Peak:5.60M | Scene, ViewLayer | Updating Mesh | Computing normals
Fra:1 Mem:22.98M (Peak 25.83M) | Time:00:00.01 | Mem:3.60M, Peak:5.60M | Scene, ViewLayer | Updating Mesh | Copying Mesh to device
Fra:1 Mem:22.98M (Peak 25.83M) | Time:00:00.01 | Mem:6.27M, Peak:6.27M | Scene, ViewLayer | Updating Objects Flags
Fra:1 Mem:22.98M (Peak 25.83M) | Time:00:00.01 | Mem:6.27M, Peak:6.27M | Scene, ViewLayer | Updating Primitive Offsets
Fra:1 Mem:22.98M (Peak 25.83M) | Time:00:00.01 | Mem:6.27M, Peak:6.27M | Scene, ViewLayer | Updating Images
Fra:1 Mem:22.98M (Peak 25.83M) | Time:00:00.01 | Mem:6.27M, Peak:6.27M | Scene, ViewLayer | Updating Camera Volume
Fra:1 Mem:22.98M (Peak 25.83M) | Time:00:00.01 | Mem:6.27M, Peak:6.27M | Scene, ViewLayer | Updating Lookup Tables
Fra:1 Mem:22.98M (Peak 25.83M) | Time:00:00.01 | Mem:6.27M, Peak:6.27M | Scene, ViewLayer | Updating Lights
Fra:1 Mem:22.98M (Peak 25.83M) | Time:00:00.01 | Mem:6.27M, Peak:6.27M | Scene, ViewLayer | Updating Lights | Computing distribution
Fra:1 Mem:22.98M (Peak 25.83M) | Time:00:00.01 | Mem:6.27M, Peak:6.27M | Scene, ViewLayer | Updating Lights | Computing tree
Fra:1 Mem:22.98M (Peak 25.83M) | Time:00:00.01 | Mem:6.27M, Peak:6.27M | Scene, ViewLayer | Updating Integrator
Fra:1 Mem:23.98M (Peak 25.83M) | Time:00:00.01 | Mem:7.27M, Peak:7.27M | Scene, ViewLayer | Updating Film
Fra:1 Mem:23.98M (Peak 25.83M) | Time:00:00.01 | Mem:7.27M, Peak:7.27M | Scene, ViewLayer | Updating Lookup Tables
Fra:1 Mem:23.98M (Peak 25.83M) | Time:00:00.01 | Mem:7.27M, Peak:7.27M | Scene, ViewLayer | Updating Baking
Fra:1 Mem:23.98M (Peak 25.83M) | Time:00:00.01 | Mem:7.27M, Peak:7.27M | Scene, ViewLayer | Updating Device | Writing constant memory
Fra:1 Mem:23.99M (Peak 25.83M) | Time:00:00.01 | Mem:7.27M, Peak:7.27M | Scene, ViewLayer | Sample 0/16
Fra:1 Mem:43.01M (Peak 43.01M) | Time:00:00.04 | Remaining:00:00.37 | Mem:26.27M, Peak:26.27M | Scene, ViewLayer | Sample 1/16
Fra:1 Mem:51.01M (Peak 63.01M) | Time:00:00.66 | Mem:26.27M, Peak:26.27M | Scene, ViewLayer | Sample 16/16
Fra:1 Mem:51.01M (Peak 63.01M) | Time:00:00.67 | Mem:26.27M, Peak:26.27M | Scene, ViewLayer | Finished
Saved: '/root/rivermind-data/actionmesh-repro/outputs/applications-20261002/text-octopus-4d/preview_frames/01.png'
 Time: 00:00.69 (Saving: 00:00.02)

Fra:1 Mem:23.58M (Peak 23.60M) | Time:00:00.00 | Mem:0.00M, Peak:0.00M | Scene, ViewLayer | Synchronizing object | ActionMesh output
Fra:1 Mem:25.83M (Peak 25.83M) | Time:00:00.00 | Mem:0.00M, Peak:0.00M | Scene, ViewLayer | Initializing
Fra:1 Mem:19.47M (Peak 25.83M) | Time:00:00.00 | Mem:0.00M, Peak:0.00M | Scene, ViewLayer | Waiting for render to start
Fra:1 Mem:19.47M (Peak 25.83M) | Time:00:00.00 | Mem:0.00M, Peak:0.00M | Scene, ViewLayer | Loading render kernels (may take a few minutes the first time)
Fra:1 Mem:19.47M (Peak 25.83M) | Time:00:00.00 | Mem:0.00M, Peak:0.00M | Scene, ViewLayer | Updating Scene
Fra:1 Mem:19.47M (Peak 25.83M) | Time:00:00.00 | Mem:0.00M, Peak:0.00M | Scene, ViewLayer | Updating Shaders
Fra:1 Mem:19.47M (Peak 25.83M) | Time:00:00.00 | Mem:0.00M, Peak:0.00M | Scene, ViewLayer | Updating Procedurals
Fra:1 Mem:19.47M (Peak 25.83M) | Time:00:00.00 | Mem:0.00M, Peak:0.00M | Scene, ViewLayer | Updating Background
Fra:1 Mem:19.47M (Peak 25.83M) | Time:00:00.00 | Mem:0.00M, Peak:0.00M | Scene, ViewLayer | Updating Camera
Fra:1 Mem:19.47M (Peak 25.83M) | Time:00:00.00 | Mem:0.00M, Peak:0.00M | Scene, ViewLayer | Updating Meshes Flags
Fra:1 Mem:19.47M (Peak 25.83M) | Time:00:00.00 | Mem:0.00M, Peak:0.00M | Scene, ViewLayer | Updating Objects
Fra:1 Mem:19.47M (Peak 25.83M) | Time:00:00.00 | Mem:0.00M, Peak:0.00M | Scene, ViewLayer | Updating Objects | Copying Transformations to device
Fra:1 Mem:19.47M (Peak 25.83M) | Time:00:00.00 | Mem:0.00M, Peak:0.00M | Scene, ViewLayer | Updating Objects | Applying Static Transformations
Fra:1 Mem:19.47M (Peak 25.83M) | Time:00:00.00 | Mem:0.00M, Peak:0.00M | Scene, ViewLayer | Updating Particle Systems
Fra:1 Mem:19.47M (Peak 25.83M) | Time:00:00.00 | Mem:0.00M, Peak:0.00M | Scene, ViewLayer | Updating Particle Systems | Copying Particles to device
Fra:1 Mem:19.47M (Peak 25.83M) | Time:00:00.00 | Mem:0.00M, Peak:0.00M | Scene, ViewLayer | Updating Meshes
Fra:1 Mem:20.08M (Peak 25.83M) | Time:00:00.01 | Mem:0.00M, Peak:0.00M | Scene, ViewLayer | Updating Mesh | Computing attributes
Fra:1 Mem:20.31M (Peak 25.83M) | Time:00:00.01 | Mem:0.00M, Peak:0.00M | Scene, ViewLayer | Updating Mesh | Copying Attributes to device
Fra:1 Mem:20.31M (Peak 25.83M) | Time:00:00.01 | Mem:0.23M, Peak:0.23M | Scene, ViewLayer | Updating Scene BVH | Building
Fra:1 Mem:20.31M (Peak 25.83M) | Time:00:00.01 | Mem:0.23M, Peak:0.23M | Scene, ViewLayer | Updating Scene BVH | Building BVH
Fra:1 Mem:20.31M (Peak 25.83M) | Time:00:00.01 | Mem:2.92M, Peak:2.92M | Scene, ViewLayer | Updating Scene BVH | Building BVH 0%
Fra:1 Mem:20.31M (Peak 25.83M) | Time:00:00.01 | Mem:3.60M, Peak:5.60M | Scene, ViewLayer | Updating Scene BVH | Copying BVH to device
Fra:1 Mem:20.31M (Peak 25.83M) | Time:00:00.01 | Mem:3.60M, Peak:5.60M | Scene, ViewLayer | Updating Mesh | Computing normals
Fra:1 Mem:22.98M (Peak 25.83M) | Time:00:00.01 | Mem:3.60M, Peak:5.60M | Scene, ViewLayer | Updating Mesh | Copying Mesh to device
Fra:1 Mem:22.98M (Peak 25.83M) | Time:00:00.01 | Mem:6.27M, Peak:6.27M | Scene, ViewLayer | Updating Objects Flags
Fra:1 Mem:22.98M (Peak 25.83M) | Time:00:00.01 | Mem:6.27M, Peak:6.27M | Scene, ViewLayer | Updating Primitive Offsets
Fra:1 Mem:22.98M (Peak 25.83M) | Time:00:00.01 | Mem:6.27M, Peak:6.27M | Scene, ViewLayer | Updating Images
Fra:1 Mem:22.98M (Peak 25.83M) | Time:00:00.01 | Mem:6.27M, Peak:6.27M | Scene, ViewLayer | Updating Camera Volume
Fra:1 Mem:22.98M (Peak 25.83M) | Time:00:00.01 | Mem:6.27M, Peak:6.27M | Scene, ViewLayer | Updating Lookup Tables
Fra:1 Mem:22.98M (Peak 25.83M) | Time:00:00.01 | Mem:6.27M, Peak:6.27M | Scene, ViewLayer | Updating Lights
Fra:1 Mem:22.98M (Peak 25.83M) | Time:00:00.01 | Mem:6.27M, Peak:6.27M | Scene, ViewLayer | Updating Lights | Computing distribution
Fra:1 Mem:22.98M (Peak 25.83M) | Time:00:00.01 | Mem:6.27M, Peak:6.27M | Scene, ViewLayer | Updating Lights | Computing tree
Fra:1 Mem:22.98M (Peak 25.83M) | Time:00:00.01 | Mem:6.27M, Peak:6.27M | Scene, ViewLayer | Updating Integrator
Fra:1 Mem:23.98M (Peak 25.83M) | Time:00:00.01 | Mem:7.27M, Peak:7.27M | Scene, ViewLayer | Updating Film
Fra:1 Mem:23.98M (Peak 25.83M) | Time:00:00.01 | Mem:7.27M, Peak:7.27M | Scene, ViewLayer | Updating Lookup Tables
Fra:1 Mem:23.98M (Peak 25.83M) | Time:00:00.01 | Mem:7.27M, Peak:7.27M | Scene, ViewLayer | Updating Baking
Fra:1 Mem:23.98M (Peak 25.83M) | Time:00:00.01 | Mem:7.27M, Peak:7.27M | Scene, ViewLayer | Updating Device | Writing constant memory
Fra:1 Mem:23.99M (Peak 25.83M) | Time:00:00.01 | Mem:7.27M, Peak:7.27M | Scene, ViewLayer | Sample 0/16
Fra:1 Mem:43.01M (Peak 43.01M) | Time:00:00.04 | Remaining:00:00.37 | Mem:26.27M, Peak:26.27M | Scene, ViewLayer | Sample 1/16
Fra:1 Mem:51.01M (Peak 63.01M) | Time:00:00.65 | Mem:26.27M, Peak:26.27M | Scene, ViewLayer | Sample 16/16
Fra:1 Mem:51.01M (Peak 63.01M) | Time:00:00.65 | Mem:26.27M, Peak:26.27M | Scene, ViewLayer | Finished
Saved: '/root/rivermind-data/actionmesh-repro/outputs/applications-20261002/text-octopus-4d/preview_frames/02.png'
 Time: 00:00.67 (Saving: 00:00.02)

Fra:1 Mem:23.58M (Peak 23.60M) | Time:00:00.00 | Mem:0.00M, Peak:0.00M | Scene, ViewLayer | Synchronizing object | ActionMesh output
Fra:1 Mem:25.83M (Peak 25.83M) | Time:00:00.00 | Mem:0.00M, Peak:0.00M | Scene, ViewLayer | Initializing
Fra:1 Mem:19.47M (Peak 25.83M) | Time:00:00.00 | Mem:0.00M, Peak:0.00M | Scene, ViewLayer | Waiting for render to start
Fra:1 Mem:19.47M (Peak 25.83M) | Time:00:00.00 | Mem:0.00M, Peak:0.00M | Scene, ViewLayer | Loading render kernels (may take a few minutes the first time)
Fra:1 Mem:19.47M (Peak 25.83M) | Time:00:00.00 | Mem:0.00M, Peak:0.00M | Scene, ViewLayer | Updating Scene
Fra:1 Mem:19.47M (Peak 25.83M) | Time:00:00.00 | Mem:0.00M, Peak:0.00M | Scene, ViewLayer | Updating Shaders
Fra:1 Mem:19.47M (Peak 25.83M) | Time:00:00.00 | Mem:0.00M, Peak:0.00M | Scene, ViewLayer | Updating Procedurals
Fra:1 Mem:19.47M (Peak 25.83M) | Time:00:00.00 | Mem:0.00M, Peak:0.00M | Scene, ViewLayer | Updating Background
Fra:1 Mem:19.47M (Peak 25.83M) | Time:00:00.00 | Mem:0.00M, Peak:0.00M | Scene, ViewLayer | Updating Camera
Fra:1 Mem:19.47M (Peak 25.83M) | Time:00:00.00 | Mem:0.00M, Peak:0.00M | Scene, ViewLayer | Updating Meshes Flags
Fra:1 Mem:19.47M (Peak 25.83M) | Time:00:00.00 | Mem:0.00M, Peak:0.00M | Scene, ViewLayer | Updating Objects
Fra:1 Mem:19.47M (Peak 25.83M) | Time:00:00.00 | Mem:0.00M, Peak:0.00M | Scene, ViewLayer | Updating Objects | Copying Transformations to device
Fra:1 Mem:19.47M (Peak 25.83M) | Time:00:00.00 | Mem:0.00M, Peak:0.00M | Scene, ViewLayer | Updating Objects | Applying Static Transformations
Fra:1 Mem:19.47M (Peak 25.83M) | Time:00:00.00 | Mem:0.00M, Peak:0.00M | Scene, ViewLayer | Updating Particle Systems
Fra:1 Mem:19.47M (Peak 25.83M) | Time:00:00.00 | Mem:0.00M, Peak:0.00M | Scene, ViewLayer | Updating Particle Systems | Copying Particles to device
Fra:1 Mem:19.47M (Peak 25.83M) | Time:00:00.00 | Mem:0.00M, Peak:0.00M | Scene, ViewLayer | Updating Meshes
Fra:1 Mem:20.08M (Peak 25.83M) | Time:00:00.00 | Mem:0.00M, Peak:0.00M | Scene, ViewLayer | Updating Mesh | Computing attributes
Fra:1 Mem:20.31M (Peak 25.83M) | Time:00:00.00 | Mem:0.00M, Peak:0.00M | Scene, ViewLayer | Updating Mesh | Copying Attributes to device
Fra:1 Mem:20.31M (Peak 25.83M) | Time:00:00.00 | Mem:0.23M, Peak:0.23M | Scene, ViewLayer | Updating Scene BVH | Building
Fra:1 Mem:20.31M (Peak 25.83M) | Time:00:00.00 | Mem:0.23M, Peak:0.23M | Scene, ViewLayer | Updating Scene BVH | Building BVH
Fra:1 Mem:20.31M (Peak 25.83M) | Time:00:00.00 | Mem:2.92M, Peak:2.92M | Scene, ViewLayer | Updating Scene BVH | Building BVH 0%
Fra:1 Mem:20.31M (Peak 25.83M) | Time:00:00.01 | Mem:3.60M, Peak:5.60M | Scene, ViewLayer | Updating Scene BVH | Copying BVH to device
Fra:1 Mem:20.31M (Peak 25.83M) | Time:00:00.01 | Mem:3.60M, Peak:5.60M | Scene, ViewLayer | Updating Mesh | Computing normals
Fra:1 Mem:22.98M (Peak 25.83M) | Time:00:00.01 | Mem:3.60M, Peak:5.60M | Scene, ViewLayer | Updating Mesh | Copying Mesh to device
Fra:1 Mem:22.98M (Peak 25.83M) | Time:00:00.01 | Mem:6.27M, Peak:6.27M | Scene, ViewLayer | Updating Objects Flags
Fra:1 Mem:22.98M (Peak 25.83M) | Time:00:00.01 | Mem:6.27M, Peak:6.27M | Scene, ViewLayer | Updating Primitive Offsets
Fra:1 Mem:22.98M (Peak 25.83M) | Time:00:00.01 | Mem:6.27M, Peak:6.27M | Scene, ViewLayer | Updating Images
Fra:1 Mem:22.98M (Peak 25.83M) | Time:00:00.01 | Mem:6.27M, Peak:6.27M | Scene, ViewLayer | Updating Camera Volume
Fra:1 Mem:22.98M (Peak 25.83M) | Time:00:00.01 | Mem:6.27M, Peak:6.27M | Scene, ViewLayer | Updating Lookup Tables
Fra:1 Mem:22.98M (Peak 25.83M) | Time:00:00.01 | Mem:6.27M, Peak:6.27M | Scene, ViewLayer | Updating Lights
Fra:1 Mem:22.98M (Peak 25.83M) | Time:00:00.01 | Mem:6.27M, Peak:6.27M | Scene, ViewLayer | Updating Lights | Computing distribution
Fra:1 Mem:22.98M (Peak 25.83M) | Time:00:00.01 | Mem:6.27M, Peak:6.27M | Scene, ViewLayer | Updating Lights | Computing tree
Fra:1 Mem:22.98M (Peak 25.83M) | Time:00:00.01 | Mem:6.27M, Peak:6.27M | Scene, ViewLayer | Updating Integrator
Fra:1 Mem:23.98M (Peak 25.83M) | Time:00:00.01 | Mem:7.27M, Peak:7.27M | Scene, ViewLayer | Updating Film
Fra:1 Mem:23.98M (Peak 25.83M) | Time:00:00.01 | Mem:7.27M, Peak:7.27M | Scene, ViewLayer | Updating Lookup Tables
Fra:1 Mem:23.98M (Peak 25.83M) | Time:00:00.01 | Mem:7.27M, Peak:7.27M | Scene, ViewLayer | Updating Baking
Fra:1 Mem:23.98M (Peak 25.83M) | Time:00:00.01 | Mem:7.27M, Peak:7.27M | Scene, ViewLayer | Updating Device | Writing constant memory
Fra:1 Mem:23.99M (Peak 25.83M) | Time:00:00.01 | Mem:7.27M, Peak:7.27M | Scene, ViewLayer | Sample 0/16
Fra:1 Mem:43.01M (Peak 43.01M) | Time:00:00.04 | Remaining:00:00.38 | Mem:26.27M, Peak:26.27M | Scene, ViewLayer | Sample 1/16
Fra:1 Mem:51.01M (Peak 63.01M) | Time:00:00.65 | Mem:26.27M, Peak:26.27M | Scene, ViewLayer | Sample 16/16
Fra:1 Mem:51.01M (Peak 63.01M) | Time:00:00.65 | Mem:26.27M, Peak:26.27M | Scene, ViewLayer | Finished
Saved: '/root/rivermind-data/actionmesh-repro/outputs/applications-20261002/text-octopus-4d/preview_frames/03.png'
 Time: 00:00.68 (Saving: 00:00.02)

Fra:1 Mem:23.58M (Peak 23.60M) | Time:00:00.00 | Mem:0.00M, Peak:0.00M | Scene, ViewLayer | Synchronizing object | ActionMesh output
Fra:1 Mem:25.83M (Peak 25.83M) | Time:00:00.01 | Mem:0.00M, Peak:0.00M | Scene, ViewLayer | Initializing
Fra:1 Mem:19.47M (Peak 25.83M) | Time:00:00.01 | Mem:0.00M, Peak:0.00M | Scene, ViewLayer | Waiting for render to start
Fra:1 Mem:19.47M (Peak 25.83M) | Time:00:00.01 | Mem:0.00M, Peak:0.00M | Scene, ViewLayer | Loading render kernels (may take a few minutes the first time)
Fra:1 Mem:19.47M (Peak 25.83M) | Time:00:00.01 | Mem:0.00M, Peak:0.00M | Scene, ViewLayer | Updating Scene
Fra:1 Mem:19.47M (Peak 25.83M) | Time:00:00.01 | Mem:0.00M, Peak:0.00M | Scene, ViewLayer | Updating Shaders
Fra:1 Mem:19.47M (Peak 25.83M) | Time:00:00.01 | Mem:0.00M, Peak:0.00M | Scene, ViewLayer | Updating Procedurals
Fra:1 Mem:19.47M (Peak 25.83M) | Time:00:00.01 | Mem:0.00M, Peak:0.00M | Scene, ViewLayer | Updating Background
Fra:1 Mem:19.47M (Peak 25.83M) | Time:00:00.01 | Mem:0.00M, Peak:0.00M | Scene, ViewLayer | Updating Camera
Fra:1 Mem:19.47M (Peak 25.83M) | Time:00:00.01 | Mem:0.00M, Peak:0.00M | Scene, ViewLayer | Updating Meshes Flags
Fra:1 Mem:19.47M (Peak 25.83M) | Time:00:00.01 | Mem:0.00M, Peak:0.00M | Scene, ViewLayer | Updating Objects
Fra:1 Mem:19.47M (Peak 25.83M) | Time:00:00.01 | Mem:0.00M, Peak:0.00M | Scene, ViewLayer | Updating Objects | Copying Transformations to device
Fra:1 Mem:19.47M (Peak 25.83M) | Time:00:00.01 | Mem:0.00M, Peak:0.00M | Scene, ViewLayer | Updating Objects | Applying Static Transformations
Fra:1 Mem:19.47M (Peak 25.83M) | Time:00:00.01 | Mem:0.00M, Peak:0.00M | Scene, ViewLayer | Updating Particle Systems
Fra:1 Mem:19.47M (Peak 25.83M) | Time:00:00.01 | Mem:0.00M, Peak:0.00M | Scene, ViewLayer | Updating Particle Systems | Copying Particles to device
Fra:1 Mem:19.47M (Peak 25.83M) | Time:00:00.01 | Mem:0.00M, Peak:0.00M | Scene, ViewLayer | Updating Meshes
Fra:1 Mem:20.08M (Peak 25.83M) | Time:00:00.01 | Mem:0.00M, Peak:0.00M | Scene, ViewLayer | Updating Mesh | Computing attributes
Fra:1 Mem:20.31M (Peak 25.83M) | Time:00:00.01 | Mem:0.00M, Peak:0.00M | Scene, ViewLayer | Updating Mesh | Copying Attributes to device
Fra:1 Mem:20.31M (Peak 25.83M) | Time:00:00.01 | Mem:0.23M, Peak:0.23M | Scene, ViewLayer | Updating Scene BVH | Building
Fra:1 Mem:20.31M (Peak 25.83M) | Time:00:00.01 | Mem:0.23M, Peak:0.23M | Scene, ViewLayer | Updating Scene BVH | Building BVH
Fra:1 Mem:20.31M (Peak 25.83M) | Time:00:00.01 | Mem:2.92M, Peak:2.92M | Scene, ViewLayer | Updating Scene BVH | Building BVH 0%
Fra:1 Mem:20.31M (Peak 25.83M) | Time:00:00.01 | Mem:3.60M, Peak:5.60M | Scene, ViewLayer | Updating Scene BVH | Copying BVH to device
Fra:1 Mem:20.31M (Peak 25.83M) | Time:00:00.01 | Mem:3.60M, Peak:5.60M | Scene, ViewLayer | Updating Mesh | Computing normals
Fra:1 Mem:22.98M (Peak 25.83M) | Time:00:00.01 | Mem:3.60M, Peak:5.60M | Scene, ViewLayer | Updating Mesh | Copying Mesh to device
Fra:1 Mem:22.98M (Peak 25.83M) | Time:00:00.01 | Mem:6.27M, Peak:6.27M | Scene, ViewLayer | Updating Objects Flags
Fra:1 Mem:22.98M (Peak 25.83M) | Time:00:00.01 | Mem:6.27M, Peak:6.27M | Scene, ViewLayer | Updating Primitive Offsets
Fra:1 Mem:22.98M (Peak 25.83M) | Time:00:00.01 | Mem:6.27M, Peak:6.27M | Scene, ViewLayer | Updating Images
Fra:1 Mem:22.98M (Peak 25.83M) | Time:00:00.01 | Mem:6.27M, Peak:6.27M | Scene, ViewLayer | Updating Camera Volume
Fra:1 Mem:22.98M (Peak 25.83M) | Time:00:00.01 | Mem:6.27M, Peak:6.27M | Scene, ViewLayer | Updating Lookup Tables
Fra:1 Mem:22.98M (Peak 25.83M) | Time:00:00.01 | Mem:6.27M, Peak:6.27M | Scene, ViewLayer | Updating Lights
Fra:1 Mem:22.98M (Peak 25.83M) | Time:00:00.01 | Mem:6.27M, Peak:6.27M | Scene, ViewLayer | Updating Lights | Computing distribution
Fra:1 Mem:22.98M (Peak 25.83M) | Time:00:00.01 | Mem:6.27M, Peak:6.27M | Scene, ViewLayer | Updating Lights | Computing tree
Fra:1 Mem:22.98M (Peak 25.83M) | Time:00:00.01 | Mem:6.27M, Peak:6.27M | Scene, ViewLayer | Updating Integrator
Fra:1 Mem:23.98M (Peak 25.83M) | Time:00:00.01 | Mem:7.27M, Peak:7.27M | Scene, ViewLayer | Updating Film
Fra:1 Mem:23.98M (Peak 25.83M) | Time:00:00.01 | Mem:7.27M, Peak:7.27M | Scene, ViewLayer | Updating Lookup Tables
Fra:1 Mem:23.98M (Peak 25.83M) | Time:00:00.01 | Mem:7.27M, Peak:7.27M | Scene, ViewLayer | Updating Baking
Fra:1 Mem:23.98M (Peak 25.83M) | Time:00:00.01 | Mem:7.27M, Peak:7.27M | Scene, ViewLayer | Updating Device | Writing constant memory
Fra:1 Mem:23.99M (Peak 25.83M) | Time:00:00.01 | Mem:7.27M, Peak:7.27M | Scene, ViewLayer | Sample 0/16
Fra:1 Mem:43.01M (Peak 43.01M) | Time:00:00.04 | Remaining:00:00.41 | Mem:26.27M, Peak:26.27M | Scene, ViewLayer | Sample 1/16
Fra:1 Mem:51.01M (Peak 63.01M) | Time:00:00.70 | Mem:26.27M, Peak:26.27M | Scene, ViewLayer | Sample 16/16
Fra:1 Mem:51.01M (Peak 63.01M) | Time:00:00.70 | Mem:26.27M, Peak:26.27M | Scene, ViewLayer | Finished
Saved: '/root/rivermind-data/actionmesh-repro/outputs/applications-20261002/text-octopus-4d/preview_frames/04.png'
 Time: 00:00.72 (Saving: 00:00.02)

Fra:1 Mem:23.58M (Peak 23.58M) | Time:00:00.00 | Mem:0.00M, Peak:0.00M | Scene, ViewLayer | Synchronizing object | ActionMesh output
Fra:1 Mem:25.83M (Peak 25.83M) | Time:00:00.00 | Mem:0.00M, Peak:0.00M | Scene, ViewLayer | Initializing
Fra:1 Mem:19.47M (Peak 25.83M) | Time:00:00.00 | Mem:0.00M, Peak:0.00M | Scene, ViewLayer | Waiting for render to start
Fra:1 Mem:19.47M (Peak 25.83M) | Time:00:00.00 | Mem:0.00M, Peak:0.00M | Scene, ViewLayer | Loading render kernels (may take a few minutes the first time)
Fra:1 Mem:19.47M (Peak 25.83M) | Time:00:00.00 | Mem:0.00M, Peak:0.00M | Scene, ViewLayer | Updating Scene
Fra:1 Mem:19.47M (Peak 25.83M) | Time:00:00.00 | Mem:0.00M, Peak:0.00M | Scene, ViewLayer | Updating Shaders
Fra:1 Mem:19.47M (Peak 25.83M) | Time:00:00.00 | Mem:0.00M, Peak:0.00M | Scene, ViewLayer | Updating Procedurals
Fra:1 Mem:19.47M (Peak 25.83M) | Time:00:00.00 | Mem:0.00M, Peak:0.00M | Scene, ViewLayer | Updating Background
Fra:1 Mem:19.47M (Peak 25.83M) | Time:00:00.00 | Mem:0.00M, Peak:0.00M | Scene, ViewLayer | Updating Camera
Fra:1 Mem:19.47M (Peak 25.83M) | Time:00:00.00 | Mem:0.00M, Peak:0.00M | Scene, ViewLayer | Updating Meshes Flags
Fra:1 Mem:19.47M (Peak 25.83M) | Time:00:00.00 | Mem:0.00M, Peak:0.00M | Scene, ViewLayer | Updating Objects
Fra:1 Mem:19.47M (Peak 25.83M) | Time:00:00.00 | Mem:0.00M, Peak:0.00M | Scene, ViewLayer | Updating Objects | Copying Transformations to device
Fra:1 Mem:19.47M (Peak 25.83M) | Time:00:00.00 | Mem:0.00M, Peak:0.00M | Scene, ViewLayer | Updating Objects | Applying Static Transformations
Fra:1 Mem:19.47M (Peak 25.83M) | Time:00:00.00 | Mem:0.00M, Peak:0.00M | Scene, ViewLayer | Updating Particle Systems
Fra:1 Mem:19.47M (Peak 25.83M) | Time:00:00.00 | Mem:0.00M, Peak:0.00M | Scene, ViewLayer | Updating Particle Systems | Copying Particles to device
Fra:1 Mem:19.47M (Peak 25.83M) | Time:00:00.00 | Mem:0.00M, Peak:0.00M | Scene, ViewLayer | Updating Meshes
Fra:1 Mem:20.08M (Peak 25.83M) | Time:00:00.01 | Mem:0.00M, Peak:0.00M | Scene, ViewLayer | Updating Mesh | Computing attributes
Fra:1 Mem:20.31M (Peak 25.83M) | Time:00:00.01 | Mem:0.00M, Peak:0.00M | Scene, ViewLayer | Updating Mesh | Copying Attributes to device
Fra:1 Mem:20.31M (Peak 25.83M) | Time:00:00.01 | Mem:0.23M, Peak:0.23M | Scene, ViewLayer | Updating Scene BVH | Building
Fra:1 Mem:20.31M (Peak 25.83M) | Time:00:00.01 | Mem:0.23M, Peak:0.23M | Scene, ViewLayer | Updating Scene BVH | Building BVH
Fra:1 Mem:20.31M (Peak 25.83M) | Time:00:00.01 | Mem:2.92M, Peak:2.92M | Scene, ViewLayer | Updating Scene BVH | Building BVH 0%
Fra:1 Mem:20.31M (Peak 25.83M) | Time:00:00.01 | Mem:3.60M, Peak:5.60M | Scene, ViewLayer | Updating Scene BVH | Copying BVH to device
Fra:1 Mem:20.31M (Peak 25.83M) | Time:00:00.01 | Mem:3.60M, Peak:5.60M | Scene, ViewLayer | Updating Mesh | Computing normals
Fra:1 Mem:22.98M (Peak 25.83M) | Time:00:00.01 | Mem:3.60M, Peak:5.60M | Scene, ViewLayer | Updating Mesh | Copying Mesh to device
Fra:1 Mem:22.98M (Peak 25.83M) | Time:00:00.01 | Mem:6.27M, Peak:6.27M | Scene, ViewLayer | Updating Objects Flags
Fra:1 Mem:22.98M (Peak 25.83M) | Time:00:00.01 | Mem:6.27M, Peak:6.27M | Scene, ViewLayer | Updating Primitive Offsets
Fra:1 Mem:22.98M (Peak 25.83M) | Time:00:00.01 | Mem:6.27M, Peak:6.27M | Scene, ViewLayer | Updating Images
Fra:1 Mem:22.98M (Peak 25.83M) | Time:00:00.01 | Mem:6.27M, Peak:6.27M | Scene, ViewLayer | Updating Camera Volume
Fra:1 Mem:22.98M (Peak 25.83M) | Time:00:00.01 | Mem:6.27M, Peak:6.27M | Scene, ViewLayer | Updating Lookup Tables
Fra:1 Mem:22.98M (Peak 25.83M) | Time:00:00.01 | Mem:6.27M, Peak:6.27M | Scene, ViewLayer | Updating Lights
Fra:1 Mem:22.98M (Peak 25.83M) | Time:00:00.01 | Mem:6.27M, Peak:6.27M | Scene, ViewLayer | Updating Lights | Computing distribution
Fra:1 Mem:22.98M (Peak 25.83M) | Time:00:00.01 | Mem:6.27M, Peak:6.27M | Scene, ViewLayer | Updating Lights | Computing tree
Fra:1 Mem:22.98M (Peak 25.83M) | Time:00:00.01 | Mem:6.27M, Peak:6.27M | Scene, ViewLayer | Updating Integrator
Fra:1 Mem:23.98M (Peak 25.83M) | Time:00:00.01 | Mem:7.27M, Peak:7.27M | Scene, ViewLayer | Updating Film
Fra:1 Mem:23.98M (Peak 25.83M) | Time:00:00.01 | Mem:7.27M, Peak:7.27M | Scene, ViewLayer | Updating Lookup Tables
Fra:1 Mem:23.98M (Peak 25.83M) | Time:00:00.01 | Mem:7.27M, Peak:7.27M | Scene, ViewLayer | Updating Baking
Fra:1 Mem:23.98M (Peak 25.83M) | Time:00:00.01 | Mem:7.27M, Peak:7.27M | Scene, ViewLayer | Updating Device | Writing constant memory
Fra:1 Mem:23.99M (Peak 25.83M) | Time:00:00.01 | Mem:7.27M, Peak:7.27M | Scene, ViewLayer | Sample 0/16
Fra:1 Mem:43.01M (Peak 43.01M) | Time:00:00.04 | Remaining:00:00.42 | Mem:26.27M, Peak:26.27M | Scene, ViewLayer | Sample 1/16
Fra:1 Mem:51.01M (Peak 63.01M) | Time:00:00.69 | Mem:26.27M, Peak:26.27M | Scene, ViewLayer | Sample 16/16
Fra:1 Mem:51.01M (Peak 63.01M) | Time:00:00.69 | Mem:26.27M, Peak:26.27M | Scene, ViewLayer | Finished
Saved: '/root/rivermind-data/actionmesh-repro/outputs/applications-20261002/text-octopus-4d/preview_frames/05.png'
 Time: 00:00.72 (Saving: 00:00.02)

Fra:1 Mem:23.58M (Peak 23.60M) | Time:00:00.00 | Mem:0.00M, Peak:0.00M | Scene, ViewLayer | Synchronizing object | ActionMesh output
Fra:1 Mem:25.83M (Peak 25.83M) | Time:00:00.00 | Mem:0.00M, Peak:0.00M | Scene, ViewLayer | Initializing
Fra:1 Mem:19.47M (Peak 25.83M) | Time:00:00.00 | Mem:0.00M, Peak:0.00M | Scene, ViewLayer | Waiting for render to start
Fra:1 Mem:19.47M (Peak 25.83M) | Time:00:00.00 | Mem:0.00M, Peak:0.00M | Scene, ViewLayer | Loading render kernels (may take a few minutes the first time)
Fra:1 Mem:19.47M (Peak 25.83M) | Time:00:00.00 | Mem:0.00M, Peak:0.00M | Scene, ViewLayer | Updating Scene
Fra:1 Mem:19.47M (Peak 25.83M) | Time:00:00.00 | Mem:0.00M, Peak:0.00M | Scene, ViewLayer | Updating Shaders
Fra:1 Mem:19.47M (Peak 25.83M) | Time:00:00.00 | Mem:0.00M, Peak:0.00M | Scene, ViewLayer | Updating Procedurals
Fra:1 Mem:19.47M (Peak 25.83M) | Time:00:00.00 | Mem:0.00M, Peak:0.00M | Scene, ViewLayer | Updating Background
Fra:1 Mem:19.47M (Peak 25.83M) | Time:00:00.00 | Mem:0.00M, Peak:0.00M | Scene, ViewLayer | Updating Camera
Fra:1 Mem:19.47M (Peak 25.83M) | Time:00:00.00 | Mem:0.00M, Peak:0.00M | Scene, ViewLayer | Updating Meshes Flags
Fra:1 Mem:19.47M (Peak 25.83M) | Time:00:00.00 | Mem:0.00M, Peak:0.00M | Scene, ViewLayer | Updating Objects
Fra:1 Mem:19.47M (Peak 25.83M) | Time:00:00.00 | Mem:0.00M, Peak:0.00M | Scene, ViewLayer | Updating Objects | Copying Transformations to device
Fra:1 Mem:19.47M (Peak 25.83M) | Time:00:00.00 | Mem:0.00M, Peak:0.00M | Scene, ViewLayer | Updating Objects | Applying Static Transformations
Fra:1 Mem:19.47M (Peak 25.83M) | Time:00:00.00 | Mem:0.00M, Peak:0.00M | Scene, ViewLayer | Updating Particle Systems
Fra:1 Mem:19.47M (Peak 25.83M) | Time:00:00.00 | Mem:0.00M, Peak:0.00M | Scene, ViewLayer | Updating Particle Systems | Copying Particles to device
Fra:1 Mem:19.47M (Peak 25.83M) | Time:00:00.00 | Mem:0.00M, Peak:0.00M | Scene, ViewLayer | Updating Meshes
Fra:1 Mem:20.08M (Peak 25.83M) | Time:00:00.01 | Mem:0.00M, Peak:0.00M | Scene, ViewLayer | Updating Mesh | Computing attributes
Fra:1 Mem:20.31M (Peak 25.83M) | Time:00:00.01 | Mem:0.00M, Peak:0.00M | Scene, ViewLayer | Updating Mesh | Copying Attributes to device
Fra:1 Mem:20.31M (Peak 25.83M) | Time:00:00.01 | Mem:0.23M, Peak:0.23M | Scene, ViewLayer | Updating Scene BVH | Building
Fra:1 Mem:20.31M (Peak 25.83M) | Time:00:00.01 | Mem:0.23M, Peak:0.23M | Scene, ViewLayer | Updating Scene BVH | Building BVH
Fra:1 Mem:20.31M (Peak 25.83M) | Time:00:00.01 | Mem:2.92M, Peak:2.92M | Scene, ViewLayer | Updating Scene BVH | Building BVH 0%
Fra:1 Mem:20.31M (Peak 25.83M) | Time:00:00.01 | Mem:3.60M, Peak:5.60M | Scene, ViewLayer | Updating Scene BVH | Copying BVH to device
Fra:1 Mem:20.31M (Peak 25.83M) | Time:00:00.01 | Mem:3.60M, Peak:5.60M | Scene, ViewLayer | Updating Mesh | Computing normals
Fra:1 Mem:22.98M (Peak 25.83M) | Time:00:00.01 | Mem:3.60M, Peak:5.60M | Scene, ViewLayer | Updating Mesh | Copying Mesh to device
Fra:1 Mem:22.98M (Peak 25.83M) | Time:00:00.01 | Mem:6.27M, Peak:6.27M | Scene, ViewLayer | Updating Objects Flags
Fra:1 Mem:22.98M (Peak 25.83M) | Time:00:00.01 | Mem:6.27M, Peak:6.27M | Scene, ViewLayer | Updating Primitive Offsets
Fra:1 Mem:22.98M (Peak 25.83M) | Time:00:00.01 | Mem:6.27M, Peak:6.27M | Scene, ViewLayer | Updating Images
Fra:1 Mem:22.98M (Peak 25.83M) | Time:00:00.01 | Mem:6.27M, Peak:6.27M | Scene, ViewLayer | Updating Camera Volume
Fra:1 Mem:22.98M (Peak 25.83M) | Time:00:00.01 | Mem:6.27M, Peak:6.27M | Scene, ViewLayer | Updating Lookup Tables
Fra:1 Mem:22.98M (Peak 25.83M) | Time:00:00.01 | Mem:6.27M, Peak:6.27M | Scene, ViewLayer | Updating Lights
Fra:1 Mem:22.98M (Peak 25.83M) | Time:00:00.01 | Mem:6.27M, Peak:6.27M | Scene, ViewLayer | Updating Lights | Computing distribution
Fra:1 Mem:22.98M (Peak 25.83M) | Time:00:00.01 | Mem:6.27M, Peak:6.27M | Scene, ViewLayer | Updating Lights | Computing tree
Fra:1 Mem:22.98M (Peak 25.83M) | Time:00:00.01 | Mem:6.27M, Peak:6.27M | Scene, ViewLayer | Updating Integrator
Fra:1 Mem:23.98M (Peak 25.83M) | Time:00:00.01 | Mem:7.27M, Peak:7.27M | Scene, ViewLayer | Updating Film
Fra:1 Mem:23.98M (Peak 25.83M) | Time:00:00.01 | Mem:7.27M, Peak:7.27M | Scene, ViewLayer | Updating Lookup Tables
Fra:1 Mem:23.98M (Peak 25.83M) | Time:00:00.01 | Mem:7.27M, Peak:7.27M | Scene, ViewLayer | Updating Baking
Fra:1 Mem:23.98M (Peak 25.83M) | Time:00:00.01 | Mem:7.27M, Peak:7.27M | Scene, ViewLayer | Updating Device | Writing constant memory
Fra:1 Mem:23.99M (Peak 25.83M) | Time:00:00.01 | Mem:7.27M, Peak:7.27M | Scene, ViewLayer | Sample 0/16
Fra:1 Mem:43.01M (Peak 43.01M) | Time:00:00.04 | Remaining:00:00.38 | Mem:26.27M, Peak:26.27M | Scene, ViewLayer | Sample 1/16
Fra:1 Mem:51.01M (Peak 63.01M) | Time:00:00.70 | Mem:26.27M, Peak:26.27M | Scene, ViewLayer | Sample 16/16
Fra:1 Mem:51.01M (Peak 63.01M) | Time:00:00.70 | Mem:26.27M, Peak:26.27M | Scene, ViewLayer | Finished
Saved: '/root/rivermind-data/actionmesh-repro/outputs/applications-20261002/text-octopus-4d/preview_frames/06.png'
 Time: 00:00.72 (Saving: 00:00.02)

Fra:1 Mem:23.58M (Peak 23.58M) | Time:00:00.00 | Mem:0.00M, Peak:0.00M | Scene, ViewLayer | Synchronizing object | ActionMesh output
Fra:1 Mem:25.83M (Peak 25.83M) | Time:00:00.00 | Mem:0.00M, Peak:0.00M | Scene, ViewLayer | Initializing
Fra:1 Mem:19.47M (Peak 25.83M) | Time:00:00.00 | Mem:0.00M, Peak:0.00M | Scene, ViewLayer | Waiting for render to start
Fra:1 Mem:19.47M (Peak 25.83M) | Time:00:00.00 | Mem:0.00M, Peak:0.00M | Scene, ViewLayer | Loading render kernels (may take a few minutes the first time)
Fra:1 Mem:19.47M (Peak 25.83M) | Time:00:00.00 | Mem:0.00M, Peak:0.00M | Scene, ViewLayer | Updating Scene
Fra:1 Mem:19.47M (Peak 25.83M) | Time:00:00.00 | Mem:0.00M, Peak:0.00M | Scene, ViewLayer | Updating Shaders
Fra:1 Mem:19.47M (Peak 25.83M) | Time:00:00.00 | Mem:0.00M, Peak:0.00M | Scene, ViewLayer | Updating Procedurals
Fra:1 Mem:19.47M (Peak 25.83M) | Time:00:00.00 | Mem:0.00M, Peak:0.00M | Scene, ViewLayer | Updating Background
Fra:1 Mem:19.47M (Peak 25.83M) | Time:00:00.00 | Mem:0.00M, Peak:0.00M | Scene, ViewLayer | Updating Camera
Fra:1 Mem:19.47M (Peak 25.83M) | Time:00:00.00 | Mem:0.00M, Peak:0.00M | Scene, ViewLayer | Updating Meshes Flags
Fra:1 Mem:19.47M (Peak 25.83M) | Time:00:00.00 | Mem:0.00M, Peak:0.00M | Scene, ViewLayer | Updating Objects
Fra:1 Mem:19.47M (Peak 25.83M) | Time:00:00.00 | Mem:0.00M, Peak:0.00M | Scene, ViewLayer | Updating Objects | Copying Transformations to device
Fra:1 Mem:19.47M (Peak 25.83M) | Time:00:00.00 | Mem:0.00M, Peak:0.00M | Scene, ViewLayer | Updating Objects | Applying Static Transformations
Fra:1 Mem:19.47M (Peak 25.83M) | Time:00:00.00 | Mem:0.00M, Peak:0.00M | Scene, ViewLayer | Updating Particle Systems
Fra:1 Mem:19.47M (Peak 25.83M) | Time:00:00.00 | Mem:0.00M, Peak:0.00M | Scene, ViewLayer | Updating Particle Systems | Copying Particles to device
Fra:1 Mem:19.47M (Peak 25.83M) | Time:00:00.00 | Mem:0.00M, Peak:0.00M | Scene, ViewLayer | Updating Meshes
Fra:1 Mem:20.08M (Peak 25.83M) | Time:00:00.01 | Mem:0.00M, Peak:0.00M | Scene, ViewLayer | Updating Mesh | Computing attributes
Fra:1 Mem:20.31M (Peak 25.83M) | Time:00:00.01 | Mem:0.00M, Peak:0.00M | Scene, ViewLayer | Updating Mesh | Copying Attributes to device
Fra:1 Mem:20.31M (Peak 25.83M) | Time:00:00.01 | Mem:0.23M, Peak:0.23M | Scene, ViewLayer | Updating Scene BVH | Building
Fra:1 Mem:20.31M (Peak 25.83M) | Time:00:00.01 | Mem:0.23M, Peak:0.23M | Scene, ViewLayer | Updating Scene BVH | Building BVH
Fra:1 Mem:20.31M (Peak 25.83M) | Time:00:00.01 | Mem:2.92M, Peak:2.92M | Scene, ViewLayer | Updating Scene BVH | Building BVH 0%
Fra:1 Mem:20.31M (Peak 25.83M) | Time:00:00.01 | Mem:3.60M, Peak:5.60M | Scene, ViewLayer | Updating Scene BVH | Copying BVH to device
Fra:1 Mem:20.31M (Peak 25.83M) | Time:00:00.01 | Mem:3.60M, Peak:5.60M | Scene, ViewLayer | Updating Mesh | Computing normals
Fra:1 Mem:22.98M (Peak 25.83M) | Time:00:00.01 | Mem:3.60M, Peak:5.60M | Scene, ViewLayer | Updating Mesh | Copying Mesh to device
Fra:1 Mem:22.98M (Peak 25.83M) | Time:00:00.01 | Mem:6.27M, Peak:6.27M | Scene, ViewLayer | Updating Objects Flags
Fra:1 Mem:22.98M (Peak 25.83M) | Time:00:00.01 | Mem:6.27M, Peak:6.27M | Scene, ViewLayer | Updating Primitive Offsets
Fra:1 Mem:22.98M (Peak 25.83M) | Time:00:00.01 | Mem:6.27M, Peak:6.27M | Scene, ViewLayer | Updating Images
Fra:1 Mem:22.98M (Peak 25.83M) | Time:00:00.01 | Mem:6.27M, Peak:6.27M | Scene, ViewLayer | Updating Camera Volume
Fra:1 Mem:22.98M (Peak 25.83M) | Time:00:00.01 | Mem:6.27M, Peak:6.27M | Scene, ViewLayer | Updating Lookup Tables
Fra:1 Mem:22.98M (Peak 25.83M) | Time:00:00.01 | Mem:6.27M, Peak:6.27M | Scene, ViewLayer | Updating Lights
Fra:1 Mem:22.98M (Peak 25.83M) | Time:00:00.01 | Mem:6.27M, Peak:6.27M | Scene, ViewLayer | Updating Lights | Computing distribution
Fra:1 Mem:22.98M (Peak 25.83M) | Time:00:00.01 | Mem:6.27M, Peak:6.27M | Scene, ViewLayer | Updating Lights | Computing tree
Fra:1 Mem:22.98M (Peak 25.83M) | Time:00:00.01 | Mem:6.27M, Peak:6.27M | Scene, ViewLayer | Updating Integrator
Fra:1 Mem:23.98M (Peak 25.83M) | Time:00:00.01 | Mem:7.27M, Peak:7.27M | Scene, ViewLayer | Updating Film
Fra:1 Mem:23.98M (Peak 25.83M) | Time:00:00.01 | Mem:7.27M, Peak:7.27M | Scene, ViewLayer | Updating Lookup Tables
Fra:1 Mem:23.98M (Peak 25.83M) | Time:00:00.01 | Mem:7.27M, Peak:7.27M | Scene, ViewLayer | Updating Baking
Fra:1 Mem:23.98M (Peak 25.83M) | Time:00:00.01 | Mem:7.27M, Peak:7.27M | Scene, ViewLayer | Updating Device | Writing constant memory
Fra:1 Mem:23.99M (Peak 25.83M) | Time:00:00.01 | Mem:7.27M, Peak:7.27M | Scene, ViewLayer | Sample 0/16
Fra:1 Mem:43.01M (Peak 43.01M) | Time:00:00.04 | Remaining:00:00.39 | Mem:26.27M, Peak:26.27M | Scene, ViewLayer | Sample 1/16
Fra:1 Mem:51.01M (Peak 63.01M) | Time:00:00.69 | Mem:26.27M, Peak:26.27M | Scene, ViewLayer | Sample 16/16
Fra:1 Mem:51.01M (Peak 63.01M) | Time:00:00.69 | Mem:26.27M, Peak:26.27M | Scene, ViewLayer | Finished
Saved: '/root/rivermind-data/actionmesh-repro/outputs/applications-20261002/text-octopus-4d/preview_frames/07.png'
 Time: 00:00.72 (Saving: 00:00.02)

Fra:1 Mem:23.58M (Peak 23.58M) | Time:00:00.00 | Mem:0.00M, Peak:0.00M | Scene, ViewLayer | Synchronizing object | ActionMesh output
Fra:1 Mem:25.83M (Peak 25.83M) | Time:00:00.00 | Mem:0.00M, Peak:0.00M | Scene, ViewLayer | Initializing
Fra:1 Mem:19.47M (Peak 25.83M) | Time:00:00.00 | Mem:0.00M, Peak:0.00M | Scene, ViewLayer | Waiting for render to start
Fra:1 Mem:19.47M (Peak 25.83M) | Time:00:00.00 | Mem:0.00M, Peak:0.00M | Scene, ViewLayer | Loading render kernels (may take a few minutes the first time)
Fra:1 Mem:19.47M (Peak 25.83M) | Time:00:00.00 | Mem:0.00M, Peak:0.00M | Scene, ViewLayer | Updating Scene
Fra:1 Mem:19.47M (Peak 25.83M) | Time:00:00.00 | Mem:0.00M, Peak:0.00M | Scene, ViewLayer | Updating Shaders
Fra:1 Mem:19.47M (Peak 25.83M) | Time:00:00.00 | Mem:0.00M, Peak:0.00M | Scene, ViewLayer | Updating Procedurals
Fra:1 Mem:19.47M (Peak 25.83M) | Time:00:00.00 | Mem:0.00M, Peak:0.00M | Scene, ViewLayer | Updating Background
Fra:1 Mem:19.47M (Peak 25.83M) | Time:00:00.00 | Mem:0.00M, Peak:0.00M | Scene, ViewLayer | Updating Camera
Fra:1 Mem:19.47M (Peak 25.83M) | Time:00:00.00 | Mem:0.00M, Peak:0.00M | Scene, ViewLayer | Updating Meshes Flags
Fra:1 Mem:19.47M (Peak 25.83M) | Time:00:00.00 | Mem:0.00M, Peak:0.00M | Scene, ViewLayer | Updating Objects
Fra:1 Mem:19.47M (Peak 25.83M) | Time:00:00.00 | Mem:0.00M, Peak:0.00M | Scene, ViewLayer | Updating Objects | Copying Transformations to device
Fra:1 Mem:19.47M (Peak 25.83M) | Time:00:00.00 | Mem:0.00M, Peak:0.00M | Scene, ViewLayer | Updating Objects | Applying Static Transformations
Fra:1 Mem:19.47M (Peak 25.83M) | Time:00:00.00 | Mem:0.00M, Peak:0.00M | Scene, ViewLayer | Updating Particle Systems
Fra:1 Mem:19.47M (Peak 25.83M) | Time:00:00.00 | Mem:0.00M, Peak:0.00M | Scene, ViewLayer | Updating Particle Systems | Copying Particles to device
Fra:1 Mem:19.47M (Peak 25.83M) | Time:00:00.00 | Mem:0.00M, Peak:0.00M | Scene, ViewLayer | Updating Meshes
Fra:1 Mem:20.08M (Peak 25.83M) | Time:00:00.01 | Mem:0.00M, Peak:0.00M | Scene, ViewLayer | Updating Mesh | Computing attributes
Fra:1 Mem:20.31M (Peak 25.83M) | Time:00:00.01 | Mem:0.00M, Peak:0.00M | Scene, ViewLayer | Updating Mesh | Copying Attributes to device
Fra:1 Mem:20.31M (Peak 25.83M) | Time:00:00.01 | Mem:0.23M, Peak:0.23M | Scene, ViewLayer | Updating Scene BVH | Building
Fra:1 Mem:20.31M (Peak 25.83M) | Time:00:00.01 | Mem:0.23M, Peak:0.23M | Scene, ViewLayer | Updating Scene BVH | Building BVH
Fra:1 Mem:20.31M (Peak 25.83M) | Time:00:00.01 | Mem:2.92M, Peak:2.92M | Scene, ViewLayer | Updating Scene BVH | Building BVH 0%
Fra:1 Mem:20.31M (Peak 25.83M) | Time:00:00.01 | Mem:3.60M, Peak:5.60M | Scene, ViewLayer | Updating Scene BVH | Copying BVH to device
Fra:1 Mem:20.31M (Peak 25.83M) | Time:00:00.01 | Mem:3.60M, Peak:5.60M | Scene, ViewLayer | Updating Mesh | Computing normals
Fra:1 Mem:22.98M (Peak 25.83M) | Time:00:00.01 | Mem:3.60M, Peak:5.60M | Scene, ViewLayer | Updating Mesh | Copying Mesh to device
Fra:1 Mem:22.98M (Peak 25.83M) | Time:00:00.01 | Mem:6.27M, Peak:6.27M | Scene, ViewLayer | Updating Objects Flags
Fra:1 Mem:22.98M (Peak 25.83M) | Time:00:00.01 | Mem:6.27M, Peak:6.27M | Scene, ViewLayer | Updating Primitive Offsets
Fra:1 Mem:22.98M (Peak 25.83M) | Time:00:00.01 | Mem:6.27M, Peak:6.27M | Scene, ViewLayer | Updating Images
Fra:1 Mem:22.98M (Peak 25.83M) | Time:00:00.01 | Mem:6.27M, Peak:6.27M | Scene, ViewLayer | Updating Camera Volume
Fra:1 Mem:22.98M (Peak 25.83M) | Time:00:00.01 | Mem:6.27M, Peak:6.27M | Scene, ViewLayer | Updating Lookup Tables
Fra:1 Mem:22.98M (Peak 25.83M) | Time:00:00.01 | Mem:6.27M, Peak:6.27M | Scene, ViewLayer | Updating Lights
Fra:1 Mem:22.98M (Peak 25.83M) | Time:00:00.01 | Mem:6.27M, Peak:6.27M | Scene, ViewLayer | Updating Lights | Computing distribution
Fra:1 Mem:22.98M (Peak 25.83M) | Time:00:00.01 | Mem:6.27M, Peak:6.27M | Scene, ViewLayer | Updating Lights | Computing tree
Fra:1 Mem:22.98M (Peak 25.83M) | Time:00:00.01 | Mem:6.27M, Peak:6.27M | Scene, ViewLayer | Updating Integrator
Fra:1 Mem:23.98M (Peak 25.83M) | Time:00:00.02 | Mem:7.27M, Peak:7.27M | Scene, ViewLayer | Updating Film
Fra:1 Mem:23.98M (Peak 25.83M) | Time:00:00.02 | Mem:7.27M, Peak:7.27M | Scene, ViewLayer | Updating Lookup Tables
Fra:1 Mem:23.98M (Peak 25.83M) | Time:00:00.02 | Mem:7.27M, Peak:7.27M | Scene, ViewLayer | Updating Baking
Fra:1 Mem:23.98M (Peak 25.83M) | Time:00:00.02 | Mem:7.27M, Peak:7.27M | Scene, ViewLayer | Updating Device | Writing constant memory
Fra:1 Mem:23.99M (Peak 25.83M) | Time:00:00.02 | Mem:7.27M, Peak:7.27M | Scene, ViewLayer | Sample 0/16
Fra:1 Mem:43.01M (Peak 43.01M) | Time:00:00.04 | Remaining:00:00.39 | Mem:26.27M, Peak:26.27M | Scene, ViewLayer | Sample 1/16
Fra:1 Mem:51.01M (Peak 63.01M) | Time:00:00.69 | Mem:26.27M, Peak:26.27M | Scene, ViewLayer | Sample 16/16
Fra:1 Mem:51.01M (Peak 63.01M) | Time:00:00.69 | Mem:26.27M, Peak:26.27M | Scene, ViewLayer | Finished
Saved: '/root/rivermind-data/actionmesh-repro/outputs/applications-20261002/text-octopus-4d/preview_frames/08.png'
 Time: 00:00.72 (Saving: 00:00.02)

Fra:1 Mem:23.58M (Peak 23.60M) | Time:00:00.00 | Mem:0.00M, Peak:0.00M | Scene, ViewLayer | Synchronizing object | ActionMesh output
Fra:1 Mem:25.83M (Peak 25.83M) | Time:00:00.01 | Mem:0.00M, Peak:0.00M | Scene, ViewLayer | Initializing
Fra:1 Mem:19.47M (Peak 25.83M) | Time:00:00.01 | Mem:0.00M, Peak:0.00M | Scene, ViewLayer | Waiting for render to start
Fra:1 Mem:19.47M (Peak 25.83M) | Time:00:00.01 | Mem:0.00M, Peak:0.00M | Scene, ViewLayer | Loading render kernels (may take a few minutes the first time)
Fra:1 Mem:19.47M (Peak 25.83M) | Time:00:00.01 | Mem:0.00M, Peak:0.00M | Scene, ViewLayer | Updating Scene
Fra:1 Mem:19.47M (Peak 25.83M) | Time:00:00.01 | Mem:0.00M, Peak:0.00M | Scene, ViewLayer | Updating Shaders
Fra:1 Mem:19.47M (Peak 25.83M) | Time:00:00.01 | Mem:0.00M, Peak:0.00M | Scene, ViewLayer | Updating Procedurals
Fra:1 Mem:19.47M (Peak 25.83M) | Time:00:00.01 | Mem:0.00M, Peak:0.00M | Scene, ViewLayer | Updating Background
Fra:1 Mem:19.47M (Peak 25.83M) | Time:00:00.01 | Mem:0.00M, Peak:0.00M | Scene, ViewLayer | Updating Camera
Fra:1 Mem:19.47M (Peak 25.83M) | Time:00:00.01 | Mem:0.00M, Peak:0.00M | Scene, ViewLayer | Updating Meshes Flags
Fra:1 Mem:19.47M (Peak 25.83M) | Time:00:00.01 | Mem:0.00M, Peak:0.00M | Scene, ViewLayer | Updating Objects
Fra:1 Mem:19.47M (Peak 25.83M) | Time:00:00.01 | Mem:0.00M, Peak:0.00M | Scene, ViewLayer | Updating Objects | Copying Transformations to device
Fra:1 Mem:19.47M (Peak 25.83M) | Time:00:00.01 | Mem:0.00M, Peak:0.00M | Scene, ViewLayer | Updating Objects | Applying Static Transformations
Fra:1 Mem:19.47M (Peak 25.83M) | Time:00:00.01 | Mem:0.00M, Peak:0.00M | Scene, ViewLayer | Updating Particle Systems
Fra:1 Mem:19.47M (Peak 25.83M) | Time:00:00.01 | Mem:0.00M, Peak:0.00M | Scene, ViewLayer | Updating Particle Systems | Copying Particles to device
Fra:1 Mem:19.47M (Peak 25.83M) | Time:00:00.01 | Mem:0.00M, Peak:0.00M | Scene, ViewLayer | Updating Meshes
Fra:1 Mem:20.08M (Peak 25.83M) | Time:00:00.01 | Mem:0.00M, Peak:0.00M | Scene, ViewLayer | Updating Mesh | Computing attributes
Fra:1 Mem:20.31M (Peak 25.83M) | Time:00:00.01 | Mem:0.00M, Peak:0.00M | Scene, ViewLayer | Updating Mesh | Copying Attributes to device
Fra:1 Mem:20.31M (Peak 25.83M) | Time:00:00.01 | Mem:0.23M, Peak:0.23M | Scene, ViewLayer | Updating Scene BVH | Building
Fra:1 Mem:20.31M (Peak 25.83M) | Time:00:00.01 | Mem:0.23M, Peak:0.23M | Scene, ViewLayer | Updating Scene BVH | Building BVH
Fra:1 Mem:20.31M (Peak 25.83M) | Time:00:00.01 | Mem:2.92M, Peak:2.92M | Scene, ViewLayer | Updating Scene BVH | Building BVH 0%
Fra:1 Mem:20.31M (Peak 25.83M) | Time:00:00.01 | Mem:3.60M, Peak:5.60M | Scene, ViewLayer | Updating Scene BVH | Copying BVH to device
Fra:1 Mem:20.31M (Peak 25.83M) | Time:00:00.01 | Mem:3.60M, Peak:5.60M | Scene, ViewLayer | Updating Mesh | Computing normals
Fra:1 Mem:22.98M (Peak 25.83M) | Time:00:00.01 | Mem:3.60M, Peak:5.60M | Scene, ViewLayer | Updating Mesh | Copying Mesh to device
Fra:1 Mem:22.98M (Peak 25.83M) | Time:00:00.01 | Mem:6.27M, Peak:6.27M | Scene, ViewLayer | Updating Objects Flags
Fra:1 Mem:22.98M (Peak 25.83M) | Time:00:00.01 | Mem:6.27M, Peak:6.27M | Scene, ViewLayer | Updating Primitive Offsets
Fra:1 Mem:22.98M (Peak 25.83M) | Time:00:00.01 | Mem:6.27M, Peak:6.27M | Scene, ViewLayer | Updating Images
Fra:1 Mem:22.98M (Peak 25.83M) | Time:00:00.01 | Mem:6.27M, Peak:6.27M | Scene, ViewLayer | Updating Camera Volume
Fra:1 Mem:22.98M (Peak 25.83M) | Time:00:00.01 | Mem:6.27M, Peak:6.27M | Scene, ViewLayer | Updating Lookup Tables
Fra:1 Mem:22.98M (Peak 25.83M) | Time:00:00.01 | Mem:6.27M, Peak:6.27M | Scene, ViewLayer | Updating Lights
Fra:1 Mem:22.98M (Peak 25.83M) | Time:00:00.01 | Mem:6.27M, Peak:6.27M | Scene, ViewLayer | Updating Lights | Computing distribution
Fra:1 Mem:22.98M (Peak 25.83M) | Time:00:00.01 | Mem:6.27M, Peak:6.27M | Scene, ViewLayer | Updating Lights | Computing tree
Fra:1 Mem:22.98M (Peak 25.83M) | Time:00:00.01 | Mem:6.27M, Peak:6.27M | Scene, ViewLayer | Updating Integrator
Fra:1 Mem:23.98M (Peak 25.83M) | Time:00:00.01 | Mem:7.27M, Peak:7.27M | Scene, ViewLayer | Updating Film
Fra:1 Mem:23.98M (Peak 25.83M) | Time:00:00.01 | Mem:7.27M, Peak:7.27M | Scene, ViewLayer | Updating Lookup Tables
Fra:1 Mem:23.98M (Peak 25.83M) | Time:00:00.01 | Mem:7.27M, Peak:7.27M | Scene, ViewLayer | Updating Baking
Fra:1 Mem:23.98M (Peak 25.83M) | Time:00:00.01 | Mem:7.27M, Peak:7.27M | Scene, ViewLayer | Updating Device | Writing constant memory
Fra:1 Mem:23.99M (Peak 25.83M) | Time:00:00.01 | Mem:7.27M, Peak:7.27M | Scene, ViewLayer | Sample 0/16
Fra:1 Mem:43.01M (Peak 43.01M) | Time:00:00.04 | Remaining:00:00.40 | Mem:26.27M, Peak:26.27M | Scene, ViewLayer | Sample 1/16
Fra:1 Mem:51.01M (Peak 63.01M) | Time:00:00.70 | Mem:26.27M, Peak:26.27M | Scene, ViewLayer | Sample 16/16
Fra:1 Mem:51.01M (Peak 63.01M) | Time:00:00.70 | Mem:26.27M, Peak:26.27M | Scene, ViewLayer | Finished
Saved: '/root/rivermind-data/actionmesh-repro/outputs/applications-20261002/text-octopus-4d/preview_frames/09.png'
 Time: 00:00.73 (Saving: 00:00.02)

Fra:1 Mem:23.58M (Peak 23.58M) | Time:00:00.00 | Mem:0.00M, Peak:0.00M | Scene, ViewLayer | Synchronizing object | ActionMesh output
Fra:1 Mem:25.83M (Peak 25.83M) | Time:00:00.01 | Mem:0.00M, Peak:0.00M | Scene, ViewLayer | Initializing
Fra:1 Mem:19.47M (Peak 25.83M) | Time:00:00.01 | Mem:0.00M, Peak:0.00M | Scene, ViewLayer | Waiting for render to start
Fra:1 Mem:19.47M (Peak 25.83M) | Time:00:00.01 | Mem:0.00M, Peak:0.00M | Scene, ViewLayer | Loading render kernels (may take a few minutes the first time)
Fra:1 Mem:19.47M (Peak 25.83M) | Time:00:00.01 | Mem:0.00M, Peak:0.00M | Scene, ViewLayer | Updating Scene
Fra:1 Mem:19.47M (Peak 25.83M) | Time:00:00.01 | Mem:0.00M, Peak:0.00M | Scene, ViewLayer | Updating Shaders
Fra:1 Mem:19.47M (Peak 25.83M) | Time:00:00.01 | Mem:0.00M, Peak:0.00M | Scene, ViewLayer | Updating Procedurals
Fra:1 Mem:19.47M (Peak 25.83M) | Time:00:00.01 | Mem:0.00M, Peak:0.00M | Scene, ViewLayer | Updating Background
Fra:1 Mem:19.47M (Peak 25.83M) | Time:00:00.01 | Mem:0.00M, Peak:0.00M | Scene, ViewLayer | Updating Camera
Fra:1 Mem:19.47M (Peak 25.83M) | Time:00:00.01 | Mem:0.00M, Peak:0.00M | Scene, ViewLayer | Updating Meshes Flags
Fra:1 Mem:19.47M (Peak 25.83M) | Time:00:00.01 | Mem:0.00M, Peak:0.00M | Scene, ViewLayer | Updating Objects
Fra:1 Mem:19.47M (Peak 25.83M) | Time:00:00.01 | Mem:0.00M, Peak:0.00M | Scene, ViewLayer | Updating Objects | Copying Transformations to device
Fra:1 Mem:19.47M (Peak 25.83M) | Time:00:00.01 | Mem:0.00M, Peak:0.00M | Scene, ViewLayer | Updating Objects | Applying Static Transformations
Fra:1 Mem:19.47M (Peak 25.83M) | Time:00:00.01 | Mem:0.00M, Peak:0.00M | Scene, ViewLayer | Updating Particle Systems
Fra:1 Mem:19.47M (Peak 25.83M) | Time:00:00.01 | Mem:0.00M, Peak:0.00M | Scene, ViewLayer | Updating Particle Systems | Copying Particles to device
Fra:1 Mem:19.47M (Peak 25.83M) | Time:00:00.01 | Mem:0.00M, Peak:0.00M | Scene, ViewLayer | Updating Meshes
Fra:1 Mem:20.08M (Peak 25.83M) | Time:00:00.01 | Mem:0.00M, Peak:0.00M | Scene, ViewLayer | Updating Mesh | Computing attributes
Fra:1 Mem:20.31M (Peak 25.83M) | Time:00:00.01 | Mem:0.00M, Peak:0.00M | Scene, ViewLayer | Updating Mesh | Copying Attributes to device
Fra:1 Mem:20.31M (Peak 25.83M) | Time:00:00.01 | Mem:0.23M, Peak:0.23M | Scene, ViewLayer | Updating Scene BVH | Building
Fra:1 Mem:20.31M (Peak 25.83M) | Time:00:00.01 | Mem:0.23M, Peak:0.23M | Scene, ViewLayer | Updating Scene BVH | Building BVH
Fra:1 Mem:20.31M (Peak 25.83M) | Time:00:00.01 | Mem:2.92M, Peak:2.92M | Scene, ViewLayer | Updating Scene BVH | Building BVH 0%
Fra:1 Mem:20.31M (Peak 25.83M) | Time:00:00.01 | Mem:3.72M, Peak:5.72M | Scene, ViewLayer | Updating Scene BVH | Copying BVH to device
Fra:1 Mem:20.31M (Peak 25.83M) | Time:00:00.01 | Mem:3.72M, Peak:5.72M | Scene, ViewLayer | Updating Mesh | Computing normals
Fra:1 Mem:22.98M (Peak 25.83M) | Time:00:00.01 | Mem:3.72M, Peak:5.72M | Scene, ViewLayer | Updating Mesh | Copying Mesh to device
Fra:1 Mem:22.98M (Peak 25.83M) | Time:00:00.01 | Mem:6.39M, Peak:6.39M | Scene, ViewLayer | Updating Objects Flags
Fra:1 Mem:22.98M (Peak 25.83M) | Time:00:00.01 | Mem:6.39M, Peak:6.39M | Scene, ViewLayer | Updating Primitive Offsets
Fra:1 Mem:22.98M (Peak 25.83M) | Time:00:00.01 | Mem:6.39M, Peak:6.39M | Scene, ViewLayer | Updating Images
Fra:1 Mem:22.98M (Peak 25.83M) | Time:00:00.01 | Mem:6.39M, Peak:6.39M | Scene, ViewLayer | Updating Camera Volume
Fra:1 Mem:22.98M (Peak 25.83M) | Time:00:00.01 | Mem:6.39M, Peak:6.39M | Scene, ViewLayer | Updating Lookup Tables
Fra:1 Mem:22.98M (Peak 25.83M) | Time:00:00.01 | Mem:6.39M, Peak:6.39M | Scene, ViewLayer | Updating Lights
Fra:1 Mem:22.98M (Peak 25.83M) | Time:00:00.01 | Mem:6.39M, Peak:6.39M | Scene, ViewLayer | Updating Lights | Computing distribution
Fra:1 Mem:22.98M (Peak 25.83M) | Time:00:00.01 | Mem:6.39M, Peak:6.39M | Scene, ViewLayer | Updating Lights | Computing tree
Fra:1 Mem:22.98M (Peak 25.83M) | Time:00:00.01 | Mem:6.39M, Peak:6.39M | Scene, ViewLayer | Updating Integrator
Fra:1 Mem:23.98M (Peak 25.83M) | Time:00:00.01 | Mem:7.39M, Peak:7.39M | Scene, ViewLayer | Updating Film
Fra:1 Mem:23.98M (Peak 25.83M) | Time:00:00.01 | Mem:7.39M, Peak:7.39M | Scene, ViewLayer | Updating Lookup Tables
Fra:1 Mem:23.98M (Peak 25.83M) | Time:00:00.01 | Mem:7.40M, Peak:7.40M | Scene, ViewLayer | Updating Baking
Fra:1 Mem:23.98M (Peak 25.83M) | Time:00:00.01 | Mem:7.40M, Peak:7.40M | Scene, ViewLayer | Updating Device | Writing constant memory
Fra:1 Mem:23.99M (Peak 25.83M) | Time:00:00.01 | Mem:7.40M, Peak:7.40M | Scene, ViewLayer | Sample 0/16
Fra:1 Mem:43.01M (Peak 43.01M) | Time:00:00.04 | Remaining:00:00.38 | Mem:26.40M, Peak:26.40M | Scene, ViewLayer | Sample 1/16
Fra:1 Mem:51.01M (Peak 63.01M) | Time:00:00.68 | Mem:26.40M, Peak:26.40M | Scene, ViewLayer | Sample 16/16
Fra:1 Mem:51.01M (Peak 63.01M) | Time:00:00.68 | Mem:26.40M, Peak:26.40M | Scene, ViewLayer | Finished
Saved: '/root/rivermind-data/actionmesh-repro/outputs/applications-20261002/text-octopus-4d/preview_frames/10.png'
 Time: 00:00.71 (Saving: 00:00.02)

Fra:1 Mem:23.58M (Peak 23.60M) | Time:00:00.00 | Mem:0.00M, Peak:0.00M | Scene, ViewLayer | Synchronizing object | ActionMesh output
Fra:1 Mem:25.83M (Peak 25.83M) | Time:00:00.00 | Mem:0.00M, Peak:0.00M | Scene, ViewLayer | Initializing
Fra:1 Mem:19.47M (Peak 25.83M) | Time:00:00.00 | Mem:0.00M, Peak:0.00M | Scene, ViewLayer | Waiting for render to start
Fra:1 Mem:19.47M (Peak 25.83M) | Time:00:00.00 | Mem:0.00M, Peak:0.00M | Scene, ViewLayer | Loading render kernels (may take a few minutes the first time)
Fra:1 Mem:19.47M (Peak 25.83M) | Time:00:00.00 | Mem:0.00M, Peak:0.00M | Scene, ViewLayer | Updating Scene
Fra:1 Mem:19.47M (Peak 25.83M) | Time:00:00.00 | Mem:0.00M, Peak:0.00M | Scene, ViewLayer | Updating Shaders
Fra:1 Mem:19.47M (Peak 25.83M) | Time:00:00.00 | Mem:0.00M, Peak:0.00M | Scene, ViewLayer | Updating Procedurals
Fra:1 Mem:19.47M (Peak 25.83M) | Time:00:00.00 | Mem:0.00M, Peak:0.00M | Scene, ViewLayer | Updating Background
Fra:1 Mem:19.47M (Peak 25.83M) | Time:00:00.00 | Mem:0.00M, Peak:0.00M | Scene, ViewLayer | Updating Camera
Fra:1 Mem:19.47M (Peak 25.83M) | Time:00:00.00 | Mem:0.00M, Peak:0.00M | Scene, ViewLayer | Updating Meshes Flags
Fra:1 Mem:19.47M (Peak 25.83M) | Time:00:00.00 | Mem:0.00M, Peak:0.00M | Scene, ViewLayer | Updating Objects
Fra:1 Mem:19.47M (Peak 25.83M) | Time:00:00.00 | Mem:0.00M, Peak:0.00M | Scene, ViewLayer | Updating Objects | Copying Transformations to device
Fra:1 Mem:19.47M (Peak 25.83M) | Time:00:00.00 | Mem:0.00M, Peak:0.00M | Scene, ViewLayer | Updating Objects | Applying Static Transformations
Fra:1 Mem:19.47M (Peak 25.83M) | Time:00:00.00 | Mem:0.00M, Peak:0.00M | Scene, ViewLayer | Updating Particle Systems
Fra:1 Mem:19.47M (Peak 25.83M) | Time:00:00.00 | Mem:0.00M, Peak:0.00M | Scene, ViewLayer | Updating Particle Systems | Copying Particles to device
Fra:1 Mem:19.47M (Peak 25.83M) | Time:00:00.00 | Mem:0.00M, Peak:0.00M | Scene, ViewLayer | Updating Meshes
Fra:1 Mem:20.08M (Peak 25.83M) | Time:00:00.00 | Mem:0.00M, Peak:0.00M | Scene, ViewLayer | Updating Mesh | Computing attributes
Fra:1 Mem:20.31M (Peak 25.83M) | Time:00:00.01 | Mem:0.00M, Peak:0.00M | Scene, ViewLayer | Updating Mesh | Copying Attributes to device
Fra:1 Mem:20.31M (Peak 25.83M) | Time:00:00.01 | Mem:0.23M, Peak:0.23M | Scene, ViewLayer | Updating Scene BVH | Building
Fra:1 Mem:20.31M (Peak 25.83M) | Time:00:00.01 | Mem:0.23M, Peak:0.23M | Scene, ViewLayer | Updating Scene BVH | Building BVH
Fra:1 Mem:20.31M (Peak 25.83M) | Time:00:00.01 | Mem:2.92M, Peak:2.92M | Scene, ViewLayer | Updating Scene BVH | Building BVH 0%
Fra:1 Mem:20.31M (Peak 25.83M) | Time:00:00.01 | Mem:3.60M, Peak:5.60M | Scene, ViewLayer | Updating Scene BVH | Copying BVH to device
Fra:1 Mem:20.31M (Peak 25.83M) | Time:00:00.01 | Mem:3.60M, Peak:5.60M | Scene, ViewLayer | Updating Mesh | Computing normals
Fra:1 Mem:22.98M (Peak 25.83M) | Time:00:00.01 | Mem:3.60M, Peak:5.60M | Scene, ViewLayer | Updating Mesh | Copying Mesh to device
Fra:1 Mem:22.98M (Peak 25.83M) | Time:00:00.01 | Mem:6.27M, Peak:6.27M | Scene, ViewLayer | Updating Objects Flags
Fra:1 Mem:22.98M (Peak 25.83M) | Time:00:00.01 | Mem:6.27M, Peak:6.27M | Scene, ViewLayer | Updating Primitive Offsets
Fra:1 Mem:22.98M (Peak 25.83M) | Time:00:00.01 | Mem:6.27M, Peak:6.27M | Scene, ViewLayer | Updating Images
Fra:1 Mem:22.98M (Peak 25.83M) | Time:00:00.01 | Mem:6.27M, Peak:6.27M | Scene, ViewLayer | Updating Camera Volume
Fra:1 Mem:22.98M (Peak 25.83M) | Time:00:00.01 | Mem:6.27M, Peak:6.27M | Scene, ViewLayer | Updating Lookup Tables
Fra:1 Mem:22.98M (Peak 25.83M) | Time:00:00.01 | Mem:6.27M, Peak:6.27M | Scene, ViewLayer | Updating Lights
Fra:1 Mem:22.98M (Peak 25.83M) | Time:00:00.01 | Mem:6.27M, Peak:6.27M | Scene, ViewLayer | Updating Lights | Computing distribution
Fra:1 Mem:22.98M (Peak 25.83M) | Time:00:00.01 | Mem:6.27M, Peak:6.27M | Scene, ViewLayer | Updating Lights | Computing tree
Fra:1 Mem:22.98M (Peak 25.83M) | Time:00:00.01 | Mem:6.27M, Peak:6.27M | Scene, ViewLayer | Updating Integrator
Fra:1 Mem:23.98M (Peak 25.83M) | Time:00:00.01 | Mem:7.27M, Peak:7.27M | Scene, ViewLayer | Updating Film
Fra:1 Mem:23.98M (Peak 25.83M) | Time:00:00.01 | Mem:7.27M, Peak:7.27M | Scene, ViewLayer | Updating Lookup Tables
Fra:1 Mem:23.98M (Peak 25.83M) | Time:00:00.01 | Mem:7.27M, Peak:7.27M | Scene, ViewLayer | Updating Baking
Fra:1 Mem:23.98M (Peak 25.83M) | Time:00:00.01 | Mem:7.27M, Peak:7.27M | Scene, ViewLayer | Updating Device | Writing constant memory
Fra:1 Mem:23.99M (Peak 25.83M) | Time:00:00.01 | Mem:7.27M, Peak:7.27M | Scene, ViewLayer | Sample 0/16
Fra:1 Mem:43.01M (Peak 43.01M) | Time:00:00.04 | Remaining:00:00.36 | Mem:26.27M, Peak:26.27M | Scene, ViewLayer | Sample 1/16
Fra:1 Mem:51.01M (Peak 63.01M) | Time:00:00.68 | Mem:26.27M, Peak:26.27M | Scene, ViewLayer | Sample 16/16
Fra:1 Mem:51.01M (Peak 63.01M) | Time:00:00.68 | Mem:26.27M, Peak:26.27M | Scene, ViewLayer | Finished
Saved: '/root/rivermind-data/actionmesh-repro/outputs/applications-20261002/text-octopus-4d/preview_frames/11.png'
 Time: 00:00.70 (Saving: 00:00.02)

Fra:1 Mem:23.58M (Peak 23.60M) | Time:00:00.00 | Mem:0.00M, Peak:0.00M | Scene, ViewLayer | Synchronizing object | ActionMesh output
Fra:1 Mem:25.83M (Peak 25.83M) | Time:00:00.00 | Mem:0.00M, Peak:0.00M | Scene, ViewLayer | Initializing
Fra:1 Mem:19.47M (Peak 25.83M) | Time:00:00.00 | Mem:0.00M, Peak:0.00M | Scene, ViewLayer | Waiting for render to start
Fra:1 Mem:19.47M (Peak 25.83M) | Time:00:00.00 | Mem:0.00M, Peak:0.00M | Scene, ViewLayer | Loading render kernels (may take a few minutes the first time)
Fra:1 Mem:19.47M (Peak 25.83M) | Time:00:00.00 | Mem:0.00M, Peak:0.00M | Scene, ViewLayer | Updating Scene
Fra:1 Mem:19.47M (Peak 25.83M) | Time:00:00.00 | Mem:0.00M, Peak:0.00M | Scene, ViewLayer | Updating Shaders
Fra:1 Mem:19.47M (Peak 25.83M) | Time:00:00.00 | Mem:0.00M, Peak:0.00M | Scene, ViewLayer | Updating Procedurals
Fra:1 Mem:19.47M (Peak 25.83M) | Time:00:00.00 | Mem:0.00M, Peak:0.00M | Scene, ViewLayer | Updating Background
Fra:1 Mem:19.47M (Peak 25.83M) | Time:00:00.00 | Mem:0.00M, Peak:0.00M | Scene, ViewLayer | Updating Camera
Fra:1 Mem:19.47M (Peak 25.83M) | Time:00:00.00 | Mem:0.00M, Peak:0.00M | Scene, ViewLayer | Updating Meshes Flags
Fra:1 Mem:19.47M (Peak 25.83M) | Time:00:00.00 | Mem:0.00M, Peak:0.00M | Scene, ViewLayer | Updating Objects
Fra:1 Mem:19.47M (Peak 25.83M) | Time:00:00.00 | Mem:0.00M, Peak:0.00M | Scene, ViewLayer | Updating Objects | Copying Transformations to device
Fra:1 Mem:19.47M (Peak 25.83M) | Time:00:00.00 | Mem:0.00M, Peak:0.00M | Scene, ViewLayer | Updating Objects | Applying Static Transformations
Fra:1 Mem:19.47M (Peak 25.83M) | Time:00:00.00 | Mem:0.00M, Peak:0.00M | Scene, ViewLayer | Updating Particle Systems
Fra:1 Mem:19.47M (Peak 25.83M) | Time:00:00.00 | Mem:0.00M, Peak:0.00M | Scene, ViewLayer | Updating Particle Systems | Copying Particles to device
Fra:1 Mem:19.47M (Peak 25.83M) | Time:00:00.00 | Mem:0.00M, Peak:0.00M | Scene, ViewLayer | Updating Meshes
Fra:1 Mem:20.08M (Peak 25.83M) | Time:00:00.00 | Mem:0.00M, Peak:0.00M | Scene, ViewLayer | Updating Mesh | Computing attributes
Fra:1 Mem:20.31M (Peak 25.83M) | Time:00:00.00 | Mem:0.00M, Peak:0.00M | Scene, ViewLayer | Updating Mesh | Copying Attributes to device
Fra:1 Mem:20.31M (Peak 25.83M) | Time:00:00.00 | Mem:0.23M, Peak:0.23M | Scene, ViewLayer | Updating Scene BVH | Building
Fra:1 Mem:20.31M (Peak 25.83M) | Time:00:00.00 | Mem:0.23M, Peak:0.23M | Scene, ViewLayer | Updating Scene BVH | Building BVH
Fra:1 Mem:20.31M (Peak 25.83M) | Time:00:00.00 | Mem:2.92M, Peak:2.92M | Scene, ViewLayer | Updating Scene BVH | Building BVH 0%
Fra:1 Mem:20.31M (Peak 25.83M) | Time:00:00.01 | Mem:3.60M, Peak:5.60M | Scene, ViewLayer | Updating Scene BVH | Copying BVH to device
Fra:1 Mem:20.31M (Peak 25.83M) | Time:00:00.01 | Mem:3.60M, Peak:5.60M | Scene, ViewLayer | Updating Mesh | Computing normals
Fra:1 Mem:22.98M (Peak 25.83M) | Time:00:00.01 | Mem:3.60M, Peak:5.60M | Scene, ViewLayer | Updating Mesh | Copying Mesh to device
Fra:1 Mem:22.98M (Peak 25.83M) | Time:00:00.01 | Mem:6.27M, Peak:6.27M | Scene, ViewLayer | Updating Objects Flags
Fra:1 Mem:22.98M (Peak 25.83M) | Time:00:00.01 | Mem:6.27M, Peak:6.27M | Scene, ViewLayer | Updating Primitive Offsets
Fra:1 Mem:22.98M (Peak 25.83M) | Time:00:00.01 | Mem:6.27M, Peak:6.27M | Scene, ViewLayer | Updating Images
Fra:1 Mem:22.98M (Peak 25.83M) | Time:00:00.01 | Mem:6.27M, Peak:6.27M | Scene, ViewLayer | Updating Camera Volume
Fra:1 Mem:22.98M (Peak 25.83M) | Time:00:00.01 | Mem:6.27M, Peak:6.27M | Scene, ViewLayer | Updating Lookup Tables
Fra:1 Mem:22.98M (Peak 25.83M) | Time:00:00.01 | Mem:6.27M, Peak:6.27M | Scene, ViewLayer | Updating Lights
Fra:1 Mem:22.98M (Peak 25.83M) | Time:00:00.01 | Mem:6.27M, Peak:6.27M | Scene, ViewLayer | Updating Lights | Computing distribution
Fra:1 Mem:22.98M (Peak 25.83M) | Time:00:00.01 | Mem:6.27M, Peak:6.27M | Scene, ViewLayer | Updating Lights | Computing tree
Fra:1 Mem:22.98M (Peak 25.83M) | Time:00:00.01 | Mem:6.27M, Peak:6.27M | Scene, ViewLayer | Updating Integrator
Fra:1 Mem:23.98M (Peak 25.83M) | Time:00:00.01 | Mem:7.27M, Peak:7.27M | Scene, ViewLayer | Updating Film
Fra:1 Mem:23.98M (Peak 25.83M) | Time:00:00.01 | Mem:7.27M, Peak:7.27M | Scene, ViewLayer | Updating Lookup Tables
Fra:1 Mem:23.98M (Peak 25.83M) | Time:00:00.01 | Mem:7.27M, Peak:7.27M | Scene, ViewLayer | Updating Baking
Fra:1 Mem:23.98M (Peak 25.83M) | Time:00:00.01 | Mem:7.27M, Peak:7.27M | Scene, ViewLayer | Updating Device | Writing constant memory
Fra:1 Mem:23.99M (Peak 25.83M) | Time:00:00.01 | Mem:7.27M, Peak:7.27M | Scene, ViewLayer | Sample 0/16
Fra:1 Mem:43.01M (Peak 43.01M) | Time:00:00.03 | Remaining:00:00.37 | Mem:26.27M, Peak:26.27M | Scene, ViewLayer | Sample 1/16
Fra:1 Mem:51.01M (Peak 63.01M) | Time:00:00.65 | Mem:26.27M, Peak:26.27M | Scene, ViewLayer | Sample 16/16
Fra:1 Mem:51.01M (Peak 63.01M) | Time:00:00.65 | Mem:26.27M, Peak:26.27M | Scene, ViewLayer | Finished
Saved: '/root/rivermind-data/actionmesh-repro/outputs/applications-20261002/text-octopus-4d/preview_frames/12.png'
 Time: 00:00.68 (Saving: 00:00.02)

Fra:1 Mem:23.58M (Peak 23.60M) | Time:00:00.00 | Mem:0.00M, Peak:0.00M | Scene, ViewLayer | Synchronizing object | ActionMesh output
Fra:1 Mem:25.83M (Peak 25.83M) | Time:00:00.00 | Mem:0.00M, Peak:0.00M | Scene, ViewLayer | Initializing
Fra:1 Mem:19.47M (Peak 25.83M) | Time:00:00.00 | Mem:0.00M, Peak:0.00M | Scene, ViewLayer | Waiting for render to start
Fra:1 Mem:19.47M (Peak 25.83M) | Time:00:00.00 | Mem:0.00M, Peak:0.00M | Scene, ViewLayer | Loading render kernels (may take a few minutes the first time)
Fra:1 Mem:19.47M (Peak 25.83M) | Time:00:00.00 | Mem:0.00M, Peak:0.00M | Scene, ViewLayer | Updating Scene
Fra:1 Mem:19.47M (Peak 25.83M) | Time:00:00.00 | Mem:0.00M, Peak:0.00M | Scene, ViewLayer | Updating Shaders
Fra:1 Mem:19.47M (Peak 25.83M) | Time:00:00.00 | Mem:0.00M, Peak:0.00M | Scene, ViewLayer | Updating Procedurals
Fra:1 Mem:19.47M (Peak 25.83M) | Time:00:00.00 | Mem:0.00M, Peak:0.00M | Scene, ViewLayer | Updating Background
Fra:1 Mem:19.47M (Peak 25.83M) | Time:00:00.00 | Mem:0.00M, Peak:0.00M | Scene, ViewLayer | Updating Camera
Fra:1 Mem:19.47M (Peak 25.83M) | Time:00:00.00 | Mem:0.00M, Peak:0.00M | Scene, ViewLayer | Updating Meshes Flags
Fra:1 Mem:19.47M (Peak 25.83M) | Time:00:00.00 | Mem:0.00M, Peak:0.00M | Scene, ViewLayer | Updating Objects
Fra:1 Mem:19.47M (Peak 25.83M) | Time:00:00.00 | Mem:0.00M, Peak:0.00M | Scene, ViewLayer | Updating Objects | Copying Transformations to device
Fra:1 Mem:19.47M (Peak 25.83M) | Time:00:00.00 | Mem:0.00M, Peak:0.00M | Scene, ViewLayer | Updating Objects | Applying Static Transformations
Fra:1 Mem:19.47M (Peak 25.83M) | Time:00:00.00 | Mem:0.00M, Peak:0.00M | Scene, ViewLayer | Updating Particle Systems
Fra:1 Mem:19.47M (Peak 25.83M) | Time:00:00.00 | Mem:0.00M, Peak:0.00M | Scene, ViewLayer | Updating Particle Systems | Copying Particles to device
Fra:1 Mem:19.47M (Peak 25.83M) | Time:00:00.00 | Mem:0.00M, Peak:0.00M | Scene, ViewLayer | Updating Meshes
Fra:1 Mem:20.08M (Peak 25.83M) | Time:00:00.00 | Mem:0.00M, Peak:0.00M | Scene, ViewLayer | Updating Mesh | Computing attributes
Fra:1 Mem:20.31M (Peak 25.83M) | Time:00:00.00 | Mem:0.00M, Peak:0.00M | Scene, ViewLayer | Updating Mesh | Copying Attributes to device
Fra:1 Mem:20.31M (Peak 25.83M) | Time:00:00.00 | Mem:0.23M, Peak:0.23M | Scene, ViewLayer | Updating Scene BVH | Building
Fra:1 Mem:20.31M (Peak 25.83M) | Time:00:00.00 | Mem:0.23M, Peak:0.23M | Scene, ViewLayer | Updating Scene BVH | Building BVH
Fra:1 Mem:20.31M (Peak 25.83M) | Time:00:00.00 | Mem:2.92M, Peak:2.92M | Scene, ViewLayer | Updating Scene BVH | Building BVH 0%
Fra:1 Mem:20.31M (Peak 25.83M) | Time:00:00.01 | Mem:3.60M, Peak:5.60M | Scene, ViewLayer | Updating Scene BVH | Copying BVH to device
Fra:1 Mem:20.31M (Peak 25.83M) | Time:00:00.01 | Mem:3.60M, Peak:5.60M | Scene, ViewLayer | Updating Mesh | Computing normals
Fra:1 Mem:22.98M (Peak 25.83M) | Time:00:00.01 | Mem:3.60M, Peak:5.60M | Scene, ViewLayer | Updating Mesh | Copying Mesh to device
Fra:1 Mem:22.98M (Peak 25.83M) | Time:00:00.01 | Mem:6.27M, Peak:6.27M | Scene, ViewLayer | Updating Objects Flags
Fra:1 Mem:22.98M (Peak 25.83M) | Time:00:00.01 | Mem:6.27M, Peak:6.27M | Scene, ViewLayer | Updating Primitive Offsets
Fra:1 Mem:22.98M (Peak 25.83M) | Time:00:00.01 | Mem:6.27M, Peak:6.27M | Scene, ViewLayer | Updating Images
Fra:1 Mem:22.98M (Peak 25.83M) | Time:00:00.01 | Mem:6.27M, Peak:6.27M | Scene, ViewLayer | Updating Camera Volume
Fra:1 Mem:22.98M (Peak 25.83M) | Time:00:00.01 | Mem:6.27M, Peak:6.27M | Scene, ViewLayer | Updating Lookup Tables
Fra:1 Mem:22.98M (Peak 25.83M) | Time:00:00.01 | Mem:6.27M, Peak:6.27M | Scene, ViewLayer | Updating Lights
Fra:1 Mem:22.98M (Peak 25.83M) | Time:00:00.01 | Mem:6.27M, Peak:6.27M | Scene, ViewLayer | Updating Lights | Computing distribution
Fra:1 Mem:22.98M (Peak 25.83M) | Time:00:00.01 | Mem:6.27M, Peak:6.27M | Scene, ViewLayer | Updating Lights | Computing tree
Fra:1 Mem:22.98M (Peak 25.83M) | Time:00:00.01 | Mem:6.27M, Peak:6.27M | Scene, ViewLayer | Updating Integrator
Fra:1 Mem:23.98M (Peak 25.83M) | Time:00:00.01 | Mem:7.27M, Peak:7.27M | Scene, ViewLayer | Updating Film
Fra:1 Mem:23.98M (Peak 25.83M) | Time:00:00.01 | Mem:7.27M, Peak:7.27M | Scene, ViewLayer | Updating Lookup Tables
Fra:1 Mem:23.98M (Peak 25.83M) | Time:00:00.01 | Mem:7.27M, Peak:7.27M | Scene, ViewLayer | Updating Baking
Fra:1 Mem:23.98M (Peak 25.83M) | Time:00:00.01 | Mem:7.27M, Peak:7.27M | Scene, ViewLayer | Updating Device | Writing constant memory
Fra:1 Mem:23.99M (Peak 25.83M) | Time:00:00.01 | Mem:7.27M, Peak:7.27M | Scene, ViewLayer | Sample 0/16
Fra:1 Mem:43.01M (Peak 43.01M) | Time:00:00.04 | Remaining:00:00.37 | Mem:26.27M, Peak:26.27M | Scene, ViewLayer | Sample 1/16
Fra:1 Mem:51.01M (Peak 63.01M) | Time:00:00.67 | Mem:26.27M, Peak:26.27M | Scene, ViewLayer | Sample 16/16
Fra:1 Mem:51.01M (Peak 63.01M) | Time:00:00.67 | Mem:26.27M, Peak:26.27M | Scene, ViewLayer | Finished
Saved: '/root/rivermind-data/actionmesh-repro/outputs/applications-20261002/text-octopus-4d/preview_frames/13.png'
 Time: 00:00.70 (Saving: 00:00.02)

Fra:1 Mem:23.58M (Peak 23.58M) | Time:00:00.00 | Mem:0.00M, Peak:0.00M | Scene, ViewLayer | Synchronizing object | ActionMesh output
Fra:1 Mem:25.83M (Peak 25.83M) | Time:00:00.01 | Mem:0.00M, Peak:0.00M | Scene, ViewLayer | Initializing
Fra:1 Mem:19.47M (Peak 25.83M) | Time:00:00.01 | Mem:0.00M, Peak:0.00M | Scene, ViewLayer | Waiting for render to start
Fra:1 Mem:19.47M (Peak 25.83M) | Time:00:00.01 | Mem:0.00M, Peak:0.00M | Scene, ViewLayer | Loading render kernels (may take a few minutes the first time)
Fra:1 Mem:19.47M (Peak 25.83M) | Time:00:00.01 | Mem:0.00M, Peak:0.00M | Scene, ViewLayer | Updating Scene
Fra:1 Mem:19.47M (Peak 25.83M) | Time:00:00.01 | Mem:0.00M, Peak:0.00M | Scene, ViewLayer | Updating Shaders
Fra:1 Mem:19.47M (Peak 25.83M) | Time:00:00.01 | Mem:0.00M, Peak:0.00M | Scene, ViewLayer | Updating Procedurals
Fra:1 Mem:19.47M (Peak 25.83M) | Time:00:00.01 | Mem:0.00M, Peak:0.00M | Scene, ViewLayer | Updating Background
Fra:1 Mem:19.47M (Peak 25.83M) | Time:00:00.01 | Mem:0.00M, Peak:0.00M | Scene, ViewLayer | Updating Camera
Fra:1 Mem:19.47M (Peak 25.83M) | Time:00:00.01 | Mem:0.00M, Peak:0.00M | Scene, ViewLayer | Updating Meshes Flags
Fra:1 Mem:19.47M (Peak 25.83M) | Time:00:00.01 | Mem:0.00M, Peak:0.00M | Scene, ViewLayer | Updating Objects
Fra:1 Mem:19.47M (Peak 25.83M) | Time:00:00.01 | Mem:0.00M, Peak:0.00M | Scene, ViewLayer | Updating Objects | Copying Transformations to device
Fra:1 Mem:19.47M (Peak 25.83M) | Time:00:00.01 | Mem:0.00M, Peak:0.00M | Scene, ViewLayer | Updating Objects | Applying Static Transformations
Fra:1 Mem:19.47M (Peak 25.83M) | Time:00:00.01 | Mem:0.00M, Peak:0.00M | Scene, ViewLayer | Updating Particle Systems
Fra:1 Mem:19.47M (Peak 25.83M) | Time:00:00.01 | Mem:0.00M, Peak:0.00M | Scene, ViewLayer | Updating Particle Systems | Copying Particles to device
Fra:1 Mem:19.47M (Peak 25.83M) | Time:00:00.01 | Mem:0.00M, Peak:0.00M | Scene, ViewLayer | Updating Meshes
Fra:1 Mem:20.08M (Peak 25.83M) | Time:00:00.01 | Mem:0.00M, Peak:0.00M | Scene, ViewLayer | Updating Mesh | Computing attributes
Fra:1 Mem:20.31M (Peak 25.83M) | Time:00:00.01 | Mem:0.00M, Peak:0.00M | Scene, ViewLayer | Updating Mesh | Copying Attributes to device
Fra:1 Mem:20.31M (Peak 25.83M) | Time:00:00.01 | Mem:0.23M, Peak:0.23M | Scene, ViewLayer | Updating Scene BVH | Building
Fra:1 Mem:20.31M (Peak 25.83M) | Time:00:00.01 | Mem:0.23M, Peak:0.23M | Scene, ViewLayer | Updating Scene BVH | Building BVH
Fra:1 Mem:20.31M (Peak 25.83M) | Time:00:00.01 | Mem:2.92M, Peak:2.92M | Scene, ViewLayer | Updating Scene BVH | Building BVH 0%
Fra:1 Mem:20.31M (Peak 25.83M) | Time:00:00.01 | Mem:3.60M, Peak:5.60M | Scene, ViewLayer | Updating Scene BVH | Copying BVH to device
Fra:1 Mem:20.31M (Peak 25.83M) | Time:00:00.01 | Mem:3.60M, Peak:5.60M | Scene, ViewLayer | Updating Mesh | Computing normals
Fra:1 Mem:22.98M (Peak 25.83M) | Time:00:00.01 | Mem:3.60M, Peak:5.60M | Scene, ViewLayer | Updating Mesh | Copying Mesh to device
Fra:1 Mem:22.98M (Peak 25.83M) | Time:00:00.01 | Mem:6.27M, Peak:6.27M | Scene, ViewLayer | Updating Objects Flags
Fra:1 Mem:22.98M (Peak 25.83M) | Time:00:00.01 | Mem:6.27M, Peak:6.27M | Scene, ViewLayer | Updating Primitive Offsets
Fra:1 Mem:22.98M (Peak 25.83M) | Time:00:00.01 | Mem:6.27M, Peak:6.27M | Scene, ViewLayer | Updating Images
Fra:1 Mem:22.98M (Peak 25.83M) | Time:00:00.01 | Mem:6.27M, Peak:6.27M | Scene, ViewLayer | Updating Camera Volume
Fra:1 Mem:22.98M (Peak 25.83M) | Time:00:00.01 | Mem:6.27M, Peak:6.27M | Scene, ViewLayer | Updating Lookup Tables
Fra:1 Mem:22.98M (Peak 25.83M) | Time:00:00.01 | Mem:6.27M, Peak:6.27M | Scene, ViewLayer | Updating Lights
Fra:1 Mem:22.98M (Peak 25.83M) | Time:00:00.02 | Mem:6.27M, Peak:6.27M | Scene, ViewLayer | Updating Lights | Computing distribution
Fra:1 Mem:22.98M (Peak 25.83M) | Time:00:00.02 | Mem:6.27M, Peak:6.27M | Scene, ViewLayer | Updating Lights | Computing tree
Fra:1 Mem:22.98M (Peak 25.83M) | Time:00:00.02 | Mem:6.27M, Peak:6.27M | Scene, ViewLayer | Updating Integrator
Fra:1 Mem:23.98M (Peak 25.83M) | Time:00:00.02 | Mem:7.27M, Peak:7.27M | Scene, ViewLayer | Updating Film
Fra:1 Mem:23.98M (Peak 25.83M) | Time:00:00.02 | Mem:7.27M, Peak:7.27M | Scene, ViewLayer | Updating Lookup Tables
Fra:1 Mem:23.98M (Peak 25.83M) | Time:00:00.02 | Mem:7.27M, Peak:7.27M | Scene, ViewLayer | Updating Baking
Fra:1 Mem:23.98M (Peak 25.83M) | Time:00:00.02 | Mem:7.27M, Peak:7.27M | Scene, ViewLayer | Updating Device | Writing constant memory
Fra:1 Mem:23.99M (Peak 25.83M) | Time:00:00.02 | Mem:7.27M, Peak:7.27M | Scene, ViewLayer | Sample 0/16
Fra:1 Mem:43.01M (Peak 43.01M) | Time:00:00.04 | Remaining:00:00.37 | Mem:26.27M, Peak:26.27M | Scene, ViewLayer | Sample 1/16
Fra:1 Mem:51.01M (Peak 63.01M) | Time:00:00.67 | Mem:26.27M, Peak:26.27M | Scene, ViewLayer | Sample 16/16
Fra:1 Mem:51.01M (Peak 63.01M) | Time:00:00.67 | Mem:26.27M, Peak:26.27M | Scene, ViewLayer | Finished
Saved: '/root/rivermind-data/actionmesh-repro/outputs/applications-20261002/text-octopus-4d/preview_frames/14.png'
 Time: 00:00.69 (Saving: 00:00.02)

Fra:1 Mem:23.58M (Peak 23.60M) | Time:00:00.00 | Mem:0.00M, Peak:0.00M | Scene, ViewLayer | Synchronizing object | ActionMesh output
Fra:1 Mem:25.83M (Peak 25.83M) | Time:00:00.00 | Mem:0.00M, Peak:0.00M | Scene, ViewLayer | Initializing
Fra:1 Mem:19.47M (Peak 25.83M) | Time:00:00.00 | Mem:0.00M, Peak:0.00M | Scene, ViewLayer | Waiting for render to start
Fra:1 Mem:19.47M (Peak 25.83M) | Time:00:00.00 | Mem:0.00M, Peak:0.00M | Scene, ViewLayer | Loading render kernels (may take a few minutes the first time)
Fra:1 Mem:19.47M (Peak 25.83M) | Time:00:00.00 | Mem:0.00M, Peak:0.00M | Scene, ViewLayer | Updating Scene
Fra:1 Mem:19.47M (Peak 25.83M) | Time:00:00.00 | Mem:0.00M, Peak:0.00M | Scene, ViewLayer | Updating Shaders
Fra:1 Mem:19.47M (Peak 25.83M) | Time:00:00.00 | Mem:0.00M, Peak:0.00M | Scene, ViewLayer | Updating Procedurals
Fra:1 Mem:19.47M (Peak 25.83M) | Time:00:00.00 | Mem:0.00M, Peak:0.00M | Scene, ViewLayer | Updating Background
Fra:1 Mem:19.47M (Peak 25.83M) | Time:00:00.00 | Mem:0.00M, Peak:0.00M | Scene, ViewLayer | Updating Camera
Fra:1 Mem:19.47M (Peak 25.83M) | Time:00:00.00 | Mem:0.00M, Peak:0.00M | Scene, ViewLayer | Updating Meshes Flags
Fra:1 Mem:19.47M (Peak 25.83M) | Time:00:00.00 | Mem:0.00M, Peak:0.00M | Scene, ViewLayer | Updating Objects
Fra:1 Mem:19.47M (Peak 25.83M) | Time:00:00.00 | Mem:0.00M, Peak:0.00M | Scene, ViewLayer | Updating Objects | Copying Transformations to device
Fra:1 Mem:19.47M (Peak 25.83M) | Time:00:00.00 | Mem:0.00M, Peak:0.00M | Scene, ViewLayer | Updating Objects | Applying Static Transformations
Fra:1 Mem:19.47M (Peak 25.83M) | Time:00:00.00 | Mem:0.00M, Peak:0.00M | Scene, ViewLayer | Updating Particle Systems
Fra:1 Mem:19.47M (Peak 25.83M) | Time:00:00.00 | Mem:0.00M, Peak:0.00M | Scene, ViewLayer | Updating Particle Systems | Copying Particles to device
Fra:1 Mem:19.47M (Peak 25.83M) | Time:00:00.00 | Mem:0.00M, Peak:0.00M | Scene, ViewLayer | Updating Meshes
Fra:1 Mem:20.08M (Peak 25.83M) | Time:00:00.00 | Mem:0.00M, Peak:0.00M | Scene, ViewLayer | Updating Mesh | Computing attributes
Fra:1 Mem:20.31M (Peak 25.83M) | Time:00:00.01 | Mem:0.00M, Peak:0.00M | Scene, ViewLayer | Updating Mesh | Copying Attributes to device
Fra:1 Mem:20.31M (Peak 25.83M) | Time:00:00.01 | Mem:0.23M, Peak:0.23M | Scene, ViewLayer | Updating Scene BVH | Building
Fra:1 Mem:20.31M (Peak 25.83M) | Time:00:00.01 | Mem:0.23M, Peak:0.23M | Scene, ViewLayer | Updating Scene BVH | Building BVH
Fra:1 Mem:20.31M (Peak 25.83M) | Time:00:00.01 | Mem:2.92M, Peak:2.92M | Scene, ViewLayer | Updating Scene BVH | Building BVH 0%
Fra:1 Mem:20.31M (Peak 25.83M) | Time:00:00.01 | Mem:3.60M, Peak:5.60M | Scene, ViewLayer | Updating Scene BVH | Copying BVH to device
Fra:1 Mem:20.31M (Peak 25.83M) | Time:00:00.01 | Mem:3.60M, Peak:5.60M | Scene, ViewLayer | Updating Mesh | Computing normals
Fra:1 Mem:22.98M (Peak 25.83M) | Time:00:00.01 | Mem:3.60M, Peak:5.60M | Scene, ViewLayer | Updating Mesh | Copying Mesh to device
Fra:1 Mem:22.98M (Peak 25.83M) | Time:00:00.01 | Mem:6.27M, Peak:6.27M | Scene, ViewLayer | Updating Objects Flags
Fra:1 Mem:22.98M (Peak 25.83M) | Time:00:00.01 | Mem:6.27M, Peak:6.27M | Scene, ViewLayer | Updating Primitive Offsets
Fra:1 Mem:22.98M (Peak 25.83M) | Time:00:00.01 | Mem:6.27M, Peak:6.27M | Scene, ViewLayer | Updating Images
Fra:1 Mem:22.98M (Peak 25.83M) | Time:00:00.01 | Mem:6.27M, Peak:6.27M | Scene, ViewLayer | Updating Camera Volume
Fra:1 Mem:22.98M (Peak 25.83M) | Time:00:00.01 | Mem:6.27M, Peak:6.27M | Scene, ViewLayer | Updating Lookup Tables
Fra:1 Mem:22.98M (Peak 25.83M) | Time:00:00.01 | Mem:6.27M, Peak:6.27M | Scene, ViewLayer | Updating Lights
Fra:1 Mem:22.98M (Peak 25.83M) | Time:00:00.01 | Mem:6.27M, Peak:6.27M | Scene, ViewLayer | Updating Lights | Computing distribution
Fra:1 Mem:22.98M (Peak 25.83M) | Time:00:00.01 | Mem:6.27M, Peak:6.27M | Scene, ViewLayer | Updating Lights | Computing tree
Fra:1 Mem:22.98M (Peak 25.83M) | Time:00:00.01 | Mem:6.27M, Peak:6.27M | Scene, ViewLayer | Updating Integrator
Fra:1 Mem:23.98M (Peak 25.83M) | Time:00:00.01 | Mem:7.27M, Peak:7.27M | Scene, ViewLayer | Updating Film
Fra:1 Mem:23.98M (Peak 25.83M) | Time:00:00.01 | Mem:7.27M, Peak:7.27M | Scene, ViewLayer | Updating Lookup Tables
Fra:1 Mem:23.98M (Peak 25.83M) | Time:00:00.01 | Mem:7.27M, Peak:7.27M | Scene, ViewLayer | Updating Baking
Fra:1 Mem:23.98M (Peak 25.83M) | Time:00:00.01 | Mem:7.27M, Peak:7.27M | Scene, ViewLayer | Updating Device | Writing constant memory
Fra:1 Mem:23.99M (Peak 25.83M) | Time:00:00.01 | Mem:7.27M, Peak:7.27M | Scene, ViewLayer | Sample 0/16
Fra:1 Mem:43.01M (Peak 43.01M) | Time:00:00.04 | Remaining:00:00.40 | Mem:26.27M, Peak:26.27M | Scene, ViewLayer | Sample 1/16
Fra:1 Mem:51.01M (Peak 63.01M) | Time:00:00.67 | Mem:26.27M, Peak:26.27M | Scene, ViewLayer | Sample 16/16
Fra:1 Mem:51.01M (Peak 63.01M) | Time:00:00.67 | Mem:26.27M, Peak:26.27M | Scene, ViewLayer | Finished
Saved: '/root/rivermind-data/actionmesh-repro/outputs/applications-20261002/text-octopus-4d/preview_frames/15.png'
 Time: 00:00.69 (Saving: 00:00.02)

PREVIEW_FRAMES_COMPLETE 16

Blender quit
